2025-08-11 22:28:43,088 [INFO] Activator:176 - 


2025-08-11 22:28:43,088 [INFO] Activator:177 - !SESSION log4j initialized
2025-08-11 22:28:45,278 [INFO] LogOutputStream:77 - [STDOUT_REDIRECT] 
2025-08-11 22:28:46,905 [INFO] ApplicationProperties:184 - Using Application install path: C:\ST\STM32CubeIDE_1.19.0\STM32CubeIDE\plugins\com.st.stm32cube.common.mx_6.15.0.202507011659
2025-08-11 22:28:46,921 [INFO] DbMcusXml:78 - Set database path to: C:\ST\STM32CubeIDE_1.19.0\STM32CubeIDE\plugins\com.st.stm32cube.common.mx_6.15.0.202507011659\\db\/mcu/
2025-08-11 22:28:46,922 [INFO] ApiDb:274 - Set plugin database path to: C:\ST\STM32CubeIDE_1.19.0\STM32CubeIDE\plugins\com.st.stm32cube.common.mx_6.15.0.202507011659\\db\/plugins/boardmanager/
2025-08-11 22:28:46,922 [WARN] ApiDb:259 - Overriding images path with different value:  => C:\ST\STM32CubeIDE_1.19.0\STM32CubeIDE\plugins\com.st.stm32cube.common.mx_6.15.0.202507011659\\db\/plugins/mcufinder/images/
2025-08-11 22:28:46,928 [INFO] ApiDb:250 - Set database path to: C:\Users\Harshil\.stmcufinder\plugins\mcufinder//mcu/
2025-08-11 22:28:46,929 [INFO] DbMcusAds:125 - Set database path to: C:\Users\Harshil\.stmcufinder\plugins\mcufinder//mcu/
2025-08-11 22:28:46,931 [INFO] CrossReferenceDbSqlite:203 - Set database path to: C:\Users\Harshil\.stmcufinder\plugins\mcufinder//mcu/cs/
2025-08-11 22:28:47,027 [INFO] RulesReader:64 - Compatibility file has been processed (317 Rules)
2025-08-11 22:28:47,085 [INFO] DbMcusXml:78 - Set database path to: C:\ST\STM32CubeIDE_1.19.0\STM32CubeIDE\plugins\com.st.stm32cube.common.mx_6.15.0.202507011659\\db\/mcu/
2025-08-11 22:28:47,085 [INFO] ApiDb:274 - Set plugin database path to: C:\ST\STM32CubeIDE_1.19.0\STM32CubeIDE\plugins\com.st.stm32cube.common.mx_6.15.0.202507011659\\db\/plugins/boardmanager/
2025-08-11 22:28:47,085 [INFO] ApiDb:261 - Set plugin images path to: C:\ST\STM32CubeIDE_1.19.0\STM32CubeIDE\plugins\com.st.stm32cube.common.mx_6.15.0.202507011659\\db\/plugins/mcufinder/images/
2025-08-11 22:28:47,085 [WARN] DbFile:41 - Overriding database path with different value: C:\Users\Harshil\.stmcufinder\plugins\mcufinder/ => C:\Users\Harshil\.stmcufinder\plugins\mcufinder
2025-08-11 22:28:47,086 [INFO] ApiDb:250 - Set database path to: C:\Users\Harshil\.stmcufinder\plugins\mcufinder//mcu/
2025-08-11 22:28:47,086 [WARN] DbFile:41 - Overriding database path with different value: C:\Users\Harshil\.stmcufinder\plugins\mcufinder/ => C:\Users\Harshil\.stmcufinder\plugins\mcufinder
2025-08-11 22:28:47,086 [INFO] DbMcusAds:125 - Set database path to: C:\Users\Harshil\.stmcufinder\plugins\mcufinder//mcu/
2025-08-11 22:28:47,086 [WARN] DbFile:41 - Overriding database path with different value: C:\Users\Harshil\.stmcufinder\plugins\mcufinder/ => C:\Users\Harshil\.stmcufinder\plugins\mcufinder
2025-08-11 22:28:47,086 [WARN] DbFile:41 - Overriding database path with different value: C:\Users\Harshil\.stmcufinder\plugins\mcufinder/ => C:\Users\Harshil\.stmcufinder\plugins\mcufinder
2025-08-11 22:28:47,086 [INFO] CrossReferenceDbSqlite:203 - Set database path to: C:\Users\Harshil\.stmcufinder\plugins\mcufinder//mcu/cs/
2025-08-11 22:28:47,151 [INFO] MainPanel:274 - HeapMemory: 268435456
2025-08-11 22:28:47,217 [INFO] DbMcusXml:78 - Set database path to: C:\ST\STM32CubeIDE_1.19.0\STM32CubeIDE\plugins\com.st.stm32cube.common.mx_6.15.0.202507011659\\db\/mcu/
2025-08-11 22:28:47,217 [INFO] ApiDb:274 - Set plugin database path to: C:\ST\STM32CubeIDE_1.19.0\STM32CubeIDE\plugins\com.st.stm32cube.common.mx_6.15.0.202507011659\\db\/plugins/boardmanager/
2025-08-11 22:28:47,217 [INFO] ApiDb:261 - Set plugin images path to: C:\ST\STM32CubeIDE_1.19.0\STM32CubeIDE\plugins\com.st.stm32cube.common.mx_6.15.0.202507011659\\db\/plugins/mcufinder/images/
2025-08-11 22:28:47,217 [WARN] DbFile:41 - Overriding database path with different value: C:\Users\Harshil\.stmcufinder\plugins\mcufinder/ => C:\Users\Harshil\.stmcufinder\plugins\mcufinder
2025-08-11 22:28:47,217 [INFO] ApiDb:250 - Set database path to: C:\Users\Harshil\.stmcufinder\plugins\mcufinder//mcu/
2025-08-11 22:28:47,217 [WARN] DbFile:41 - Overriding database path with different value: C:\Users\Harshil\.stmcufinder\plugins\mcufinder/ => C:\Users\Harshil\.stmcufinder\plugins\mcufinder
2025-08-11 22:28:47,217 [INFO] DbMcusAds:125 - Set database path to: C:\Users\Harshil\.stmcufinder\plugins\mcufinder//mcu/
2025-08-11 22:28:47,217 [WARN] DbFile:41 - Overriding database path with different value: C:\Users\Harshil\.stmcufinder\plugins\mcufinder/ => C:\Users\Harshil\.stmcufinder\plugins\mcufinder
2025-08-11 22:28:47,218 [WARN] DbFile:41 - Overriding database path with different value: C:\Users\Harshil\.stmcufinder\plugins\mcufinder/ => C:\Users\Harshil\.stmcufinder\plugins\mcufinder
2025-08-11 22:28:47,218 [INFO] CrossReferenceDbSqlite:203 - Set database path to: C:\Users\Harshil\.stmcufinder\plugins\mcufinder//mcu/cs/
2025-08-11 22:28:47,235 [INFO] ApplicationProperties:184 - Using Application install path: C:\ST\STM32CubeIDE_1.19.0\STM32CubeIDE\plugins\com.st.stm32cube.common.mx_6.15.0.202507011659
2025-08-11 22:28:47,236 [INFO] PluginManage:196 - Search for loadable plugins [exclusion list=, ]
2025-08-11 22:28:47,236 [INFO] PluginManage:310 - Check plugin analytics
2025-08-11 22:28:47,416 [INFO] AnalyticsPlugin:253 - Accepted Software Licenses: 
2025-08-11 22:28:47,416 [INFO] AnalyticsPlugin:255 - Accepted CMSIS Pack Licenses: 
2025-08-11 22:28:47,417 [INFO] AnalyticsPlugin:257 - Accepted Firmware Licenses: 
2025-08-11 22:28:47,419 [INFO] PluginManage:359 - Loaded plugin analytics (category:tool,tabindex:-1)
2025-08-11 22:28:47,419 [INFO] PluginManage:310 - Check plugin cadmodel
2025-08-11 22:28:47,423 [INFO] CADModel:105 - Init CAD model plugin
2025-08-11 22:28:47,423 [INFO] PluginManage:359 - Loaded plugin cadmodel (category:power,tabindex:5)
2025-08-11 22:28:47,423 [INFO] PluginManage:310 - Check plugin clock
2025-08-11 22:28:47,430 [INFO] PluginManage:359 - Loaded plugin clock (category:base,tabindex:2)
2025-08-11 22:28:47,430 [INFO] PluginManage:310 - Check plugin ddr
2025-08-11 22:28:47,432 [INFO] PluginManage:359 - Loaded plugin ddr (category:tool,tabindex:6)
2025-08-11 22:28:47,432 [INFO] PluginManage:310 - Check plugin filemanager
2025-08-11 22:28:47,581 [INFO] PluginManage:359 - Loaded plugin filemanager (category:base,tabindex:10)
2025-08-11 22:28:47,581 [INFO] PluginManage:310 - Check plugin ipmanager
2025-08-11 22:28:47,587 [INFO] PluginManage:359 - Loaded plugin ipmanager (category:base,tabindex:5)
2025-08-11 22:28:47,587 [INFO] PluginManage:310 - Check plugin lpbam
2025-08-11 22:28:47,605 [INFO] PluginManage:359 - Loaded plugin lpbam (category:base,tabindex:0)
2025-08-11 22:28:47,605 [INFO] PluginManage:310 - Check plugin memorymap
2025-08-11 22:28:47,620 [INFO] PluginManage:359 - Loaded plugin memorymap (category:base,tabindex:4)
2025-08-11 22:28:47,620 [INFO] PluginManage:310 - Check plugin pinoutandconfiguration
2025-08-11 22:28:47,627 [INFO] PluginManage:359 - Loaded plugin pinoutandconfiguration (category:base,tabindex:1)
2025-08-11 22:28:47,627 [INFO] PluginManage:310 - Check plugin pinoutconfig
2025-08-11 22:28:47,693 [WARN] SupportedApi:132 - Cannot load RTOS API schema: s4s-elt-must-match.1: The content of 'definitions' must match (annotation?, (simpleType | complexType)?, (unique | key | keyref)*)). A problem was found starting at: attribute.
2025-08-11 22:28:47,855 [INFO] PluginManage:359 - Loaded plugin pinoutconfig (category:base,tabindex:0)
2025-08-11 22:28:47,856 [INFO] PluginManage:310 - Check plugin power
2025-08-11 22:28:47,864 [INFO] PluginManage:359 - Loaded plugin power (category:power,tabindex:4)
2025-08-11 22:28:47,864 [INFO] PluginManage:310 - Check plugin projectmanager
2025-08-11 22:28:47,877 [INFO] PluginManage:359 - Loaded plugin projectmanager (category:projectmanager,tabindex:4)
2025-08-11 22:28:47,877 [INFO] PluginManage:310 - Check plugin rif
2025-08-11 22:28:47,889 [INFO] PluginManage:359 - Loaded plugin rif (category:base,tabindex:3)
2025-08-11 22:28:47,889 [INFO] PluginManage:310 - Check plugin thirdparty
2025-08-11 22:28:47,997 [INFO] PluginManage:359 - Loaded plugin thirdparty (category:base,tabindex:-1)
2025-08-11 22:28:47,997 [WARN] IntegrityCheckThread:84 - waiting for thirdparty lock release [integrity check]
2025-08-11 22:28:47,997 [INFO] PluginManage:310 - Check plugin tools
2025-08-11 22:28:47,997 [INFO] IntegrityCheckThread:86 - entering critical section [integrity check]
2025-08-11 22:28:47,997 [INFO] ThirdPartyUpdaterWithRetryManager:70 - Updater plugin not ready yet. [1/15]
2025-08-11 22:28:48,001 [INFO] PluginManage:359 - Loaded plugin tools (category:base,tabindex:7)
2025-08-11 22:28:48,002 [INFO] PluginManage:310 - Check plugin tutovideos
2025-08-11 22:28:48,155 [INFO] PluginManage:359 - Loaded plugin tutovideos (category:base,tabindex:-1)
2025-08-11 22:28:48,155 [INFO] PluginManage:310 - Check plugin updater
2025-08-11 22:28:48,175 [INFO] PluginManage:359 - Loaded plugin updater (category:base,tabindex:12)
2025-08-11 22:28:48,175 [INFO] PluginManage:310 - Check plugin userauth
2025-08-11 22:28:48,178 [INFO] UserAuth:118 - Init User Auth plugin
2025-08-11 22:28:48,179 [INFO] PluginManage:359 - Loaded plugin userauth (category:base,tabindex:14)
2025-08-11 22:28:48,179 [INFO] PluginManage:283 - PluginManage : Loaded plugins [18]
2025-08-11 22:28:48,352 [INFO] PinOutPanel:1589 - setPackage(No Configuration,No Configuration)
2025-08-11 22:28:48,422 [INFO] CADModel:165 - CPN selected for project level
2025-08-11 22:28:48,422 [INFO] CADModel:114 - Register for checkConnection events
2025-08-11 22:28:48,437 [INFO] IPUIPlugin:80 - create IPUIPlugin
2025-08-11 22:28:48,437 [INFO] PluginManager:220 - loadIPPluginJar : add adc
2025-08-11 22:28:48,439 [INFO] IPUIPlugin:80 - create IPUIPlugin
2025-08-11 22:28:48,439 [INFO] PluginManager:220 - loadIPPluginJar : add aes
2025-08-11 22:28:48,441 [INFO] IPUIPlugin:80 - create IPUIPlugin
2025-08-11 22:28:48,441 [INFO] PluginManager:220 - loadIPPluginJar : add can
2025-08-11 22:28:48,443 [INFO] IPUIPlugin:80 - create IPUIPlugin
2025-08-11 22:28:48,443 [INFO] PluginManager:220 - loadIPPluginJar : add comp
2025-08-11 22:28:48,445 [INFO] IPUIPlugin:80 - create IPUIPlugin
2025-08-11 22:28:48,445 [INFO] PluginManager:220 - loadIPPluginJar : add cryp
2025-08-11 22:28:48,447 [INFO] IPUIPlugin:80 - create IPUIPlugin
2025-08-11 22:28:48,448 [INFO] PluginManager:220 - loadIPPluginJar : add ddr_ctrl_phy
2025-08-11 22:28:48,450 [INFO] IPUIPlugin:80 - create IPUIPlugin
2025-08-11 22:28:48,450 [INFO] PluginManager:220 - loadIPPluginJar : add dfsdm
2025-08-11 22:28:48,454 [INFO] IPUIPlugin:80 - create IPUIPlugin
2025-08-11 22:28:48,454 [INFO] PluginManager:220 - loadIPPluginJar : add dma
2025-08-11 22:28:48,456 [INFO] IPUIPlugin:80 - create IPUIPlugin
2025-08-11 22:28:48,456 [INFO] PluginManager:220 - loadIPPluginJar : add dma3
2025-08-11 22:28:48,459 [INFO] IPUIPlugin:80 - create IPUIPlugin
2025-08-11 22:28:48,459 [INFO] PluginManager:220 - loadIPPluginJar : add extmemmanager
2025-08-11 22:28:48,460 [INFO] IPUIPlugin:80 - create IPUIPlugin
2025-08-11 22:28:48,461 [INFO] PluginManager:220 - loadIPPluginJar : add fatfs
2025-08-11 22:28:48,464 [INFO] IPUIPlugin:80 - create IPUIPlugin
2025-08-11 22:28:48,464 [INFO] PluginManager:220 - loadIPPluginJar : add fmc
2025-08-11 22:28:48,468 [INFO] IPUIPlugin:80 - create IPUIPlugin
2025-08-11 22:28:48,468 [INFO] PluginManager:220 - loadIPPluginJar : add freertos
2025-08-11 22:28:48,470 [INFO] IPUIPlugin:80 - create IPUIPlugin
2025-08-11 22:28:48,470 [INFO] PluginManager:220 - loadIPPluginJar : add genericplugin
2025-08-11 22:28:48,472 [INFO] IPUIPlugin:80 - create IPUIPlugin
2025-08-11 22:28:48,472 [INFO] PluginManager:220 - loadIPPluginJar : add gfxmmu
2025-08-11 22:28:48,476 [INFO] IPUIPlugin:80 - create IPUIPlugin
2025-08-11 22:28:48,476 [INFO] PluginManager:220 - loadIPPluginJar : add gic
2025-08-11 22:28:48,479 [INFO] IPUIPlugin:80 - create IPUIPlugin
2025-08-11 22:28:48,479 [INFO] PluginManager:220 - loadIPPluginJar : add gpio
2025-08-11 22:28:48,482 [INFO] IPUIPlugin:80 - create IPUIPlugin
2025-08-11 22:28:48,482 [INFO] PluginManager:220 - loadIPPluginJar : add gtzc
2025-08-11 22:28:48,485 [INFO] IPUIPlugin:80 - create IPUIPlugin
2025-08-11 22:28:48,485 [INFO] PluginManager:220 - loadIPPluginJar : add hash
2025-08-11 22:28:48,488 [INFO] IPUIPlugin:80 - create IPUIPlugin
2025-08-11 22:28:48,488 [INFO] PluginManager:220 - loadIPPluginJar : add i2c
2025-08-11 22:28:48,491 [INFO] IPUIPlugin:80 - create IPUIPlugin
2025-08-11 22:28:48,491 [INFO] PluginManager:220 - loadIPPluginJar : add i2s
2025-08-11 22:28:48,494 [INFO] IPUIPlugin:80 - create IPUIPlugin
2025-08-11 22:28:48,494 [INFO] PluginManager:220 - loadIPPluginJar : add i3c
2025-08-11 22:28:48,497 [INFO] IPUIPlugin:80 - create IPUIPlugin
2025-08-11 22:28:48,497 [INFO] PluginManager:220 - loadIPPluginJar : add ipddr
2025-08-11 22:28:48,502 [INFO] IPUIPlugin:80 - create IPUIPlugin
2025-08-11 22:28:48,503 [INFO] PluginManager:220 - loadIPPluginJar : add linkedlist
2025-08-11 22:28:48,506 [INFO] IPUIPlugin:80 - create IPUIPlugin
2025-08-11 22:28:48,506 [INFO] PluginManager:220 - loadIPPluginJar : add lorawan
2025-08-11 22:28:48,507 [INFO] IPUIPlugin:80 - create IPUIPlugin
2025-08-11 22:28:48,507 [INFO] PluginManager:220 - loadIPPluginJar : add ltdc
2025-08-11 22:28:48,511 [INFO] IPUIPlugin:80 - create IPUIPlugin
2025-08-11 22:28:48,511 [INFO] PluginManager:220 - loadIPPluginJar : add mdma
2025-08-11 22:28:48,514 [INFO] IPUIPlugin:80 - create IPUIPlugin
2025-08-11 22:28:48,514 [INFO] PluginManager:220 - loadIPPluginJar : add nvic
2025-08-11 22:28:48,517 [INFO] IPUIPlugin:80 - create IPUIPlugin
2025-08-11 22:28:48,517 [INFO] PluginManager:220 - loadIPPluginJar : add opamp
2025-08-11 22:28:48,519 [INFO] IPUIPlugin:80 - create IPUIPlugin
2025-08-11 22:28:48,520 [INFO] PluginManager:220 - loadIPPluginJar : add openamp
2025-08-11 22:28:48,522 [INFO] IPUIPlugin:80 - create IPUIPlugin
2025-08-11 22:28:48,522 [INFO] PluginManager:220 - loadIPPluginJar : add pdm2pcm
2025-08-11 22:28:48,528 [INFO] IPUIPlugin:80 - create IPUIPlugin
2025-08-11 22:28:48,531 [INFO] PluginManager:220 - loadIPPluginJar : add plateformsettings
2025-08-11 22:28:48,532 [INFO] IPUIPlugin:80 - create IPUIPlugin
2025-08-11 22:28:48,533 [INFO] PluginManager:220 - loadIPPluginJar : add quadspi
2025-08-11 22:28:48,534 [INFO] IPUIPlugin:80 - create IPUIPlugin
2025-08-11 22:28:48,535 [INFO] PluginManager:220 - loadIPPluginJar : add radio
2025-08-11 22:28:48,538 [INFO] IPUIPlugin:80 - create IPUIPlugin
2025-08-11 22:28:48,538 [INFO] PluginManager:220 - loadIPPluginJar : add resmgrutility
2025-08-11 22:28:48,541 [INFO] IPUIPlugin:80 - create IPUIPlugin
2025-08-11 22:28:48,541 [INFO] PluginManager:220 - loadIPPluginJar : add sai
2025-08-11 22:28:48,543 [INFO] IPUIPlugin:80 - create IPUIPlugin
2025-08-11 22:28:48,543 [INFO] PluginManager:220 - loadIPPluginJar : add spi
2025-08-11 22:28:48,552 [INFO] IPUIPlugin:80 - create IPUIPlugin
2025-08-11 22:28:48,553 [INFO] PluginManager:220 - loadIPPluginJar : add stm32_wpan
2025-08-11 22:28:48,554 [INFO] IPUIPlugin:80 - create IPUIPlugin
2025-08-11 22:28:48,555 [INFO] PluginManager:220 - loadIPPluginJar : add tim
2025-08-11 22:28:48,557 [INFO] IPUIPlugin:80 - create IPUIPlugin
2025-08-11 22:28:48,557 [INFO] PluginManager:220 - loadIPPluginJar : add touchsensing
2025-08-11 22:28:48,559 [INFO] IPUIPlugin:80 - create IPUIPlugin
2025-08-11 22:28:48,559 [INFO] PluginManager:220 - loadIPPluginJar : add tracer_emb
2025-08-11 22:28:48,561 [INFO] IPUIPlugin:80 - create IPUIPlugin
2025-08-11 22:28:48,561 [INFO] PluginManager:220 - loadIPPluginJar : add ts
2025-08-11 22:28:48,562 [INFO] IPUIPlugin:80 - create IPUIPlugin
2025-08-11 22:28:48,562 [INFO] PluginManager:220 - loadIPPluginJar : add tsc
2025-08-11 22:28:48,564 [INFO] IPUIPlugin:80 - create IPUIPlugin
2025-08-11 22:28:48,564 [INFO] PluginManager:220 - loadIPPluginJar : add ucpd
2025-08-11 22:28:48,566 [INFO] IPUIPlugin:80 - create IPUIPlugin
2025-08-11 22:28:48,566 [INFO] PluginManager:220 - loadIPPluginJar : add usart
2025-08-11 22:28:48,569 [INFO] IPUIPlugin:80 - create IPUIPlugin
2025-08-11 22:28:48,570 [INFO] PluginManager:220 - loadIPPluginJar : add usbx
2025-08-11 22:28:48,693 [FATAL] Updater:351 - Updater called before beeing initialized
2025-08-11 22:28:48,736 [INFO] RulesReader:64 - Compatibility file has been processed (317 Rules)
2025-08-11 22:28:48,748 [INFO] RulesReader:64 - Compatibility file has been processed (317 Rules)
2025-08-11 22:28:48,756 [INFO] CADModel:165 - CPN selected for project level
2025-08-11 22:28:48,756 [INFO] CADModel:114 - Register for checkConnection events
2025-08-11 22:28:48,756 [FATAL] Updater:351 - Updater called before beeing initialized
2025-08-11 22:28:48,757 [ERROR] CADModel:125 - Updater not yet initialized, retry later 
2025-08-11 22:28:48,868 [FATAL] Updater:351 - Updater called before beeing initialized
2025-08-11 22:28:48,869 [INFO] CADModel:165 - CPN selected for project level
2025-08-11 22:28:48,869 [INFO] CADModel:114 - Register for checkConnection events
2025-08-11 22:28:48,869 [FATAL] Updater:351 - Updater called before beeing initialized
2025-08-11 22:28:48,869 [ERROR] CADModel:125 - Updater not yet initialized, retry later 
2025-08-11 22:28:48,871 [FATAL] Updater:351 - Updater called before beeing initialized
2025-08-11 22:28:48,954 [FATAL] Updater:351 - Updater called before beeing initialized
2025-08-11 22:28:48,958 [INFO] DbMcusAds:53 - JSON generation date=Tue Jul 08 13:44:23 IST 2025 (1751962463582)
2025-08-11 22:28:48,958 [FATAL] Updater:351 - Updater called before beeing initialized
2025-08-11 22:28:48,984 [WARN] DetailPanel:346 - Failed to get advertising image, set to default
2025-08-11 22:28:49,059 [FATAL] Updater:351 - Updater called before beeing initialized
2025-08-11 22:28:49,060 [FATAL] Updater:351 - Updater called before beeing initialized
2025-08-11 22:28:49,061 [FATAL] Updater:351 - Updater called before beeing initialized
2025-08-11 22:28:49,061 [WARN] DetailPanel:346 - Failed to get advertising image, set to default
2025-08-11 22:28:49,061 [FATAL] Updater:351 - Updater called before beeing initialized
2025-08-11 22:28:49,101 [ERROR] Updater:1198 - MainUpdater not yet initialized. External WinMGr cannot be set.
2025-08-11 22:28:49,103 [INFO] Updater:1134 - Updater Version found : 6.15.0
2025-08-11 22:28:49,114 [INFO] ApplicationProperties:184 - Using Application install path: C:\ST\STM32CubeIDE_1.19.0\STM32CubeIDE\plugins\com.st.stm32cube.common.mx_6.15.0.202507011659
2025-08-11 22:28:50,679 [ERROR] LogOutputStream:75 - [STDERR_REDIRECT] Aug 11, 2025 10:28:50 PM java.util.prefs.WindowsPreferences <init>
2025-08-11 22:28:50,680 [ERROR] LogOutputStream:75 - [STDERR_REDIRECT] WARNING: Could not open/create prefs root node Software\JavaSoft\Prefs at root 0xffffffff80000002. Windows RegCreateKeyEx(...) returned error code 5.
2025-08-11 22:28:50,680 [ERROR] LogOutputStream:75 - [STDERR_REDIRECT] 
2025-08-11 22:28:50,998 [INFO] ThirdPartyUpdaterWithRetryManager:70 - Updater plugin not ready yet. [2/15]
2025-08-11 22:28:51,017 [INFO] MainUpdater:2872 - connection check result : 10
2025-08-11 22:28:51,018 [INFO] MainUpdater:289 - Updater Check For Update Now.
2025-08-11 22:28:51,018 [INFO] MicroXplorer:498 - Change Database Version : DB.6.0.150
2025-08-11 22:28:51,033 [INFO] McuFinderGlobals:63 - Set McuFinder mode to 2 (CubeIDE integrated)
2025-08-11 22:28:51,034 [INFO] UserAuth:171 - activating auth plugin
2025-08-11 22:28:51,036 [INFO] UserAuth:487 - Internet connection configuration mode: 1
2025-08-11 22:28:51,056 [INFO] JxBrowserEngine:152 - Initiate JxBrowser Engine with user profile folder
2025-08-11 22:28:51,210 [INFO] CheckServerUpdateThread:120 - End of CheckServer Thread
2025-08-11 22:28:51,541 [INFO] WebApp:169 - Instantiating new browser for Auth
2025-08-11 22:28:52,101 [INFO] WebApp:463 - Apply proxy settings
2025-08-11 22:28:52,101 [INFO] WebApp:548 - Chromium requires no authentication
2025-08-11 22:28:52,107 [INFO] WebApp:491 - Direct internet connection detected
2025-08-11 22:28:52,125 [INFO] WebApp:900 - Register for checkConnection events
2025-08-11 22:28:52,125 [INFO] WebApp:463 - Apply proxy settings
2025-08-11 22:28:52,125 [INFO] WebApp:548 - Chromium requires no authentication
2025-08-11 22:28:52,125 [INFO] WebApp:491 - Direct internet connection detected
2025-08-11 22:28:52,239 [INFO] WebApp:225 - Starting web application
2025-08-11 22:28:52,239 [INFO] WebApp:593 - Web application path used C:\ST\STM32CubeIDE_1.19.0\STM32CubeIDE\plugins\com.st.stm32cube.common.mx_6.15.0.202507011659\db\plugins\mcufinder\reactClient1\index.html
2025-08-11 22:28:52,551 [INFO] WebApp:191 - Connection restablished
2025-08-11 22:28:52,590 [ERROR] LogOutputStream:75 - [STDERR_REDIRECT] [Fatal Error] :1:1: Premature end of file.
2025-08-11 22:28:52,591 [ERROR] LogOutputStream:75 - [STDERR_REDIRECT] 
2025-08-11 22:28:53,379 [ERROR] LogOutputStream:75 - [STDERR_REDIRECT] [Fatal Error] :1:1: Premature end of file.
2025-08-11 22:28:53,379 [ERROR] LogOutputStream:75 - [STDERR_REDIRECT] 
2025-08-11 22:28:54,149 [WARN] PackLoader:240 - Cannot read IP mode file for STMicroelectronics.FP-SNS-MOTENVWB1.1.4.0
2025-08-11 22:28:54,160 [WARN] PackLoader:240 - Cannot read IP mode file for STMicroelectronics.FP-ATR-ASTRA1.2.0.2
2025-08-11 22:28:54,174 [WARN] PackLoader:240 - Cannot read IP mode file for STMicroelectronics.FP-SNS-STBOX1.2.1.0
2025-08-11 22:28:54,183 [WARN] PackLoader:240 - Cannot read IP mode file for STMicroelectronics.FP-SNS-SMARTAG2.1.2.0
2025-08-11 22:28:54,190 [WARN] PackLoader:240 - Cannot read IP mode file for STMicroelectronics.FP-SNS-FLIGHT1.5.1.0
2025-08-11 22:28:54,198 [WARN] PackLoader:240 - Cannot read IP mode file for STMicroelectronics.FP-SNS-MOTENV1.5.0.0
2025-08-11 22:28:54,204 [WARN] PackLoader:240 - Cannot read IP mode file for STMicroelectronics.FP-ATR-SIGFOX1.3.2.0
2025-08-11 22:28:54,209 [WARN] PackLoader:240 - Cannot read IP mode file for STMicroelectronics.X-CUBE-AI.10.2.0
2025-08-11 22:28:54,218 [WARN] PackLoader:240 - Cannot read IP mode file for STMicroelectronics.FP-SNS-STAIOTCFT.1.0.0
2025-08-11 22:28:54,224 [WARN] PackLoader:240 - Cannot read IP mode file for STMicroelectronics.X-CUBE-ALS.1.0.2
2025-08-11 22:28:54,226 [INFO] ThirdParty:978 - Integrity check success = true
2025-08-11 22:28:54,226 [INFO] IntegrityCheckThread:100 - exiting critical section [integrity check]
2025-08-11 22:28:54,226 [INFO] IntegrityCheckThread:103 - End integrity checks thread
2025-08-11 22:28:54,381 [ERROR] LogOutputStream:75 - [STDERR_REDIRECT] [Fatal Error] :1:1: Premature end of file.
2025-08-11 22:28:54,381 [ERROR] LogOutputStream:75 - [STDERR_REDIRECT] 
2025-08-11 22:28:55,380 [ERROR] LogOutputStream:75 - [STDERR_REDIRECT] [Fatal Error] :1:1: Premature end of file.
2025-08-11 22:28:55,381 [ERROR] LogOutputStream:75 - [STDERR_REDIRECT] 
2025-08-11 22:28:56,380 [ERROR] LogOutputStream:75 - [STDERR_REDIRECT] [Fatal Error] :1:1: Premature end of file.
2025-08-11 22:28:56,380 [ERROR] LogOutputStream:75 - [STDERR_REDIRECT] 
2025-08-11 22:28:57,380 [ERROR] LogOutputStream:75 - [STDERR_REDIRECT] [Fatal Error] :1:1: Premature end of file.
2025-08-11 22:28:57,380 [ERROR] LogOutputStream:75 - [STDERR_REDIRECT] 
2025-08-11 22:28:58,380 [ERROR] LogOutputStream:75 - [STDERR_REDIRECT] [Fatal Error] :1:1: Premature end of file.
2025-08-11 22:28:58,380 [ERROR] LogOutputStream:75 - [STDERR_REDIRECT] 
2025-08-11 22:28:59,379 [ERROR] LogOutputStream:75 - [STDERR_REDIRECT] [Fatal Error] :1:1: Premature end of file.
2025-08-11 22:28:59,379 [ERROR] LogOutputStream:75 - [STDERR_REDIRECT] 
2025-08-11 22:29:00,377 [ERROR] LogOutputStream:75 - [STDERR_REDIRECT] [Fatal Error] :1:1: Premature end of file.
2025-08-11 22:29:00,377 [ERROR] LogOutputStream:75 - [STDERR_REDIRECT] 
2025-08-11 22:29:01,378 [ERROR] LogOutputStream:75 - [STDERR_REDIRECT] [Fatal Error] :1:1: Premature end of file.
2025-08-11 22:29:01,378 [ERROR] LogOutputStream:75 - [STDERR_REDIRECT] 
2025-08-11 22:29:02,377 [ERROR] LogOutputStream:75 - [STDERR_REDIRECT] [Fatal Error] :1:1: Premature end of file.
2025-08-11 22:29:02,378 [ERROR] LogOutputStream:75 - [STDERR_REDIRECT] 
2025-08-11 22:29:03,376 [ERROR] LogOutputStream:75 - [STDERR_REDIRECT] [Fatal Error] :1:1: Premature end of file.
2025-08-11 22:29:03,376 [ERROR] LogOutputStream:75 - [STDERR_REDIRECT] 
2025-08-11 22:29:04,378 [ERROR] LogOutputStream:75 - [STDERR_REDIRECT] [Fatal Error] :1:1: Premature end of file.
2025-08-11 22:29:04,379 [ERROR] LogOutputStream:75 - [STDERR_REDIRECT] 
2025-08-11 22:29:05,378 [ERROR] LogOutputStream:75 - [STDERR_REDIRECT] [Fatal Error] :1:1: Premature end of file.
2025-08-11 22:29:05,378 [ERROR] LogOutputStream:75 - [STDERR_REDIRECT] 
2025-08-11 22:29:06,377 [ERROR] LogOutputStream:75 - [STDERR_REDIRECT] [Fatal Error] :1:1: Premature end of file.
2025-08-11 22:29:06,377 [ERROR] LogOutputStream:75 - [STDERR_REDIRECT] 
2025-08-11 22:29:07,378 [ERROR] LogOutputStream:75 - [STDERR_REDIRECT] [Fatal Error] :1:1: Premature end of file.
2025-08-11 22:29:07,378 [ERROR] LogOutputStream:75 - [STDERR_REDIRECT] 
2025-08-11 22:29:08,380 [ERROR] LogOutputStream:75 - [STDERR_REDIRECT] [Fatal Error] :1:1: Premature end of file.
2025-08-11 22:29:08,380 [ERROR] LogOutputStream:75 - [STDERR_REDIRECT] 
2025-08-11 22:29:09,379 [ERROR] LogOutputStream:75 - [STDERR_REDIRECT] [Fatal Error] :1:1: Premature end of file.
2025-08-11 22:29:09,379 [ERROR] LogOutputStream:75 - [STDERR_REDIRECT] 
2025-08-11 22:29:10,377 [ERROR] LogOutputStream:75 - [STDERR_REDIRECT] [Fatal Error] :1:1: Premature end of file.
2025-08-11 22:29:10,377 [ERROR] LogOutputStream:75 - [STDERR_REDIRECT] 
2025-08-11 22:29:11,378 [ERROR] LogOutputStream:75 - [STDERR_REDIRECT] [Fatal Error] :1:1: Premature end of file.
2025-08-11 22:29:11,378 [ERROR] LogOutputStream:75 - [STDERR_REDIRECT] 
2025-08-11 22:29:12,380 [ERROR] LogOutputStream:75 - [STDERR_REDIRECT] [Fatal Error] :1:1: Premature end of file.
2025-08-11 22:29:12,381 [ERROR] LogOutputStream:75 - [STDERR_REDIRECT] 
2025-08-11 22:29:13,378 [ERROR] LogOutputStream:75 - [STDERR_REDIRECT] [Fatal Error] :1:1: Premature end of file.
2025-08-11 22:29:13,379 [ERROR] LogOutputStream:75 - [STDERR_REDIRECT] 
2025-08-11 22:29:14,390 [ERROR] LogOutputStream:75 - [STDERR_REDIRECT] [Fatal Error] :1:1: Premature end of file.
2025-08-11 22:29:14,390 [ERROR] LogOutputStream:75 - [STDERR_REDIRECT] 
2025-08-11 22:29:15,378 [ERROR] LogOutputStream:75 - [STDERR_REDIRECT] [Fatal Error] :1:1: Premature end of file.
2025-08-11 22:29:15,378 [ERROR] LogOutputStream:75 - [STDERR_REDIRECT] 
2025-08-11 22:29:16,378 [ERROR] LogOutputStream:75 - [STDERR_REDIRECT] [Fatal Error] :1:1: Premature end of file.
2025-08-11 22:29:16,379 [ERROR] LogOutputStream:75 - [STDERR_REDIRECT] 
2025-08-11 22:29:17,385 [ERROR] LogOutputStream:75 - [STDERR_REDIRECT] [Fatal Error] :1:1: Premature end of file.
2025-08-11 22:29:17,386 [ERROR] LogOutputStream:75 - [STDERR_REDIRECT] 
2025-08-11 22:29:18,382 [ERROR] LogOutputStream:75 - [STDERR_REDIRECT] [Fatal Error] :1:1: Premature end of file.
2025-08-11 22:29:18,382 [ERROR] LogOutputStream:75 - [STDERR_REDIRECT] 
2025-08-11 22:29:19,389 [ERROR] LogOutputStream:75 - [STDERR_REDIRECT] [Fatal Error] :1:1: Premature end of file.
2025-08-11 22:29:19,390 [ERROR] LogOutputStream:75 - [STDERR_REDIRECT] 
2025-08-11 22:29:20,381 [ERROR] LogOutputStream:75 - [STDERR_REDIRECT] [Fatal Error] :1:1: Premature end of file.
2025-08-11 22:29:20,381 [ERROR] LogOutputStream:75 - [STDERR_REDIRECT] 
2025-08-11 22:29:21,390 [ERROR] LogOutputStream:75 - [STDERR_REDIRECT] [Fatal Error] :1:1: Premature end of file.
2025-08-11 22:29:21,390 [ERROR] LogOutputStream:75 - [STDERR_REDIRECT] 
2025-08-11 22:29:22,425 [ERROR] LogOutputStream:75 - [STDERR_REDIRECT] [Fatal Error] :1:1: Premature end of file.
2025-08-11 22:29:22,426 [ERROR] LogOutputStream:75 - [STDERR_REDIRECT] 
2025-08-11 22:29:23,383 [ERROR] LogOutputStream:75 - [STDERR_REDIRECT] [Fatal Error] :1:1: Premature end of file.
2025-08-11 22:29:23,383 [ERROR] LogOutputStream:75 - [STDERR_REDIRECT] 
2025-08-11 22:29:24,378 [ERROR] LogOutputStream:75 - [STDERR_REDIRECT] [Fatal Error] :1:1: Premature end of file.
2025-08-11 22:29:24,378 [ERROR] LogOutputStream:75 - [STDERR_REDIRECT] 
2025-08-11 22:29:25,378 [ERROR] LogOutputStream:75 - [STDERR_REDIRECT] [Fatal Error] :1:1: Premature end of file.
2025-08-11 22:29:25,378 [ERROR] LogOutputStream:75 - [STDERR_REDIRECT] 
2025-08-11 22:29:26,375 [ERROR] LogOutputStream:75 - [STDERR_REDIRECT] [Fatal Error] :1:1: Premature end of file.
2025-08-11 22:29:26,375 [ERROR] LogOutputStream:75 - [STDERR_REDIRECT] 
2025-08-11 22:29:27,381 [ERROR] LogOutputStream:75 - [STDERR_REDIRECT] [Fatal Error] :1:1: Premature end of file.
2025-08-11 22:29:27,382 [ERROR] LogOutputStream:75 - [STDERR_REDIRECT] 
2025-08-11 22:29:28,385 [ERROR] LogOutputStream:75 - [STDERR_REDIRECT] [Fatal Error] :1:1: Premature end of file.
2025-08-11 22:29:28,386 [ERROR] LogOutputStream:75 - [STDERR_REDIRECT] 
2025-08-11 22:29:29,379 [ERROR] LogOutputStream:75 - [STDERR_REDIRECT] [Fatal Error] :1:1: Premature end of file.
2025-08-11 22:29:29,379 [ERROR] LogOutputStream:75 - [STDERR_REDIRECT] 
2025-08-11 22:29:30,383 [ERROR] LogOutputStream:75 - [STDERR_REDIRECT] [Fatal Error] :1:1: Premature end of file.
2025-08-11 22:29:30,384 [ERROR] LogOutputStream:75 - [STDERR_REDIRECT] 
2025-08-11 22:29:31,380 [ERROR] LogOutputStream:75 - [STDERR_REDIRECT] [Fatal Error] :1:1: Premature end of file.
2025-08-11 22:29:31,380 [ERROR] LogOutputStream:75 - [STDERR_REDIRECT] 
2025-08-11 22:29:32,379 [ERROR] LogOutputStream:75 - [STDERR_REDIRECT] [Fatal Error] :1:1: Premature end of file.
2025-08-11 22:29:32,379 [ERROR] LogOutputStream:75 - [STDERR_REDIRECT] 
2025-08-11 22:29:33,380 [ERROR] LogOutputStream:75 - [STDERR_REDIRECT] [Fatal Error] :1:1: Premature end of file.
2025-08-11 22:29:33,380 [ERROR] LogOutputStream:75 - [STDERR_REDIRECT] 
2025-08-11 22:29:34,379 [ERROR] LogOutputStream:75 - [STDERR_REDIRECT] [Fatal Error] :1:1: Premature end of file.
2025-08-11 22:29:34,380 [ERROR] LogOutputStream:75 - [STDERR_REDIRECT] 
2025-08-11 22:29:35,377 [ERROR] LogOutputStream:75 - [STDERR_REDIRECT] [Fatal Error] :1:1: Premature end of file.
2025-08-11 22:29:35,377 [ERROR] LogOutputStream:75 - [STDERR_REDIRECT] 
2025-08-11 22:29:36,378 [ERROR] LogOutputStream:75 - [STDERR_REDIRECT] [Fatal Error] :1:1: Premature end of file.
2025-08-11 22:29:36,378 [ERROR] LogOutputStream:75 - [STDERR_REDIRECT] 
2025-08-11 22:29:37,377 [ERROR] LogOutputStream:75 - [STDERR_REDIRECT] [Fatal Error] :1:1: Premature end of file.
2025-08-11 22:29:37,377 [ERROR] LogOutputStream:75 - [STDERR_REDIRECT] 
2025-08-11 22:29:38,377 [ERROR] LogOutputStream:75 - [STDERR_REDIRECT] [Fatal Error] :1:1: Premature end of file.
2025-08-11 22:29:38,377 [ERROR] LogOutputStream:75 - [STDERR_REDIRECT] 
2025-08-11 22:29:39,378 [ERROR] LogOutputStream:75 - [STDERR_REDIRECT] [Fatal Error] :1:1: Premature end of file.
2025-08-11 22:29:39,379 [ERROR] LogOutputStream:75 - [STDERR_REDIRECT] 
2025-08-11 22:29:40,379 [ERROR] LogOutputStream:75 - [STDERR_REDIRECT] [Fatal Error] :1:1: Premature end of file.
2025-08-11 22:29:40,379 [ERROR] LogOutputStream:75 - [STDERR_REDIRECT] 
2025-08-11 22:29:41,378 [ERROR] LogOutputStream:75 - [STDERR_REDIRECT] [Fatal Error] :1:1: Premature end of file.
2025-08-11 22:29:41,378 [ERROR] LogOutputStream:75 - [STDERR_REDIRECT] 
2025-08-11 22:29:42,381 [ERROR] LogOutputStream:75 - [STDERR_REDIRECT] [Fatal Error] :1:1: Premature end of file.
2025-08-11 22:29:42,381 [ERROR] LogOutputStream:75 - [STDERR_REDIRECT] 
2025-08-11 22:29:43,377 [ERROR] LogOutputStream:75 - [STDERR_REDIRECT] [Fatal Error] :1:1: Premature end of file.
2025-08-11 22:29:43,377 [ERROR] LogOutputStream:75 - [STDERR_REDIRECT] 
2025-08-11 22:29:44,291 [ERROR] LogOutputStream:75 - [STDERR_REDIRECT] 
