2025-08-11 22:29:50,006 [INFO] Activator:176 - 


2025-08-11 22:29:50,006 [INFO] Activator:177 - !SESSION log4j initialized
2025-08-11 22:29:52,124 [INFO] LogOutputStream:77 - [STDOUT_REDIRECT] 
2025-08-11 22:29:53,765 [INFO] ApplicationProperties:184 - Using Application install path: C:\ST\STM32CubeIDE_1.19.0\STM32CubeIDE\plugins\com.st.stm32cube.common.mx_6.15.0.202507011659
2025-08-11 22:29:53,777 [INFO] DbMcusXml:78 - Set database path to: C:\ST\STM32CubeIDE_1.19.0\STM32CubeIDE\plugins\com.st.stm32cube.common.mx_6.15.0.202507011659\\db\/mcu/
2025-08-11 22:29:53,777 [INFO] ApiDb:274 - Set plugin database path to: C:\ST\STM32CubeIDE_1.19.0\STM32CubeIDE\plugins\com.st.stm32cube.common.mx_6.15.0.202507011659\\db\/plugins/boardmanager/
2025-08-11 22:29:53,778 [WARN] ApiDb:259 - Overriding images path with different value:  => C:\ST\STM32CubeIDE_1.19.0\STM32CubeIDE\plugins\com.st.stm32cube.common.mx_6.15.0.202507011659\\db\/plugins/mcufinder/images/
2025-08-11 22:29:53,782 [INFO] ApiDb:250 - Set database path to: C:\Users\Harshil\.stmcufinder\plugins\mcufinder//mcu/
2025-08-11 22:29:53,783 [INFO] DbMcusAds:125 - Set database path to: C:\Users\Harshil\.stmcufinder\plugins\mcufinder//mcu/
2025-08-11 22:29:53,785 [INFO] CrossReferenceDbSqlite:203 - Set database path to: C:\Users\Harshil\.stmcufinder\plugins\mcufinder//mcu/cs/
2025-08-11 22:29:53,895 [INFO] RulesReader:64 - Compatibility file has been processed (317 Rules)
2025-08-11 22:29:53,963 [INFO] DbMcusXml:78 - Set database path to: C:\ST\STM32CubeIDE_1.19.0\STM32CubeIDE\plugins\com.st.stm32cube.common.mx_6.15.0.202507011659\\db\/mcu/
2025-08-11 22:29:53,964 [INFO] ApiDb:274 - Set plugin database path to: C:\ST\STM32CubeIDE_1.19.0\STM32CubeIDE\plugins\com.st.stm32cube.common.mx_6.15.0.202507011659\\db\/plugins/boardmanager/
2025-08-11 22:29:53,964 [INFO] ApiDb:261 - Set plugin images path to: C:\ST\STM32CubeIDE_1.19.0\STM32CubeIDE\plugins\com.st.stm32cube.common.mx_6.15.0.202507011659\\db\/plugins/mcufinder/images/
2025-08-11 22:29:53,964 [WARN] DbFile:41 - Overriding database path with different value: C:\Users\Harshil\.stmcufinder\plugins\mcufinder/ => C:\Users\Harshil\.stmcufinder\plugins\mcufinder
2025-08-11 22:29:53,964 [INFO] ApiDb:250 - Set database path to: C:\Users\Harshil\.stmcufinder\plugins\mcufinder//mcu/
2025-08-11 22:29:53,964 [WARN] DbFile:41 - Overriding database path with different value: C:\Users\Harshil\.stmcufinder\plugins\mcufinder/ => C:\Users\Harshil\.stmcufinder\plugins\mcufinder
2025-08-11 22:29:53,964 [INFO] DbMcusAds:125 - Set database path to: C:\Users\Harshil\.stmcufinder\plugins\mcufinder//mcu/
2025-08-11 22:29:53,965 [WARN] DbFile:41 - Overriding database path with different value: C:\Users\Harshil\.stmcufinder\plugins\mcufinder/ => C:\Users\Harshil\.stmcufinder\plugins\mcufinder
2025-08-11 22:29:53,965 [WARN] DbFile:41 - Overriding database path with different value: C:\Users\Harshil\.stmcufinder\plugins\mcufinder/ => C:\Users\Harshil\.stmcufinder\plugins\mcufinder
2025-08-11 22:29:53,965 [INFO] CrossReferenceDbSqlite:203 - Set database path to: C:\Users\Harshil\.stmcufinder\plugins\mcufinder//mcu/cs/
2025-08-11 22:29:54,030 [INFO] MainPanel:274 - HeapMemory: 268435456
2025-08-11 22:29:54,089 [INFO] DbMcusXml:78 - Set database path to: C:\ST\STM32CubeIDE_1.19.0\STM32CubeIDE\plugins\com.st.stm32cube.common.mx_6.15.0.202507011659\\db\/mcu/
2025-08-11 22:29:54,089 [INFO] ApiDb:274 - Set plugin database path to: C:\ST\STM32CubeIDE_1.19.0\STM32CubeIDE\plugins\com.st.stm32cube.common.mx_6.15.0.202507011659\\db\/plugins/boardmanager/
2025-08-11 22:29:54,090 [INFO] ApiDb:261 - Set plugin images path to: C:\ST\STM32CubeIDE_1.19.0\STM32CubeIDE\plugins\com.st.stm32cube.common.mx_6.15.0.202507011659\\db\/plugins/mcufinder/images/
2025-08-11 22:29:54,090 [WARN] DbFile:41 - Overriding database path with different value: C:\Users\Harshil\.stmcufinder\plugins\mcufinder/ => C:\Users\Harshil\.stmcufinder\plugins\mcufinder
2025-08-11 22:29:54,090 [INFO] ApiDb:250 - Set database path to: C:\Users\Harshil\.stmcufinder\plugins\mcufinder//mcu/
2025-08-11 22:29:54,090 [WARN] DbFile:41 - Overriding database path with different value: C:\Users\Harshil\.stmcufinder\plugins\mcufinder/ => C:\Users\Harshil\.stmcufinder\plugins\mcufinder
2025-08-11 22:29:54,090 [INFO] DbMcusAds:125 - Set database path to: C:\Users\Harshil\.stmcufinder\plugins\mcufinder//mcu/
2025-08-11 22:29:54,090 [WARN] DbFile:41 - Overriding database path with different value: C:\Users\Harshil\.stmcufinder\plugins\mcufinder/ => C:\Users\Harshil\.stmcufinder\plugins\mcufinder
2025-08-11 22:29:54,091 [WARN] DbFile:41 - Overriding database path with different value: C:\Users\Harshil\.stmcufinder\plugins\mcufinder/ => C:\Users\Harshil\.stmcufinder\plugins\mcufinder
2025-08-11 22:29:54,091 [INFO] CrossReferenceDbSqlite:203 - Set database path to: C:\Users\Harshil\.stmcufinder\plugins\mcufinder//mcu/cs/
2025-08-11 22:29:54,106 [INFO] ApplicationProperties:184 - Using Application install path: C:\ST\STM32CubeIDE_1.19.0\STM32CubeIDE\plugins\com.st.stm32cube.common.mx_6.15.0.202507011659
2025-08-11 22:29:54,107 [INFO] PluginManage:196 - Search for loadable plugins [exclusion list=, ]
2025-08-11 22:29:54,107 [INFO] PluginManage:310 - Check plugin analytics
2025-08-11 22:29:54,301 [INFO] AnalyticsPlugin:253 - Accepted Software Licenses: 
2025-08-11 22:29:54,301 [INFO] AnalyticsPlugin:255 - Accepted CMSIS Pack Licenses: 
2025-08-11 22:29:54,302 [INFO] AnalyticsPlugin:257 - Accepted Firmware Licenses: 
2025-08-11 22:29:54,305 [INFO] PluginManage:359 - Loaded plugin analytics (category:tool,tabindex:-1)
2025-08-11 22:29:54,305 [INFO] PluginManage:310 - Check plugin cadmodel
2025-08-11 22:29:54,308 [INFO] CADModel:105 - Init CAD model plugin
2025-08-11 22:29:54,309 [INFO] PluginManage:359 - Loaded plugin cadmodel (category:power,tabindex:5)
2025-08-11 22:29:54,309 [INFO] PluginManage:310 - Check plugin clock
2025-08-11 22:29:54,317 [INFO] PluginManage:359 - Loaded plugin clock (category:base,tabindex:2)
2025-08-11 22:29:54,317 [INFO] PluginManage:310 - Check plugin ddr
2025-08-11 22:29:54,319 [INFO] PluginManage:359 - Loaded plugin ddr (category:tool,tabindex:6)
2025-08-11 22:29:54,319 [INFO] PluginManage:310 - Check plugin filemanager
2025-08-11 22:29:54,489 [INFO] PluginManage:359 - Loaded plugin filemanager (category:base,tabindex:10)
2025-08-11 22:29:54,489 [INFO] PluginManage:310 - Check plugin ipmanager
2025-08-11 22:29:54,516 [INFO] PluginManage:359 - Loaded plugin ipmanager (category:base,tabindex:5)
2025-08-11 22:29:54,517 [INFO] PluginManage:310 - Check plugin lpbam
2025-08-11 22:29:54,529 [INFO] PluginManage:359 - Loaded plugin lpbam (category:base,tabindex:0)
2025-08-11 22:29:54,529 [INFO] PluginManage:310 - Check plugin memorymap
2025-08-11 22:29:54,543 [INFO] PluginManage:359 - Loaded plugin memorymap (category:base,tabindex:4)
2025-08-11 22:29:54,543 [INFO] PluginManage:310 - Check plugin pinoutandconfiguration
2025-08-11 22:29:54,550 [INFO] PluginManage:359 - Loaded plugin pinoutandconfiguration (category:base,tabindex:1)
2025-08-11 22:29:54,550 [INFO] PluginManage:310 - Check plugin pinoutconfig
2025-08-11 22:29:54,625 [WARN] SupportedApi:132 - Cannot load RTOS API schema: s4s-elt-must-match.1: The content of 'definitions' must match (annotation?, (simpleType | complexType)?, (unique | key | keyref)*)). A problem was found starting at: attribute.
2025-08-11 22:29:54,734 [INFO] PluginManage:359 - Loaded plugin pinoutconfig (category:base,tabindex:0)
2025-08-11 22:29:54,734 [INFO] PluginManage:310 - Check plugin power
2025-08-11 22:29:54,740 [INFO] PluginManage:359 - Loaded plugin power (category:power,tabindex:4)
2025-08-11 22:29:54,741 [INFO] PluginManage:310 - Check plugin projectmanager
2025-08-11 22:29:54,755 [INFO] PluginManage:359 - Loaded plugin projectmanager (category:projectmanager,tabindex:4)
2025-08-11 22:29:54,755 [INFO] PluginManage:310 - Check plugin rif
2025-08-11 22:29:54,767 [INFO] PluginManage:359 - Loaded plugin rif (category:base,tabindex:3)
2025-08-11 22:29:54,767 [INFO] PluginManage:310 - Check plugin thirdparty
2025-08-11 22:29:54,872 [INFO] PluginManage:359 - Loaded plugin thirdparty (category:base,tabindex:-1)
2025-08-11 22:29:54,873 [INFO] PluginManage:310 - Check plugin tools
2025-08-11 22:29:54,872 [WARN] IntegrityCheckThread:84 - waiting for thirdparty lock release [integrity check]
2025-08-11 22:29:54,873 [INFO] IntegrityCheckThread:86 - entering critical section [integrity check]
2025-08-11 22:29:54,873 [INFO] ThirdPartyUpdaterWithRetryManager:70 - Updater plugin not ready yet. [1/15]
2025-08-11 22:29:54,875 [INFO] PluginManage:359 - Loaded plugin tools (category:base,tabindex:7)
2025-08-11 22:29:54,875 [INFO] PluginManage:310 - Check plugin tutovideos
2025-08-11 22:29:55,028 [INFO] PluginManage:359 - Loaded plugin tutovideos (category:base,tabindex:-1)
2025-08-11 22:29:55,028 [INFO] PluginManage:310 - Check plugin updater
2025-08-11 22:29:55,047 [INFO] PluginManage:359 - Loaded plugin updater (category:base,tabindex:12)
2025-08-11 22:29:55,047 [INFO] PluginManage:310 - Check plugin userauth
2025-08-11 22:29:55,050 [INFO] UserAuth:118 - Init User Auth plugin
2025-08-11 22:29:55,051 [INFO] PluginManage:359 - Loaded plugin userauth (category:base,tabindex:14)
2025-08-11 22:29:55,051 [INFO] PluginManage:283 - PluginManage : Loaded plugins [18]
2025-08-11 22:29:55,204 [INFO] PinOutPanel:1589 - setPackage(No Configuration,No Configuration)
2025-08-11 22:29:55,267 [INFO] CADModel:165 - CPN selected for project level
2025-08-11 22:29:55,267 [INFO] CADModel:114 - Register for checkConnection events
2025-08-11 22:29:55,279 [INFO] IPUIPlugin:80 - create IPUIPlugin
2025-08-11 22:29:55,279 [INFO] PluginManager:220 - loadIPPluginJar : add adc
2025-08-11 22:29:55,281 [INFO] IPUIPlugin:80 - create IPUIPlugin
2025-08-11 22:29:55,281 [INFO] PluginManager:220 - loadIPPluginJar : add aes
2025-08-11 22:29:55,285 [INFO] IPUIPlugin:80 - create IPUIPlugin
2025-08-11 22:29:55,285 [INFO] PluginManager:220 - loadIPPluginJar : add can
2025-08-11 22:29:55,287 [INFO] IPUIPlugin:80 - create IPUIPlugin
2025-08-11 22:29:55,287 [INFO] PluginManager:220 - loadIPPluginJar : add comp
2025-08-11 22:29:55,289 [INFO] IPUIPlugin:80 - create IPUIPlugin
2025-08-11 22:29:55,290 [INFO] PluginManager:220 - loadIPPluginJar : add cryp
2025-08-11 22:29:55,291 [INFO] IPUIPlugin:80 - create IPUIPlugin
2025-08-11 22:29:55,291 [INFO] PluginManager:220 - loadIPPluginJar : add ddr_ctrl_phy
2025-08-11 22:29:55,294 [INFO] IPUIPlugin:80 - create IPUIPlugin
2025-08-11 22:29:55,294 [INFO] PluginManager:220 - loadIPPluginJar : add dfsdm
2025-08-11 22:29:55,298 [INFO] IPUIPlugin:80 - create IPUIPlugin
2025-08-11 22:29:55,299 [INFO] PluginManager:220 - loadIPPluginJar : add dma
2025-08-11 22:29:55,301 [INFO] IPUIPlugin:80 - create IPUIPlugin
2025-08-11 22:29:55,302 [INFO] PluginManager:220 - loadIPPluginJar : add dma3
2025-08-11 22:29:55,304 [INFO] IPUIPlugin:80 - create IPUIPlugin
2025-08-11 22:29:55,304 [INFO] PluginManager:220 - loadIPPluginJar : add extmemmanager
2025-08-11 22:29:55,306 [INFO] IPUIPlugin:80 - create IPUIPlugin
2025-08-11 22:29:55,306 [INFO] PluginManager:220 - loadIPPluginJar : add fatfs
2025-08-11 22:29:55,310 [INFO] IPUIPlugin:80 - create IPUIPlugin
2025-08-11 22:29:55,311 [INFO] PluginManager:220 - loadIPPluginJar : add fmc
2025-08-11 22:29:55,316 [INFO] IPUIPlugin:80 - create IPUIPlugin
2025-08-11 22:29:55,316 [INFO] PluginManager:220 - loadIPPluginJar : add freertos
2025-08-11 22:29:55,317 [INFO] IPUIPlugin:80 - create IPUIPlugin
2025-08-11 22:29:55,317 [INFO] PluginManager:220 - loadIPPluginJar : add genericplugin
2025-08-11 22:29:55,319 [INFO] IPUIPlugin:80 - create IPUIPlugin
2025-08-11 22:29:55,319 [INFO] PluginManager:220 - loadIPPluginJar : add gfxmmu
2025-08-11 22:29:55,323 [INFO] IPUIPlugin:80 - create IPUIPlugin
2025-08-11 22:29:55,323 [INFO] PluginManager:220 - loadIPPluginJar : add gic
2025-08-11 22:29:55,326 [INFO] IPUIPlugin:80 - create IPUIPlugin
2025-08-11 22:29:55,327 [INFO] PluginManager:220 - loadIPPluginJar : add gpio
2025-08-11 22:29:55,330 [INFO] IPUIPlugin:80 - create IPUIPlugin
2025-08-11 22:29:55,330 [INFO] PluginManager:220 - loadIPPluginJar : add gtzc
2025-08-11 22:29:55,332 [INFO] IPUIPlugin:80 - create IPUIPlugin
2025-08-11 22:29:55,332 [INFO] PluginManager:220 - loadIPPluginJar : add hash
2025-08-11 22:29:55,335 [INFO] IPUIPlugin:80 - create IPUIPlugin
2025-08-11 22:29:55,335 [INFO] PluginManager:220 - loadIPPluginJar : add i2c
2025-08-11 22:29:55,337 [INFO] IPUIPlugin:80 - create IPUIPlugin
2025-08-11 22:29:55,338 [INFO] PluginManager:220 - loadIPPluginJar : add i2s
2025-08-11 22:29:55,339 [INFO] IPUIPlugin:80 - create IPUIPlugin
2025-08-11 22:29:55,340 [INFO] PluginManager:220 - loadIPPluginJar : add i3c
2025-08-11 22:29:55,342 [INFO] IPUIPlugin:80 - create IPUIPlugin
2025-08-11 22:29:55,342 [INFO] PluginManager:220 - loadIPPluginJar : add ipddr
2025-08-11 22:29:55,348 [INFO] IPUIPlugin:80 - create IPUIPlugin
2025-08-11 22:29:55,348 [INFO] PluginManager:220 - loadIPPluginJar : add linkedlist
2025-08-11 22:29:55,350 [INFO] IPUIPlugin:80 - create IPUIPlugin
2025-08-11 22:29:55,350 [INFO] PluginManager:220 - loadIPPluginJar : add lorawan
2025-08-11 22:29:55,352 [INFO] IPUIPlugin:80 - create IPUIPlugin
2025-08-11 22:29:55,352 [INFO] PluginManager:220 - loadIPPluginJar : add ltdc
2025-08-11 22:29:55,355 [INFO] IPUIPlugin:80 - create IPUIPlugin
2025-08-11 22:29:55,355 [INFO] PluginManager:220 - loadIPPluginJar : add mdma
2025-08-11 22:29:55,358 [INFO] IPUIPlugin:80 - create IPUIPlugin
2025-08-11 22:29:55,358 [INFO] PluginManager:220 - loadIPPluginJar : add nvic
2025-08-11 22:29:55,360 [INFO] IPUIPlugin:80 - create IPUIPlugin
2025-08-11 22:29:55,361 [INFO] PluginManager:220 - loadIPPluginJar : add opamp
2025-08-11 22:29:55,364 [INFO] IPUIPlugin:80 - create IPUIPlugin
2025-08-11 22:29:55,364 [INFO] PluginManager:220 - loadIPPluginJar : add openamp
2025-08-11 22:29:55,368 [INFO] IPUIPlugin:80 - create IPUIPlugin
2025-08-11 22:29:55,368 [INFO] PluginManager:220 - loadIPPluginJar : add pdm2pcm
2025-08-11 22:29:55,372 [INFO] IPUIPlugin:80 - create IPUIPlugin
2025-08-11 22:29:55,375 [INFO] PluginManager:220 - loadIPPluginJar : add plateformsettings
2025-08-11 22:29:55,376 [INFO] IPUIPlugin:80 - create IPUIPlugin
2025-08-11 22:29:55,376 [INFO] PluginManager:220 - loadIPPluginJar : add quadspi
2025-08-11 22:29:55,378 [INFO] IPUIPlugin:80 - create IPUIPlugin
2025-08-11 22:29:55,379 [INFO] PluginManager:220 - loadIPPluginJar : add radio
2025-08-11 22:29:55,381 [INFO] IPUIPlugin:80 - create IPUIPlugin
2025-08-11 22:29:55,382 [INFO] PluginManager:220 - loadIPPluginJar : add resmgrutility
2025-08-11 22:29:55,384 [INFO] IPUIPlugin:80 - create IPUIPlugin
2025-08-11 22:29:55,384 [INFO] PluginManager:220 - loadIPPluginJar : add sai
2025-08-11 22:29:55,386 [INFO] IPUIPlugin:80 - create IPUIPlugin
2025-08-11 22:29:55,386 [INFO] PluginManager:220 - loadIPPluginJar : add spi
2025-08-11 22:29:55,390 [INFO] IPUIPlugin:80 - create IPUIPlugin
2025-08-11 22:29:55,390 [INFO] PluginManager:220 - loadIPPluginJar : add stm32_wpan
2025-08-11 22:29:55,391 [INFO] IPUIPlugin:80 - create IPUIPlugin
2025-08-11 22:29:55,391 [INFO] PluginManager:220 - loadIPPluginJar : add tim
2025-08-11 22:29:55,394 [INFO] IPUIPlugin:80 - create IPUIPlugin
2025-08-11 22:29:55,394 [INFO] PluginManager:220 - loadIPPluginJar : add touchsensing
2025-08-11 22:29:55,395 [INFO] IPUIPlugin:80 - create IPUIPlugin
2025-08-11 22:29:55,395 [INFO] PluginManager:220 - loadIPPluginJar : add tracer_emb
2025-08-11 22:29:55,396 [INFO] IPUIPlugin:80 - create IPUIPlugin
2025-08-11 22:29:55,397 [INFO] PluginManager:220 - loadIPPluginJar : add ts
2025-08-11 22:29:55,397 [INFO] IPUIPlugin:80 - create IPUIPlugin
2025-08-11 22:29:55,398 [INFO] PluginManager:220 - loadIPPluginJar : add tsc
2025-08-11 22:29:55,399 [INFO] IPUIPlugin:80 - create IPUIPlugin
2025-08-11 22:29:55,399 [INFO] PluginManager:220 - loadIPPluginJar : add ucpd
2025-08-11 22:29:55,401 [INFO] IPUIPlugin:80 - create IPUIPlugin
2025-08-11 22:29:55,401 [INFO] PluginManager:220 - loadIPPluginJar : add usart
2025-08-11 22:29:55,403 [INFO] IPUIPlugin:80 - create IPUIPlugin
2025-08-11 22:29:55,403 [INFO] PluginManager:220 - loadIPPluginJar : add usbx
2025-08-11 22:29:55,516 [FATAL] Updater:351 - Updater called before beeing initialized
2025-08-11 22:29:55,541 [INFO] RulesReader:64 - Compatibility file has been processed (317 Rules)
2025-08-11 22:29:55,553 [INFO] RulesReader:64 - Compatibility file has been processed (317 Rules)
2025-08-11 22:29:55,560 [INFO] CADModel:165 - CPN selected for project level
2025-08-11 22:29:55,560 [INFO] CADModel:114 - Register for checkConnection events
2025-08-11 22:29:55,560 [FATAL] Updater:351 - Updater called before beeing initialized
2025-08-11 22:29:55,560 [ERROR] CADModel:125 - Updater not yet initialized, retry later 
2025-08-11 22:29:55,671 [FATAL] Updater:351 - Updater called before beeing initialized
2025-08-11 22:29:55,673 [INFO] CADModel:165 - CPN selected for project level
2025-08-11 22:29:55,673 [INFO] CADModel:114 - Register for checkConnection events
2025-08-11 22:29:55,673 [FATAL] Updater:351 - Updater called before beeing initialized
2025-08-11 22:29:55,673 [ERROR] CADModel:125 - Updater not yet initialized, retry later 
2025-08-11 22:29:55,676 [FATAL] Updater:351 - Updater called before beeing initialized
2025-08-11 22:29:55,762 [FATAL] Updater:351 - Updater called before beeing initialized
2025-08-11 22:29:55,766 [INFO] DbMcusAds:53 - JSON generation date=Tue Jul 08 13:44:23 IST 2025 (1751962463582)
2025-08-11 22:29:55,766 [FATAL] Updater:351 - Updater called before beeing initialized
2025-08-11 22:29:55,795 [WARN] DetailPanel:346 - Failed to get advertising image, set to default
2025-08-11 22:29:55,863 [FATAL] Updater:351 - Updater called before beeing initialized
2025-08-11 22:29:55,864 [FATAL] Updater:351 - Updater called before beeing initialized
2025-08-11 22:29:55,864 [FATAL] Updater:351 - Updater called before beeing initialized
2025-08-11 22:29:55,864 [WARN] DetailPanel:346 - Failed to get advertising image, set to default
2025-08-11 22:29:55,865 [FATAL] Updater:351 - Updater called before beeing initialized
2025-08-11 22:29:55,900 [ERROR] Updater:1198 - MainUpdater not yet initialized. External WinMGr cannot be set.
2025-08-11 22:29:55,901 [INFO] Updater:1134 - Updater Version found : 6.15.0
2025-08-11 22:29:55,911 [INFO] ApplicationProperties:184 - Using Application install path: C:\ST\STM32CubeIDE_1.19.0\STM32CubeIDE\plugins\com.st.stm32cube.common.mx_6.15.0.202507011659
2025-08-11 22:29:57,478 [ERROR] LogOutputStream:75 - [STDERR_REDIRECT] Aug 11, 2025 10:29:57 PM java.util.prefs.WindowsPreferences <init>
2025-08-11 22:29:57,479 [ERROR] LogOutputStream:75 - [STDERR_REDIRECT] WARNING: Could not open/create prefs root node Software\JavaSoft\Prefs at root 0xffffffff80000002. Windows RegCreateKeyEx(...) returned error code 5.
2025-08-11 22:29:57,479 [ERROR] LogOutputStream:75 - [STDERR_REDIRECT] 
2025-08-11 22:29:57,805 [INFO] MainUpdater:2872 - connection check result : 10
2025-08-11 22:29:57,805 [INFO] MainUpdater:289 - Updater Check For Update Now.
2025-08-11 22:29:57,806 [INFO] MicroXplorer:498 - Change Database Version : DB.6.0.150
2025-08-11 22:29:57,810 [INFO] McuFinderGlobals:63 - Set McuFinder mode to 2 (CubeIDE integrated)
2025-08-11 22:29:57,811 [INFO] UserAuth:171 - activating auth plugin
2025-08-11 22:29:57,813 [INFO] UserAuth:487 - Internet connection configuration mode: 1
2025-08-11 22:29:57,834 [INFO] JxBrowserEngine:152 - Initiate JxBrowser Engine with user profile folder
2025-08-11 22:29:57,874 [WARN] MainUpdater:1193 - Updater busy. Cannot search thirdparties
2025-08-11 22:29:57,874 [INFO] ThirdPartyUpdaterWithRetryManager:96 - Updater plugin is busy. [1/15]
2025-08-11 22:29:57,982 [INFO] CheckServerUpdateThread:120 - End of CheckServer Thread
2025-08-11 22:29:58,368 [INFO] WebApp:169 - Instantiating new browser for Auth
2025-08-11 22:29:58,925 [INFO] WebApp:463 - Apply proxy settings
2025-08-11 22:29:58,925 [INFO] WebApp:548 - Chromium requires no authentication
2025-08-11 22:29:58,930 [INFO] WebApp:491 - Direct internet connection detected
2025-08-11 22:29:58,946 [INFO] WebApp:900 - Register for checkConnection events
2025-08-11 22:29:58,947 [INFO] WebApp:463 - Apply proxy settings
2025-08-11 22:29:58,947 [INFO] WebApp:548 - Chromium requires no authentication
2025-08-11 22:29:58,947 [INFO] WebApp:491 - Direct internet connection detected
2025-08-11 22:29:59,064 [INFO] WebApp:225 - Starting web application
2025-08-11 22:29:59,065 [INFO] WebApp:593 - Web application path used C:\ST\STM32CubeIDE_1.19.0\STM32CubeIDE\plugins\com.st.stm32cube.common.mx_6.15.0.202507011659\db\plugins\mcufinder\reactClient1\index.html
2025-08-11 22:29:59,300 [INFO] WebApp:191 - Connection restablished
2025-08-11 22:30:00,367 [ERROR] LogOutputStream:75 - [STDERR_REDIRECT] [Fatal Error] :1:1: Premature end of file.
2025-08-11 22:30:00,368 [ERROR] LogOutputStream:75 - [STDERR_REDIRECT] 
2025-08-11 22:30:01,016 [WARN] PackLoader:240 - Cannot read IP mode file for STMicroelectronics.FP-SNS-MOTENVWB1.1.4.0
2025-08-11 22:30:01,023 [WARN] PackLoader:240 - Cannot read IP mode file for STMicroelectronics.FP-ATR-ASTRA1.2.0.2
2025-08-11 22:30:01,035 [WARN] PackLoader:240 - Cannot read IP mode file for STMicroelectronics.FP-SNS-STBOX1.2.1.0
2025-08-11 22:30:01,042 [WARN] PackLoader:240 - Cannot read IP mode file for STMicroelectronics.FP-SNS-SMARTAG2.1.2.0
2025-08-11 22:30:01,049 [WARN] PackLoader:240 - Cannot read IP mode file for STMicroelectronics.FP-SNS-FLIGHT1.5.1.0
2025-08-11 22:30:01,054 [WARN] PackLoader:240 - Cannot read IP mode file for STMicroelectronics.FP-SNS-MOTENV1.5.0.0
2025-08-11 22:30:01,060 [WARN] PackLoader:240 - Cannot read IP mode file for STMicroelectronics.FP-ATR-SIGFOX1.3.2.0
2025-08-11 22:30:01,065 [WARN] PackLoader:240 - Cannot read IP mode file for STMicroelectronics.X-CUBE-AI.10.2.0
2025-08-11 22:30:01,073 [WARN] PackLoader:240 - Cannot read IP mode file for STMicroelectronics.FP-SNS-STAIOTCFT.1.0.0
2025-08-11 22:30:01,078 [WARN] PackLoader:240 - Cannot read IP mode file for STMicroelectronics.X-CUBE-ALS.1.0.2
2025-08-11 22:30:01,080 [INFO] ThirdParty:978 - Integrity check success = true
2025-08-11 22:30:01,080 [INFO] IntegrityCheckThread:100 - exiting critical section [integrity check]
2025-08-11 22:30:01,081 [INFO] IntegrityCheckThread:103 - End integrity checks thread
2025-08-11 22:30:01,195 [ERROR] LogOutputStream:75 - [STDERR_REDIRECT] [Fatal Error] :1:1: Premature end of file.
2025-08-11 22:30:01,195 [ERROR] LogOutputStream:75 - [STDERR_REDIRECT] 
2025-08-11 22:30:02,197 [ERROR] LogOutputStream:75 - [STDERR_REDIRECT] [Fatal Error] :1:1: Premature end of file.
2025-08-11 22:30:02,197 [ERROR] LogOutputStream:75 - [STDERR_REDIRECT] 
2025-08-11 22:30:03,199 [ERROR] LogOutputStream:75 - [STDERR_REDIRECT] [Fatal Error] :1:1: Premature end of file.
2025-08-11 22:30:03,199 [ERROR] LogOutputStream:75 - [STDERR_REDIRECT] 
2025-08-11 22:30:04,198 [ERROR] LogOutputStream:75 - [STDERR_REDIRECT] [Fatal Error] :1:1: Premature end of file.
2025-08-11 22:30:04,199 [ERROR] LogOutputStream:75 - [STDERR_REDIRECT] 
2025-08-11 22:30:05,197 [ERROR] LogOutputStream:75 - [STDERR_REDIRECT] [Fatal Error] :1:1: Premature end of file.
2025-08-11 22:30:05,197 [ERROR] LogOutputStream:75 - [STDERR_REDIRECT] 
2025-08-11 22:30:06,195 [ERROR] LogOutputStream:75 - [STDERR_REDIRECT] [Fatal Error] :1:1: Premature end of file.
2025-08-11 22:30:06,196 [ERROR] LogOutputStream:75 - [STDERR_REDIRECT] 
2025-08-11 22:30:07,196 [ERROR] LogOutputStream:75 - [STDERR_REDIRECT] [Fatal Error] :1:1: Premature end of file.
2025-08-11 22:30:07,196 [ERROR] LogOutputStream:75 - [STDERR_REDIRECT] 
2025-08-11 22:30:08,199 [ERROR] LogOutputStream:75 - [STDERR_REDIRECT] [Fatal Error] :1:1: Premature end of file.
2025-08-11 22:30:08,199 [ERROR] LogOutputStream:75 - [STDERR_REDIRECT] 
2025-08-11 22:30:09,195 [ERROR] LogOutputStream:75 - [STDERR_REDIRECT] [Fatal Error] :1:1: Premature end of file.
2025-08-11 22:30:09,196 [ERROR] LogOutputStream:75 - [STDERR_REDIRECT] 
2025-08-11 22:30:10,205 [ERROR] LogOutputStream:75 - [STDERR_REDIRECT] [Fatal Error] :1:1: Premature end of file.
2025-08-11 22:30:10,206 [ERROR] LogOutputStream:75 - [STDERR_REDIRECT] 
2025-08-11 22:30:11,195 [ERROR] LogOutputStream:75 - [STDERR_REDIRECT] [Fatal Error] :1:1: Premature end of file.
2025-08-11 22:30:11,195 [ERROR] LogOutputStream:75 - [STDERR_REDIRECT] 
2025-08-11 22:30:12,211 [ERROR] LogOutputStream:75 - [STDERR_REDIRECT] [Fatal Error] :1:1: Premature end of file.
2025-08-11 22:30:12,211 [ERROR] LogOutputStream:75 - [STDERR_REDIRECT] 
2025-08-11 22:30:13,212 [ERROR] LogOutputStream:75 - [STDERR_REDIRECT] [Fatal Error] :1:1: Premature end of file.
2025-08-11 22:30:13,213 [ERROR] LogOutputStream:75 - [STDERR_REDIRECT] 
2025-08-11 22:30:14,240 [ERROR] LogOutputStream:75 - [STDERR_REDIRECT] [Fatal Error] :1:1: Premature end of file.
2025-08-11 22:30:14,241 [ERROR] LogOutputStream:75 - [STDERR_REDIRECT] 
2025-08-11 22:30:15,198 [ERROR] LogOutputStream:75 - [STDERR_REDIRECT] [Fatal Error] :1:1: Premature end of file.
2025-08-11 22:30:15,198 [ERROR] LogOutputStream:75 - [STDERR_REDIRECT] 
2025-08-11 22:30:16,241 [ERROR] LogOutputStream:75 - [STDERR_REDIRECT] [Fatal Error] :1:1: Premature end of file.
2025-08-11 22:30:16,241 [ERROR] LogOutputStream:75 - [STDERR_REDIRECT] 
2025-08-11 22:30:17,201 [ERROR] LogOutputStream:75 - [STDERR_REDIRECT] [Fatal Error] :1:1: Premature end of file.
2025-08-11 22:30:17,201 [ERROR] LogOutputStream:75 - [STDERR_REDIRECT] 
2025-08-11 22:30:18,199 [ERROR] LogOutputStream:75 - [STDERR_REDIRECT] [Fatal Error] :1:1: Premature end of file.
2025-08-11 22:30:18,200 [ERROR] LogOutputStream:75 - [STDERR_REDIRECT] 
2025-08-11 22:30:19,197 [ERROR] LogOutputStream:75 - [STDERR_REDIRECT] [Fatal Error] :1:1: Premature end of file.
2025-08-11 22:30:19,197 [ERROR] LogOutputStream:75 - [STDERR_REDIRECT] 
2025-08-11 22:30:20,218 [ERROR] LogOutputStream:75 - [STDERR_REDIRECT] [Fatal Error] :1:1: Premature end of file.
2025-08-11 22:30:20,219 [ERROR] LogOutputStream:75 - [STDERR_REDIRECT] 
2025-08-11 22:30:21,196 [ERROR] LogOutputStream:75 - [STDERR_REDIRECT] [Fatal Error] :1:1: Premature end of file.
2025-08-11 22:30:21,196 [ERROR] LogOutputStream:75 - [STDERR_REDIRECT] 
2025-08-11 22:30:22,385 [ERROR] LogOutputStream:75 - [STDERR_REDIRECT] [Fatal Error] :1:1: Premature end of file.
2025-08-11 22:30:22,386 [ERROR] LogOutputStream:75 - [STDERR_REDIRECT] 
2025-08-11 22:30:23,202 [ERROR] LogOutputStream:75 - [STDERR_REDIRECT] [Fatal Error] :1:1: Premature end of file.
2025-08-11 22:30:23,202 [ERROR] LogOutputStream:75 - [STDERR_REDIRECT] 
2025-08-11 22:30:24,196 [ERROR] LogOutputStream:75 - [STDERR_REDIRECT] [Fatal Error] :1:1: Premature end of file.
2025-08-11 22:30:24,196 [ERROR] LogOutputStream:75 - [STDERR_REDIRECT] 
2025-08-11 22:30:25,195 [ERROR] LogOutputStream:75 - [STDERR_REDIRECT] [Fatal Error] :1:1: Premature end of file.
2025-08-11 22:30:25,195 [ERROR] LogOutputStream:75 - [STDERR_REDIRECT] 
2025-08-11 22:30:26,192 [ERROR] LogOutputStream:75 - [STDERR_REDIRECT] [Fatal Error] :1:1: Premature end of file.
2025-08-11 22:30:26,193 [ERROR] LogOutputStream:75 - [STDERR_REDIRECT] 
2025-08-11 22:30:27,226 [ERROR] LogOutputStream:75 - [STDERR_REDIRECT] [Fatal Error] :1:1: Premature end of file.
2025-08-11 22:30:27,226 [ERROR] LogOutputStream:75 - [STDERR_REDIRECT] 
2025-08-11 22:30:27,550 [ERROR] LogOutputStream:75 - [STDERR_REDIRECT] 
2025-08-11 22:30:27,550 [ERROR] LogOutputStream:75 - [STDERR_REDIRECT] 
