18:01:44 **** Incremental Build of configuration Debug for project keypad_interfacing ****
make -j8 all 
arm-none-eabi-size  keypad_interfacing.elf 
   text	   data	    bss	    dec	    hex	filename
   4096	     92	   1900	   6088	   17c8	keypad_interfacing.elf
Finished building: default.size.stdout
 
18:01:49 **** Incremental Build of configuration Debug for project keypad_interfacing ****
make -j8 all 
arm-none-eabi-size  keypad_interfacing.elf 
   text	   data	    bss	    dec	    hex	filename
   4096	     92	   1900	   6088	   17c8	keypad_interfacing.elf
Finished building: default.size.stdout
 
18:04:15 **** Incremental Build of configuration Debug for project keypad_interfacing ****
make -j8 all 
arm-none-eabi-size  keypad_interfacing.elf 
   text	   data	    bss	    dec	    hex	filename
   4096	     92	   1900	   6088	   17c8	keypad_interfacing.elf
Finished building: default.size.stdout
 
18:06:31 **** Incremental Build of configuration Debug for project keypad_interfacing ****
make -j8 all 
arm-none-eabi-size  keypad_interfacing.elf 
   text	   data	    bss	    dec	    hex	filename
   4096	     92	   1900	   6088	   17c8	keypad_interfacing.elf
Finished building: default.size.stdout
 
18:10:18 **** Incremental Build of configuration Debug for project keypad_interfacing ****
make -j8 all 
arm-none-eabi-size  keypad_interfacing.elf 
   text	   data	    bss	    dec	    hex	filename
   4096	     92	   1900	   6088	   17c8	keypad_interfacing.elf
Finished building: default.size.stdout
 
