16:45:33 **** Incremental Build of configuration Debug for project led_toggle_bitfields ****
make -j8 all 
arm-none-eabi-gcc "../Src/main.c" -mcpu=cortex-m4 -std=gnu11 -g3 -DDEBUG -DSTM32 -DSTM32F407G_DISC1 -DSTM32F4 -DSTM32F407VGTx -c -I../Inc -O0 -ffunction-sections -fdata-sections -Wall -fstack-usage -fcyclomatic-complexity -MMD -MP -MF"Src/main.d" -MT"Src/main.o" --specs=nano.specs -mfloat-abi=soft -mthumb -o "Src/main.o"
arm-none-eabi-gcc -o "led_toggle_bitfields.elf" @"objects.list"   -mcpu=cortex-m4 -T"C:\Users\harri\OneDrive\Documents\Embedded-C\My_workspace\target\led_toggle_bitfields\STM32F407VGTX_FLASH.ld" --specs=nosys.specs -Wl,-Map="led_toggle_bitfields.map" -Wl,--gc-sections -static --specs=nano.specs -mfloat-abi=soft -mthumb -Wl,--start-group -lc -lm -Wl,--end-group
Finished building target: led_toggle_bitfields.elf
 
arm-none-eabi-size  led_toggle_bitfields.elf 
arm-none-eabi-objdump -h -S led_toggle_bitfields.elf  > "led_toggle_bitfields.list"
   text	   data	    bss	    dec	    hex	filename
    764	      0	   1568	   2332	    91c	led_toggle_bitfields.elf
Finished building: default.size.stdout
 
Finished building: led_toggle_bitfields.list
 

16:45:34 Build Finished. 0 errors, 0 warnings. (took 460ms)

