2026-01-12 14:17:38,519 [INFO] Activator:176 - 


2026-01-12 14:17:38,527 [INFO] Activator:177 - !SESSION log4j initialized
2026-01-12 14:17:45,260 [INFO] LogOutputStream:77 - [STDOUT_REDIRECT] 
2026-01-12 14:17:51,706 [INFO] ApplicationProperties:184 - Using Application install path: C:\ST\STM32CubeIDE_1.19.0\STM32CubeIDE\plugins\com.st.stm32cube.common.mx_6.15.0.202507011659
2026-01-12 14:17:51,726 [INFO] DbMcusXml:78 - Set database path to: C:\ST\STM32CubeIDE_1.19.0\STM32CubeIDE\plugins\com.st.stm32cube.common.mx_6.15.0.202507011659\\db\/mcu/
2026-01-12 14:17:51,726 [INFO] ApiDb:274 - Set plugin database path to: C:\ST\STM32CubeIDE_1.19.0\STM32CubeIDE\plugins\com.st.stm32cube.common.mx_6.15.0.202507011659\\db\/plugins/boardmanager/
2026-01-12 14:17:51,727 [WARN] ApiDb:259 - Overriding images path with different value:  => C:\ST\STM32CubeIDE_1.19.0\STM32CubeIDE\plugins\com.st.stm32cube.common.mx_6.15.0.202507011659\\db\/plugins/mcufinder/images/
2026-01-12 14:17:51,736 [INFO] ApiDb:250 - Set database path to: C:\Users\Harshil\.stmcufinder\plugins\mcufinder//mcu/
2026-01-12 14:17:51,737 [INFO] DbMcusAds:125 - Set database path to: C:\Users\Harshil\.stmcufinder\plugins\mcufinder//mcu/
2026-01-12 14:17:51,740 [INFO] CrossReferenceDbSqlite:203 - Set database path to: C:\Users\Harshil\.stmcufinder\plugins\mcufinder//mcu/cs/
2026-01-12 14:17:52,033 [INFO] RulesReader:64 - Compatibility file has been processed (317 Rules)
2026-01-12 14:17:52,114 [INFO] DbMcusXml:78 - Set database path to: C:\ST\STM32CubeIDE_1.19.0\STM32CubeIDE\plugins\com.st.stm32cube.common.mx_6.15.0.202507011659\\db\/mcu/
2026-01-12 14:17:52,114 [INFO] ApiDb:274 - Set plugin database path to: C:\ST\STM32CubeIDE_1.19.0\STM32CubeIDE\plugins\com.st.stm32cube.common.mx_6.15.0.202507011659\\db\/plugins/boardmanager/
2026-01-12 14:17:52,114 [INFO] ApiDb:261 - Set plugin images path to: C:\ST\STM32CubeIDE_1.19.0\STM32CubeIDE\plugins\com.st.stm32cube.common.mx_6.15.0.202507011659\\db\/plugins/mcufinder/images/
2026-01-12 14:17:52,115 [WARN] DbFile:41 - Overriding database path with different value: C:\Users\Harshil\.stmcufinder\plugins\mcufinder/ => C:\Users\Harshil\.stmcufinder\plugins\mcufinder
2026-01-12 14:17:52,115 [INFO] ApiDb:250 - Set database path to: C:\Users\Harshil\.stmcufinder\plugins\mcufinder//mcu/
2026-01-12 14:17:52,115 [WARN] DbFile:41 - Overriding database path with different value: C:\Users\Harshil\.stmcufinder\plugins\mcufinder/ => C:\Users\Harshil\.stmcufinder\plugins\mcufinder
2026-01-12 14:17:52,115 [INFO] DbMcusAds:125 - Set database path to: C:\Users\Harshil\.stmcufinder\plugins\mcufinder//mcu/
2026-01-12 14:17:52,115 [WARN] DbFile:41 - Overriding database path with different value: C:\Users\Harshil\.stmcufinder\plugins\mcufinder/ => C:\Users\Harshil\.stmcufinder\plugins\mcufinder
2026-01-12 14:17:52,116 [WARN] DbFile:41 - Overriding database path with different value: C:\Users\Harshil\.stmcufinder\plugins\mcufinder/ => C:\Users\Harshil\.stmcufinder\plugins\mcufinder
2026-01-12 14:17:52,116 [INFO] CrossReferenceDbSqlite:203 - Set database path to: C:\Users\Harshil\.stmcufinder\plugins\mcufinder//mcu/cs/
2026-01-12 14:17:52,199 [INFO] MainPanel:274 - HeapMemory: 268435456
2026-01-12 14:17:52,358 [INFO] DbMcusXml:78 - Set database path to: C:\ST\STM32CubeIDE_1.19.0\STM32CubeIDE\plugins\com.st.stm32cube.common.mx_6.15.0.202507011659\\db\/mcu/
2026-01-12 14:17:52,358 [INFO] ApiDb:274 - Set plugin database path to: C:\ST\STM32CubeIDE_1.19.0\STM32CubeIDE\plugins\com.st.stm32cube.common.mx_6.15.0.202507011659\\db\/plugins/boardmanager/
2026-01-12 14:17:52,358 [INFO] ApiDb:261 - Set plugin images path to: C:\ST\STM32CubeIDE_1.19.0\STM32CubeIDE\plugins\com.st.stm32cube.common.mx_6.15.0.202507011659\\db\/plugins/mcufinder/images/
2026-01-12 14:17:52,358 [WARN] DbFile:41 - Overriding database path with different value: C:\Users\Harshil\.stmcufinder\plugins\mcufinder/ => C:\Users\Harshil\.stmcufinder\plugins\mcufinder
2026-01-12 14:17:52,359 [INFO] ApiDb:250 - Set database path to: C:\Users\Harshil\.stmcufinder\plugins\mcufinder//mcu/
2026-01-12 14:17:52,359 [WARN] DbFile:41 - Overriding database path with different value: C:\Users\Harshil\.stmcufinder\plugins\mcufinder/ => C:\Users\Harshil\.stmcufinder\plugins\mcufinder
2026-01-12 14:17:52,359 [INFO] DbMcusAds:125 - Set database path to: C:\Users\Harshil\.stmcufinder\plugins\mcufinder//mcu/
2026-01-12 14:17:52,359 [WARN] DbFile:41 - Overriding database path with different value: C:\Users\Harshil\.stmcufinder\plugins\mcufinder/ => C:\Users\Harshil\.stmcufinder\plugins\mcufinder
2026-01-12 14:17:52,359 [WARN] DbFile:41 - Overriding database path with different value: C:\Users\Harshil\.stmcufinder\plugins\mcufinder/ => C:\Users\Harshil\.stmcufinder\plugins\mcufinder
2026-01-12 14:17:52,359 [INFO] CrossReferenceDbSqlite:203 - Set database path to: C:\Users\Harshil\.stmcufinder\plugins\mcufinder//mcu/cs/
2026-01-12 14:17:52,384 [INFO] ApplicationProperties:184 - Using Application install path: C:\ST\STM32CubeIDE_1.19.0\STM32CubeIDE\plugins\com.st.stm32cube.common.mx_6.15.0.202507011659
2026-01-12 14:17:52,385 [INFO] PluginManage:196 - Search for loadable plugins [exclusion list=, ]
2026-01-12 14:17:52,386 [INFO] PluginManage:310 - Check plugin analytics
2026-01-12 14:17:57,568 [INFO] AnalyticsPlugin:253 - Accepted Software Licenses: 
2026-01-12 14:17:57,568 [INFO] AnalyticsPlugin:255 - Accepted CMSIS Pack Licenses: 
2026-01-12 14:17:57,568 [INFO] AnalyticsPlugin:257 - Accepted Firmware Licenses: 
2026-01-12 14:17:57,568 [INFO] PluginManage:359 - Loaded plugin analytics (category:tool,tabindex:-1)
2026-01-12 14:17:57,569 [INFO] PluginManage:310 - Check plugin cadmodel
2026-01-12 14:17:57,575 [INFO] CADModel:105 - Init CAD model plugin
2026-01-12 14:17:57,575 [INFO] PluginManage:359 - Loaded plugin cadmodel (category:power,tabindex:5)
2026-01-12 14:17:57,575 [INFO] PluginManage:310 - Check plugin clock
2026-01-12 14:17:57,584 [INFO] PluginManage:359 - Loaded plugin clock (category:base,tabindex:2)
2026-01-12 14:17:57,584 [INFO] PluginManage:310 - Check plugin ddr
2026-01-12 14:17:57,587 [INFO] PluginManage:359 - Loaded plugin ddr (category:tool,tabindex:6)
2026-01-12 14:17:57,587 [INFO] PluginManage:310 - Check plugin filemanager
2026-01-12 14:17:57,738 [INFO] PluginManage:359 - Loaded plugin filemanager (category:base,tabindex:10)
2026-01-12 14:17:57,738 [INFO] PluginManage:310 - Check plugin ipmanager
2026-01-12 14:17:57,744 [INFO] PluginManage:359 - Loaded plugin ipmanager (category:base,tabindex:5)
2026-01-12 14:17:57,744 [INFO] PluginManage:310 - Check plugin lpbam
2026-01-12 14:17:57,752 [INFO] PluginManage:359 - Loaded plugin lpbam (category:base,tabindex:0)
2026-01-12 14:17:57,752 [INFO] PluginManage:310 - Check plugin memorymap
2026-01-12 14:17:57,768 [INFO] PluginManage:359 - Loaded plugin memorymap (category:base,tabindex:4)
2026-01-12 14:17:57,768 [INFO] PluginManage:310 - Check plugin pinoutandconfiguration
2026-01-12 14:17:57,778 [INFO] PluginManage:359 - Loaded plugin pinoutandconfiguration (category:base,tabindex:1)
2026-01-12 14:17:57,778 [INFO] PluginManage:310 - Check plugin pinoutconfig
2026-01-12 14:17:57,880 [WARN] SupportedApi:132 - Cannot load RTOS API schema: s4s-elt-must-match.1: The content of 'definitions' must match (annotation?, (simpleType | complexType)?, (unique | key | keyref)*)). A problem was found starting at: attribute.
2026-01-12 14:17:58,045 [INFO] PluginManage:359 - Loaded plugin pinoutconfig (category:base,tabindex:0)
2026-01-12 14:17:58,045 [INFO] PluginManage:310 - Check plugin power
2026-01-12 14:17:58,056 [INFO] PluginManage:359 - Loaded plugin power (category:power,tabindex:4)
2026-01-12 14:17:58,056 [INFO] PluginManage:310 - Check plugin projectmanager
2026-01-12 14:17:58,072 [INFO] PluginManage:359 - Loaded plugin projectmanager (category:projectmanager,tabindex:4)
2026-01-12 14:17:58,072 [INFO] PluginManage:310 - Check plugin rif
2026-01-12 14:17:58,083 [INFO] PluginManage:359 - Loaded plugin rif (category:base,tabindex:3)
2026-01-12 14:17:58,083 [INFO] PluginManage:310 - Check plugin thirdparty
2026-01-12 14:17:58,206 [WARN] IntegrityCheckThread:84 - waiting for thirdparty lock release [integrity check]
2026-01-12 14:17:58,206 [INFO] PluginManage:359 - Loaded plugin thirdparty (category:base,tabindex:-1)
2026-01-12 14:17:58,206 [INFO] IntegrityCheckThread:86 - entering critical section [integrity check]
2026-01-12 14:17:58,206 [INFO] PluginManage:310 - Check plugin tools
2026-01-12 14:17:58,207 [INFO] ThirdPartyUpdaterWithRetryManager:70 - Updater plugin not ready yet. [1/15]
2026-01-12 14:17:58,210 [INFO] PluginManage:359 - Loaded plugin tools (category:base,tabindex:7)
2026-01-12 14:17:58,210 [INFO] PluginManage:310 - Check plugin tutovideos
2026-01-12 14:17:58,441 [INFO] PluginManage:359 - Loaded plugin tutovideos (category:base,tabindex:-1)
2026-01-12 14:17:58,441 [INFO] PluginManage:310 - Check plugin updater
2026-01-12 14:17:58,461 [INFO] PluginManage:359 - Loaded plugin updater (category:base,tabindex:12)
2026-01-12 14:17:58,461 [INFO] PluginManage:310 - Check plugin userauth
2026-01-12 14:17:58,464 [INFO] UserAuth:118 - Init User Auth plugin
2026-01-12 14:17:58,465 [INFO] PluginManage:359 - Loaded plugin userauth (category:base,tabindex:14)
2026-01-12 14:17:58,465 [INFO] PluginManage:283 - PluginManage : Loaded plugins [18]
2026-01-12 14:17:58,644 [INFO] PinOutPanel:1589 - setPackage(No Configuration,No Configuration)
2026-01-12 14:17:58,723 [INFO] CADModel:165 - CPN selected for project level
2026-01-12 14:17:58,724 [INFO] CADModel:114 - Register for checkConnection events
2026-01-12 14:17:58,743 [INFO] IPUIPlugin:80 - create IPUIPlugin
2026-01-12 14:17:58,744 [INFO] PluginManager:220 - loadIPPluginJar : add adc
2026-01-12 14:17:58,747 [INFO] IPUIPlugin:80 - create IPUIPlugin
2026-01-12 14:17:58,747 [INFO] PluginManager:220 - loadIPPluginJar : add aes
2026-01-12 14:17:58,752 [INFO] IPUIPlugin:80 - create IPUIPlugin
2026-01-12 14:17:58,752 [INFO] PluginManager:220 - loadIPPluginJar : add can
2026-01-12 14:17:58,754 [INFO] IPUIPlugin:80 - create IPUIPlugin
2026-01-12 14:17:58,754 [INFO] PluginManager:220 - loadIPPluginJar : add comp
2026-01-12 14:17:58,757 [INFO] IPUIPlugin:80 - create IPUIPlugin
2026-01-12 14:17:58,758 [INFO] PluginManager:220 - loadIPPluginJar : add cryp
2026-01-12 14:17:58,761 [INFO] IPUIPlugin:80 - create IPUIPlugin
2026-01-12 14:17:58,761 [INFO] PluginManager:220 - loadIPPluginJar : add ddr_ctrl_phy
2026-01-12 14:17:58,764 [INFO] IPUIPlugin:80 - create IPUIPlugin
2026-01-12 14:17:58,764 [INFO] PluginManager:220 - loadIPPluginJar : add dfsdm
2026-01-12 14:17:58,769 [INFO] IPUIPlugin:80 - create IPUIPlugin
2026-01-12 14:17:58,770 [INFO] PluginManager:220 - loadIPPluginJar : add dma
2026-01-12 14:17:58,774 [INFO] IPUIPlugin:80 - create IPUIPlugin
2026-01-12 14:17:58,775 [INFO] PluginManager:220 - loadIPPluginJar : add dma3
2026-01-12 14:17:58,778 [INFO] IPUIPlugin:80 - create IPUIPlugin
2026-01-12 14:17:58,778 [INFO] PluginManager:220 - loadIPPluginJar : add extmemmanager
2026-01-12 14:17:58,780 [INFO] IPUIPlugin:80 - create IPUIPlugin
2026-01-12 14:17:58,780 [INFO] PluginManager:220 - loadIPPluginJar : add fatfs
2026-01-12 14:17:58,786 [INFO] IPUIPlugin:80 - create IPUIPlugin
2026-01-12 14:17:58,786 [INFO] PluginManager:220 - loadIPPluginJar : add fmc
2026-01-12 14:17:58,794 [INFO] IPUIPlugin:80 - create IPUIPlugin
2026-01-12 14:17:58,794 [INFO] PluginManager:220 - loadIPPluginJar : add freertos
2026-01-12 14:17:58,795 [INFO] IPUIPlugin:80 - create IPUIPlugin
2026-01-12 14:17:58,796 [INFO] PluginManager:220 - loadIPPluginJar : add genericplugin
2026-01-12 14:17:58,798 [INFO] IPUIPlugin:80 - create IPUIPlugin
2026-01-12 14:17:58,798 [INFO] PluginManager:220 - loadIPPluginJar : add gfxmmu
2026-01-12 14:17:58,805 [INFO] IPUIPlugin:80 - create IPUIPlugin
2026-01-12 14:17:58,805 [INFO] PluginManager:220 - loadIPPluginJar : add gic
2026-01-12 14:17:58,810 [INFO] IPUIPlugin:80 - create IPUIPlugin
2026-01-12 14:17:58,810 [INFO] PluginManager:220 - loadIPPluginJar : add gpio
2026-01-12 14:17:58,813 [INFO] IPUIPlugin:80 - create IPUIPlugin
2026-01-12 14:17:58,814 [INFO] PluginManager:220 - loadIPPluginJar : add gtzc
2026-01-12 14:17:58,816 [INFO] IPUIPlugin:80 - create IPUIPlugin
2026-01-12 14:17:58,816 [INFO] PluginManager:220 - loadIPPluginJar : add hash
2026-01-12 14:17:58,820 [INFO] IPUIPlugin:80 - create IPUIPlugin
2026-01-12 14:17:58,820 [INFO] PluginManager:220 - loadIPPluginJar : add i2c
2026-01-12 14:17:58,823 [INFO] IPUIPlugin:80 - create IPUIPlugin
2026-01-12 14:17:58,823 [INFO] PluginManager:220 - loadIPPluginJar : add i2s
2026-01-12 14:17:58,826 [INFO] IPUIPlugin:80 - create IPUIPlugin
2026-01-12 14:17:58,826 [INFO] PluginManager:220 - loadIPPluginJar : add i3c
2026-01-12 14:17:58,830 [INFO] IPUIPlugin:80 - create IPUIPlugin
2026-01-12 14:17:58,830 [INFO] PluginManager:220 - loadIPPluginJar : add ipddr
2026-01-12 14:17:58,838 [INFO] IPUIPlugin:80 - create IPUIPlugin
2026-01-12 14:17:58,838 [INFO] PluginManager:220 - loadIPPluginJar : add linkedlist
2026-01-12 14:17:58,842 [INFO] IPUIPlugin:80 - create IPUIPlugin
2026-01-12 14:17:58,842 [INFO] PluginManager:220 - loadIPPluginJar : add lorawan
2026-01-12 14:17:58,845 [INFO] IPUIPlugin:80 - create IPUIPlugin
2026-01-12 14:17:58,845 [INFO] PluginManager:220 - loadIPPluginJar : add ltdc
2026-01-12 14:17:58,849 [INFO] IPUIPlugin:80 - create IPUIPlugin
2026-01-12 14:17:58,850 [INFO] PluginManager:220 - loadIPPluginJar : add mdma
2026-01-12 14:17:58,854 [INFO] IPUIPlugin:80 - create IPUIPlugin
2026-01-12 14:17:58,854 [INFO] PluginManager:220 - loadIPPluginJar : add nvic
2026-01-12 14:17:58,857 [INFO] IPUIPlugin:80 - create IPUIPlugin
2026-01-12 14:17:58,857 [INFO] PluginManager:220 - loadIPPluginJar : add opamp
2026-01-12 14:17:58,861 [INFO] IPUIPlugin:80 - create IPUIPlugin
2026-01-12 14:17:58,861 [INFO] PluginManager:220 - loadIPPluginJar : add openamp
2026-01-12 14:17:58,865 [INFO] IPUIPlugin:80 - create IPUIPlugin
2026-01-12 14:17:58,865 [INFO] PluginManager:220 - loadIPPluginJar : add pdm2pcm
2026-01-12 14:17:58,871 [INFO] IPUIPlugin:80 - create IPUIPlugin
2026-01-12 14:17:58,873 [INFO] PluginManager:220 - loadIPPluginJar : add plateformsettings
2026-01-12 14:17:58,876 [INFO] IPUIPlugin:80 - create IPUIPlugin
2026-01-12 14:17:58,876 [INFO] PluginManager:220 - loadIPPluginJar : add quadspi
2026-01-12 14:17:58,878 [INFO] IPUIPlugin:80 - create IPUIPlugin
2026-01-12 14:17:58,879 [INFO] PluginManager:220 - loadIPPluginJar : add radio
2026-01-12 14:17:58,883 [INFO] IPUIPlugin:80 - create IPUIPlugin
2026-01-12 14:17:58,883 [INFO] PluginManager:220 - loadIPPluginJar : add resmgrutility
2026-01-12 14:17:58,887 [INFO] IPUIPlugin:80 - create IPUIPlugin
2026-01-12 14:17:58,887 [INFO] PluginManager:220 - loadIPPluginJar : add sai
2026-01-12 14:17:58,889 [INFO] IPUIPlugin:80 - create IPUIPlugin
2026-01-12 14:17:58,889 [INFO] PluginManager:220 - loadIPPluginJar : add spi
2026-01-12 14:17:58,895 [INFO] IPUIPlugin:80 - create IPUIPlugin
2026-01-12 14:17:58,895 [INFO] PluginManager:220 - loadIPPluginJar : add stm32_wpan
2026-01-12 14:17:58,897 [INFO] IPUIPlugin:80 - create IPUIPlugin
2026-01-12 14:17:58,897 [INFO] PluginManager:220 - loadIPPluginJar : add tim
2026-01-12 14:17:58,900 [INFO] IPUIPlugin:80 - create IPUIPlugin
2026-01-12 14:17:58,900 [INFO] PluginManager:220 - loadIPPluginJar : add touchsensing
2026-01-12 14:17:58,902 [INFO] IPUIPlugin:80 - create IPUIPlugin
2026-01-12 14:17:58,902 [INFO] PluginManager:220 - loadIPPluginJar : add tracer_emb
2026-01-12 14:17:58,904 [INFO] IPUIPlugin:80 - create IPUIPlugin
2026-01-12 14:17:58,904 [INFO] PluginManager:220 - loadIPPluginJar : add ts
2026-01-12 14:17:58,906 [INFO] IPUIPlugin:80 - create IPUIPlugin
2026-01-12 14:17:58,906 [INFO] PluginManager:220 - loadIPPluginJar : add tsc
2026-01-12 14:17:58,908 [INFO] IPUIPlugin:80 - create IPUIPlugin
2026-01-12 14:17:58,908 [INFO] PluginManager:220 - loadIPPluginJar : add ucpd
2026-01-12 14:17:58,912 [INFO] IPUIPlugin:80 - create IPUIPlugin
2026-01-12 14:17:58,912 [INFO] PluginManager:220 - loadIPPluginJar : add usart
2026-01-12 14:17:58,915 [INFO] IPUIPlugin:80 - create IPUIPlugin
2026-01-12 14:17:58,915 [INFO] PluginManager:220 - loadIPPluginJar : add usbx
2026-01-12 14:17:59,038 [FATAL] Updater:351 - Updater called before beeing initialized
2026-01-12 14:17:59,065 [INFO] RulesReader:64 - Compatibility file has been processed (317 Rules)
2026-01-12 14:17:59,078 [INFO] RulesReader:64 - Compatibility file has been processed (317 Rules)
2026-01-12 14:17:59,091 [INFO] CADModel:165 - CPN selected for project level
2026-01-12 14:17:59,091 [INFO] CADModel:114 - Register for checkConnection events
2026-01-12 14:17:59,092 [FATAL] Updater:351 - Updater called before beeing initialized
2026-01-12 14:17:59,092 [ERROR] CADModel:125 - Updater not yet initialized, retry later 
2026-01-12 14:17:59,243 [FATAL] Updater:351 - Updater called before beeing initialized
2026-01-12 14:17:59,245 [INFO] CADModel:165 - CPN selected for project level
2026-01-12 14:17:59,245 [INFO] CADModel:114 - Register for checkConnection events
2026-01-12 14:17:59,245 [FATAL] Updater:351 - Updater called before beeing initialized
2026-01-12 14:17:59,245 [ERROR] CADModel:125 - Updater not yet initialized, retry later 
2026-01-12 14:17:59,248 [FATAL] Updater:351 - Updater called before beeing initialized
2026-01-12 14:17:59,372 [FATAL] Updater:351 - Updater called before beeing initialized
2026-01-12 14:17:59,375 [INFO] DbMcusAds:53 - JSON generation date=Tue Jul 08 13:44:23 IST 2025 (1751962463582)
2026-01-12 14:17:59,375 [FATAL] Updater:351 - Updater called before beeing initialized
2026-01-12 14:17:59,422 [WARN] DetailPanel:346 - Failed to get advertising image, set to default
2026-01-12 14:17:59,492 [FATAL] Updater:351 - Updater called before beeing initialized
2026-01-12 14:17:59,494 [FATAL] Updater:351 - Updater called before beeing initialized
2026-01-12 14:17:59,494 [FATAL] Updater:351 - Updater called before beeing initialized
2026-01-12 14:17:59,494 [WARN] DetailPanel:346 - Failed to get advertising image, set to default
2026-01-12 14:17:59,495 [FATAL] Updater:351 - Updater called before beeing initialized
2026-01-12 14:17:59,535 [ERROR] Updater:1198 - MainUpdater not yet initialized. External WinMGr cannot be set.
2026-01-12 14:17:59,536 [INFO] Updater:1134 - Updater Version found : 6.15.0
2026-01-12 14:17:59,549 [INFO] ApplicationProperties:184 - Using Application install path: C:\ST\STM32CubeIDE_1.19.0\STM32CubeIDE\plugins\com.st.stm32cube.common.mx_6.15.0.202507011659
2026-01-12 14:18:01,131 [ERROR] LogOutputStream:75 - [STDERR_REDIRECT] Jan 12, 2026 2:18:01 PM java.util.prefs.WindowsPreferences <init>
2026-01-12 14:18:01,136 [ERROR] LogOutputStream:75 - [STDERR_REDIRECT] WARNING: Could not open/create prefs root node Software\JavaSoft\Prefs at root 0xffffffff80000002. Windows RegCreateKeyEx(...) returned error code 5.
2026-01-12 14:18:01,136 [ERROR] LogOutputStream:75 - [STDERR_REDIRECT] 
2026-01-12 14:18:01,207 [INFO] ThirdPartyUpdaterWithRetryManager:70 - Updater plugin not ready yet. [2/15]
2026-01-12 14:18:02,447 [INFO] MainUpdater:2872 - connection check result : 10
2026-01-12 14:18:02,448 [INFO] MainUpdater:3604 - Updater definition file requires update
2026-01-12 14:18:02,451 [INFO] MainUpdater:289 - Updater Check For Update Now.
2026-01-12 14:18:02,451 [INFO] MicroXplorer:498 - Change Database Version : DB.6.0.150
2026-01-12 14:18:02,478 [INFO] McuFinderGlobals:63 - Set McuFinder mode to 2 (CubeIDE integrated)
2026-01-12 14:18:02,479 [INFO] UserAuth:171 - activating auth plugin
2026-01-12 14:18:02,486 [INFO] UserAuth:487 - Internet connection configuration mode: 1
2026-01-12 14:18:02,540 [INFO] JxBrowserEngine:152 - Initiate JxBrowser Engine with user profile folder
2026-01-12 14:18:03,438 [INFO] ServerAccessManage:452 - Complete download http(s) 200
2026-01-12 14:18:03,438 [INFO] ServerAccessManage:509 - Download File updaters.zip
2026-01-12 14:18:04,137 [INFO] WebApp:169 - Instantiating new browser for Auth
2026-01-12 14:18:04,209 [WARN] MainUpdater:1193 - Updater busy. Cannot search thirdparties
2026-01-12 14:18:04,209 [INFO] ThirdPartyUpdaterWithRetryManager:96 - Updater plugin is busy. [1/15]
2026-01-12 14:18:04,901 [INFO] WebApp:463 - Apply proxy settings
2026-01-12 14:18:04,902 [INFO] WebApp:548 - Chromium requires no authentication
2026-01-12 14:18:04,912 [INFO] WebApp:491 - Direct internet connection detected
2026-01-12 14:18:04,940 [INFO] WebApp:900 - Register for checkConnection events
2026-01-12 14:18:04,940 [INFO] WebApp:463 - Apply proxy settings
2026-01-12 14:18:04,940 [INFO] WebApp:548 - Chromium requires no authentication
2026-01-12 14:18:04,941 [INFO] WebApp:491 - Direct internet connection detected
2026-01-12 14:18:05,102 [INFO] WebApp:225 - Starting web application
2026-01-12 14:18:05,103 [INFO] WebApp:593 - Web application path used C:\ST\STM32CubeIDE_1.19.0\STM32CubeIDE\plugins\com.st.stm32cube.common.mx_6.15.0.202507011659\db\plugins\mcufinder\reactClient1\index.html
2026-01-12 14:18:05,380 [ERROR] LogOutputStream:75 - [STDERR_REDIRECT] [Fatal Error] :1:1: Premature end of file.
2026-01-12 14:18:05,380 [ERROR] LogOutputStream:75 - [STDERR_REDIRECT] 
2026-01-12 14:18:06,366 [ERROR] LogOutputStream:75 - [STDERR_REDIRECT] [Fatal Error] :1:1: Premature end of file.
2026-01-12 14:18:06,366 [ERROR] LogOutputStream:75 - [STDERR_REDIRECT] 
2026-01-12 14:18:06,408 [INFO] WebApp:191 - Connection restablished
2026-01-12 14:18:07,211 [WARN] MainUpdater:1193 - Updater busy. Cannot search thirdparties
2026-01-12 14:18:07,211 [INFO] ThirdPartyUpdaterWithRetryManager:96 - Updater plugin is busy. [2/15]
2026-01-12 14:18:07,411 [ERROR] LogOutputStream:75 - [STDERR_REDIRECT] [Fatal Error] :1:1: Premature end of file.
2026-01-12 14:18:07,411 [ERROR] LogOutputStream:75 - [STDERR_REDIRECT] 
2026-01-12 14:18:08,354 [ERROR] LogOutputStream:75 - [STDERR_REDIRECT] [Fatal Error] :1:1: Premature end of file.
2026-01-12 14:18:08,354 [ERROR] LogOutputStream:75 - [STDERR_REDIRECT] 
2026-01-12 14:18:09,172 [INFO] FileExtend:248 - Unzip File : updaters.zip
2026-01-12 14:18:09,173 [INFO] FileExtend:263 - Standard Zip Deflate
2026-01-12 14:18:09,343 [ERROR] LogOutputStream:75 - [STDERR_REDIRECT] [Fatal Error] :1:1: Premature end of file.
2026-01-12 14:18:09,343 [ERROR] LogOutputStream:75 - [STDERR_REDIRECT] 
2026-01-12 14:18:10,020 [INFO] ServerAccessManage:452 - Complete download http(s) 200
2026-01-12 14:18:10,021 [INFO] ServerAccessManage:509 - Download File PacksControlFlags.xml
2026-01-12 14:18:10,214 [WARN] MainUpdater:1193 - Updater busy. Cannot search thirdparties
2026-01-12 14:18:10,214 [INFO] ThirdPartyUpdaterWithRetryManager:96 - Updater plugin is busy. [3/15]
2026-01-12 14:18:10,410 [ERROR] LogOutputStream:75 - [STDERR_REDIRECT] [Fatal Error] :1:1: Premature end of file.
2026-01-12 14:18:10,411 [ERROR] LogOutputStream:75 - [STDERR_REDIRECT] 
2026-01-12 14:18:11,408 [ERROR] LogOutputStream:75 - [STDERR_REDIRECT] [Fatal Error] :1:1: Premature end of file.
2026-01-12 14:18:11,409 [ERROR] LogOutputStream:75 - [STDERR_REDIRECT] 
2026-01-12 14:18:12,405 [ERROR] LogOutputStream:75 - [STDERR_REDIRECT] [Fatal Error] :1:1: Premature end of file.
2026-01-12 14:18:12,406 [ERROR] LogOutputStream:75 - [STDERR_REDIRECT] 
2026-01-12 14:18:13,215 [WARN] MainUpdater:1193 - Updater busy. Cannot search thirdparties
2026-01-12 14:18:13,215 [INFO] ThirdPartyUpdaterWithRetryManager:96 - Updater plugin is busy. [4/15]
2026-01-12 14:18:13,410 [ERROR] LogOutputStream:75 - [STDERR_REDIRECT] [Fatal Error] :1:1: Premature end of file.
2026-01-12 14:18:13,411 [ERROR] LogOutputStream:75 - [STDERR_REDIRECT] 
2026-01-12 14:18:13,772 [INFO] ServerAccessManage:452 - Complete download http(s) 200
2026-01-12 14:18:13,772 [INFO] ServerAccessManage:509 - Download File cubemx.pidx
2026-01-12 14:18:14,041 [INFO] LoadServerUpdatesThread:375 - End of LoadServerUpdate Thread
2026-01-12 14:18:14,200 [INFO] CheckServerUpdateThread:120 - End of CheckServer Thread
2026-01-12 14:18:14,406 [ERROR] LogOutputStream:75 - [STDERR_REDIRECT] [Fatal Error] :1:1: Premature end of file.
2026-01-12 14:18:14,407 [ERROR] LogOutputStream:75 - [STDERR_REDIRECT] 
2026-01-12 14:18:15,335 [ERROR] LogOutputStream:75 - [STDERR_REDIRECT] [Fatal Error] :1:1: Premature end of file.
2026-01-12 14:18:15,335 [ERROR] LogOutputStream:75 - [STDERR_REDIRECT] 
2026-01-12 14:18:16,349 [ERROR] LogOutputStream:75 - [STDERR_REDIRECT] [Fatal Error] :1:1: Premature end of file.
2026-01-12 14:18:16,350 [ERROR] LogOutputStream:75 - [STDERR_REDIRECT] 
2026-01-12 14:18:16,470 [WARN] PackLoader:240 - Cannot read IP mode file for STMicroelectronics.FP-SNS-MOTENVWB1.1.4.0
2026-01-12 14:18:16,478 [WARN] PackLoader:240 - Cannot read IP mode file for STMicroelectronics.FP-ATR-ASTRA1.2.0.2
2026-01-12 14:18:16,486 [WARN] PackLoader:240 - Cannot read IP mode file for STMicroelectronics.X-CUBE-SMBUS.2.1.0
2026-01-12 14:18:16,517 [WARN] PackLoader:240 - Cannot read IP mode file for STMicroelectronics.X-CUBE-AZRTOS-F7.1.1.0
2026-01-12 14:18:16,527 [WARN] PackLoader:240 - Cannot read IP mode file for STMicroelectronics.FP-SNS-MOTENV1.5.1.0
2026-01-12 14:18:16,540 [WARN] PackLoader:240 - Cannot read IP mode file for WES.I-CUBE-Cesium.1.4.0
2026-01-12 14:18:16,569 [WARN] PackLoader:240 - Cannot read IP mode file for STMicroelectronics.X-CUBE-AZRTOS-H7.3.4.0
2026-01-12 14:18:16,582 [WARN] PackLoader:240 - Cannot read IP mode file for STMicroelectronics.X-CUBE-DISPLAY.3.0.0
2026-01-12 14:18:16,596 [WARN] PackLoader:240 - Cannot read IP mode file for STMicroelectronics.X-CUBE-NFC10.1.0.0
2026-01-12 14:18:16,602 [WARN] PackLoader:240 - Cannot read IP mode file for STMicroelectronics.X-CUBE-ST60.1.1.0
2026-01-12 14:18:16,610 [WARN] PackLoader:240 - Cannot read IP mode file for emotas.I-CUBE-CANOPEN.1.3.0
2026-01-12 14:18:16,619 [WARN] PackLoader:240 - Cannot read IP mode file for STMicroelectronics.X-CUBE-GNSS1.7.1.0
2026-01-12 14:18:16,628 [WARN] PackLoader:240 - Cannot read IP mode file for STMicroelectronics.FP-SNS-STBOX1.2.1.0
2026-01-12 14:18:16,637 [WARN] PackLoader:240 - Cannot read IP mode file for STMicroelectronics.FP-SNS-SMARTAG2.1.2.0
2026-01-12 14:18:16,640 [WARN] PackLoader:240 - Cannot read IP mode file for STMicroelectronics.FP-SNS-FLIGHT1.5.1.0
2026-01-12 14:18:16,649 [INFO] LogOutputStream:77 - [STDOUT_REDIRECT] 1 : Invalid condition id : UX_CORESTACK_Condition cause : null
2026-01-12 14:18:16,650 [INFO] LogOutputStream:77 - [STDOUT_REDIRECT] 1 : Invalid condition id : UX_CORESTACK_Condition cause : null
2026-01-12 14:18:16,650 [INFO] LogOutputStream:77 - [STDOUT_REDIRECT] 1 : Invalid condition id : UX_CORESTACK_Condition cause : null
2026-01-12 14:18:16,652 [INFO] LogOutputStream:77 - [STDOUT_REDIRECT] 1 : Invalid condition id : UX_CORESTACK_Condition cause : null
2026-01-12 14:18:16,653 [INFO] LogOutputStream:77 - [STDOUT_REDIRECT] 1 : Invalid condition id : UX_CORESTACK_Condition cause : null
2026-01-12 14:18:16,655 [WARN] PackLoader:240 - Cannot read IP mode file for STMicroelectronics.X-CUBE-AZRTOS-WL.2.0.0
2026-01-12 14:18:16,662 [WARN] PackLoader:240 - Cannot read IP mode file for STMicroelectronics.FP-SNS-MOTENV1.5.0.0
2026-01-12 14:18:16,687 [WARN] PackLoader:240 - Cannot read IP mode file for STMicroelectronics.X-CUBE-AZRTOS-H7RS.1.2.0
2026-01-12 14:18:16,696 [WARN] PackLoader:240 - Cannot read IP mode file for STMicroelectronics.X-CUBE-BLE2.3.3.0
2026-01-12 14:18:16,734 [WARN] PackLoader:240 - Cannot read IP mode file for Infineon.AIROC-Wi-Fi-Bluetooth-STM32.1.8.0
2026-01-12 14:18:16,746 [WARN] PackLoader:240 - Cannot read IP mode file for STMicroelectronics.X-CUBE-NFC9.1.0.0
2026-01-12 14:18:16,753 [WARN] PackLoader:240 - Cannot read IP mode file for STMicroelectronics.X-CUBE-BLE1.7.1.0
2026-01-12 14:18:16,758 [WARN] PackLoader:240 - Cannot read IP mode file for wolfSSL.I-CUBE-wolfMQTT.1.19.2
2026-01-12 14:18:16,764 [WARN] PackLoader:240 - Cannot read IP mode file for STMicroelectronics.X-CUBE-FREERTOS.1.4.0
2026-01-12 14:18:16,771 [WARN] PackLoader:240 - Cannot read IP mode file for STMicroelectronics.X-CUBE-EEPRMA1.5.2.0
2026-01-12 14:18:16,778 [WARN] PackLoader:240 - Cannot read IP mode file for wolfSSL.I-CUBE-wolfSSL.5.8.4
2026-01-12 14:18:16,783 [WARN] PackLoader:240 - Cannot read IP mode file for Cesanta.I-CUBE-Mongoose.7.20.0
2026-01-12 14:18:16,789 [WARN] PackLoader:240 - Cannot read IP mode file for STMicroelectronics.X-CUBE-ST67W61.1.1.0
2026-01-12 14:18:16,847 [WARN] PackLoader:240 - Cannot read IP mode file for STMicroelectronics.X-CUBE-MEMS1.12.0.0
2026-01-12 14:18:16,975 [WARN] PackLoader:240 - Cannot read IP mode file for STMicroelectronics.X-CUBE-AZRTOS-G0.1.1.0
2026-01-12 14:18:16,982 [WARN] PackLoader:240 - Cannot read IP mode file for STMicroelectronics.X-CUBE-NFC4.3.0.0
2026-01-12 14:18:16,993 [WARN] PackLoader:240 - Cannot read IP mode file for EmbeddedOffice.I-CUBE-FS-RTOS.1.0.1
2026-01-12 14:18:17,000 [WARN] PackLoader:240 - Cannot read IP mode file for STMicroelectronics.X-CUBE-WB05N.2.0.0
2026-01-12 14:18:17,007 [WARN] PackLoader:240 - Cannot read IP mode file for wolfSSL.I-CUBE-wolfTPM.3.8.0
2026-01-12 14:18:17,015 [WARN] PackLoader:240 - Cannot read IP mode file for STMicroelectronics.X-CUBE-TCPP.4.2.0
2026-01-12 14:18:17,024 [WARN] PackLoader:240 - Cannot read IP mode file for RealThread.X-CUBE-RT-Thread_Nano.4.1.1
2026-01-12 14:18:17,031 [WARN] PackLoader:240 - Cannot read IP mode file for STMicroelectronics.FP-ATR-SIGFOX1.3.2.0
2026-01-12 14:18:17,038 [WARN] PackLoader:240 - Cannot read IP mode file for ITTIA_DB.I-CUBE-ITTIADB.8.9.0
2026-01-12 14:18:17,043 [WARN] PackLoader:240 - Cannot read IP mode file for STMicroelectronics.X-CUBE-AI.10.2.0
2026-01-12 14:18:17,066 [WARN] PackLoader:240 - Cannot read IP mode file for SEGGER.I-CUBE-embOS.1.3.1
2026-01-12 14:18:17,114 [WARN] PackLoader:240 - Cannot read IP mode file for STMicroelectronics.X-CUBE-ALGOBUILD.1.4.0
2026-01-12 14:18:17,119 [WARN] PackLoader:240 - Cannot read IP mode file for STMicroelectronics.X-CUBE-PM33A1.1.0.0
2026-01-12 14:18:17,134 [WARN] PackLoader:240 - Cannot read IP mode file for STMicroelectronics.X-CUBE-AZRTOS-F4.1.1.0
2026-01-12 14:18:17,140 [WARN] PackLoader:240 - Cannot read IP mode file for STMicroelectronics.X-CUBE-ISPU.2.1.0
2026-01-12 14:18:17,155 [WARN] PackLoader:240 - Cannot read IP mode file for STMicroelectronics.X-CUBE-IPS.3.2.0
2026-01-12 14:18:17,166 [WARN] PackLoader:240 - Cannot read IP mode file for STMicroelectronics.X-CUBE-NFC12.1.0.0
2026-01-12 14:18:17,181 [WARN] PackLoader:240 - Cannot read IP mode file for STMicroelectronics.X-CUBE-AZRTOS-L5.2.0.0
2026-01-12 14:18:17,190 [WARN] PackLoader:240 - Cannot read IP mode file for STMicroelectronics.X-CUBE-NFC6.3.1.0
2026-01-12 14:18:17,196 [WARN] PackLoader:240 - Cannot read IP mode file for STMicroelectronics.X-CUBE-TOUCHGFX.4.26.0
2026-01-12 14:18:17,201 [WARN] PackLoader:240 - Cannot read IP mode file for STMicroelectronics.FP-SNS-STAIOTCFT.1.0.0
2026-01-12 14:18:17,207 [WARN] PackLoader:240 - Cannot read IP mode file for STMicroelectronics.X-CUBE-DPower.1.3.0
2026-01-12 14:18:17,221 [WARN] ConditionMgr:438 - getConditionDescription Invalid condition id : LAN8742 Phy interface Condition cause : null
2026-01-12 14:18:17,221 [WARN] PackLoader:240 - Cannot read IP mode file for STMicroelectronics.X-CUBE-AZRTOS-L4.2.0.0
2026-01-12 14:18:17,222 [WARN] ConditionMgr:1044 - genDependencies : Invalid condition id : LAN8742 Phy interface Condition cause : null
2026-01-12 14:18:17,222 [WARN] ConditionMgr:1044 - genDependencies : Invalid condition id : LAN8742 Phy interface Condition cause : null
2026-01-12 14:18:17,223 [WARN] ConditionMgr:1044 - genDependencies : Invalid condition id : LAN8742 Phy interface Condition cause : null
2026-01-12 14:18:17,230 [WARN] PackLoader:240 - Cannot read IP mode file for STMicroelectronics.X-CUBE-SFXS2LP1.4.0.0
2026-01-12 14:18:17,238 [WARN] PackLoader:240 - Cannot read IP mode file for STMicroelectronics.X-CUBE-BLEMGR.4.1.0
2026-01-12 14:18:17,250 [WARN] ConditionMgr:438 - getConditionDescription Invalid condition id : UX DEVICE CLASS RTOS Condition cause : null
2026-01-12 14:18:17,250 [WARN] ConditionMgr:438 - getConditionDescription Invalid condition id : UX DEVICE CLASS RTOS Condition cause : null
2026-01-12 14:18:17,251 [WARN] PackLoader:240 - Cannot read IP mode file for STMicroelectronics.X-CUBE-AZRTOS-WB.2.0.0
2026-01-12 14:18:17,252 [WARN] ConditionMgr:1044 - genDependencies : Invalid condition id : UX DEVICE CLASS RTOS Condition cause : null
2026-01-12 14:18:17,252 [WARN] ConditionMgr:1044 - genDependencies : Invalid condition id : UX DEVICE CLASS RTOS Condition cause : null
2026-01-12 14:18:17,252 [WARN] ConditionMgr:1044 - genDependencies : Invalid condition id : UX DEVICE CLASS RTOS Condition cause : null
2026-01-12 14:18:17,252 [WARN] ConditionMgr:1044 - genDependencies : Invalid condition id : UX DEVICE CLASS RTOS Condition cause : null
2026-01-12 14:18:17,252 [WARN] ConditionMgr:1044 - genDependencies : Invalid condition id : UX DEVICE CLASS RTOS Condition cause : null
2026-01-12 14:18:17,257 [WARN] ConditionMgr:438 - getConditionDescription Invalid condition id : Cortex-A Device cause : null
2026-01-12 14:18:17,262 [WARN] ConditionMgr:1044 - genDependencies : Invalid condition id : Cortex-A Device cause : null
2026-01-12 14:18:17,262 [WARN] ConditionMgr:1044 - genDependencies : Invalid condition id : Cortex-A Device cause : null
2026-01-12 14:18:17,262 [WARN] ConditionMgr:1044 - genDependencies : Invalid condition id : Cortex-A Device cause : null
2026-01-12 14:18:17,269 [WARN] PackLoader:240 - Cannot read IP mode file for STMicroelectronics.X-CUBE-SUBG2.5.0.0
2026-01-12 14:18:17,283 [WARN] PackLoader:240 - Cannot read IP mode file for STMicroelectronics.X-CUBE-AZRTOS-G4.2.0.0
2026-01-12 14:18:17,288 [WARN] PackLoader:240 - Cannot read IP mode file for wolfSSL.I-CUBE-wolfSSH.1.4.20
2026-01-12 14:18:17,293 [WARN] PackLoader:240 - Cannot read IP mode file for STMicroelectronics.X-CUBE-NFC7.2.0.0
2026-01-12 14:18:17,298 [WARN] PackLoader:240 - Cannot read IP mode file for STMicroelectronics.X-CUBE-ALS.1.0.2
2026-01-12 14:18:17,306 [WARN] PackLoader:240 - Cannot read IP mode file for STMicroelectronics.X-CUBE-STSE01.1.0.0
2026-01-12 14:18:17,319 [WARN] PackLoader:240 - Cannot read IP mode file for STMicroelectronics.X-CUBE-TOF1.3.4.3
2026-01-12 14:18:17,332 [INFO] ThirdParty:978 - Integrity check success = true
2026-01-12 14:18:17,332 [INFO] IntegrityCheckThread:100 - exiting critical section [integrity check]
2026-01-12 14:18:17,332 [INFO] IntegrityCheckThread:103 - End integrity checks thread
2026-01-12 14:18:17,349 [ERROR] LogOutputStream:75 - [STDERR_REDIRECT] [Fatal Error] :1:1: Premature end of file.
2026-01-12 14:18:17,349 [ERROR] LogOutputStream:75 - [STDERR_REDIRECT] 
2026-01-12 14:18:18,414 [ERROR] LogOutputStream:75 - [STDERR_REDIRECT] [Fatal Error] :1:1: Premature end of file.
2026-01-12 14:18:18,415 [ERROR] LogOutputStream:75 - [STDERR_REDIRECT] 
2026-01-12 14:18:19,404 [ERROR] LogOutputStream:75 - [STDERR_REDIRECT] [Fatal Error] :1:1: Premature end of file.
2026-01-12 14:18:19,405 [ERROR] LogOutputStream:75 - [STDERR_REDIRECT] 
2026-01-12 14:18:20,340 [ERROR] LogOutputStream:75 - [STDERR_REDIRECT] [Fatal Error] :1:1: Premature end of file.
2026-01-12 14:18:20,340 [ERROR] LogOutputStream:75 - [STDERR_REDIRECT] 
2026-01-12 14:18:21,405 [ERROR] LogOutputStream:75 - [STDERR_REDIRECT] [Fatal Error] :1:1: Premature end of file.
2026-01-12 14:18:21,406 [ERROR] LogOutputStream:75 - [STDERR_REDIRECT] 
2026-01-12 14:18:22,407 [ERROR] LogOutputStream:75 - [STDERR_REDIRECT] [Fatal Error] :1:1: Premature end of file.
2026-01-12 14:18:22,408 [ERROR] LogOutputStream:75 - [STDERR_REDIRECT] 
2026-01-12 14:18:23,407 [ERROR] LogOutputStream:75 - [STDERR_REDIRECT] [Fatal Error] :1:1: Premature end of file.
2026-01-12 14:18:23,408 [ERROR] LogOutputStream:75 - [STDERR_REDIRECT] 
2026-01-12 14:18:24,410 [ERROR] LogOutputStream:75 - [STDERR_REDIRECT] [Fatal Error] :1:1: Premature end of file.
2026-01-12 14:18:24,412 [ERROR] LogOutputStream:75 - [STDERR_REDIRECT] 
2026-01-12 14:18:25,343 [ERROR] LogOutputStream:75 - [STDERR_REDIRECT] [Fatal Error] :1:1: Premature end of file.
2026-01-12 14:18:25,343 [ERROR] LogOutputStream:75 - [STDERR_REDIRECT] 
2026-01-12 14:18:26,403 [ERROR] LogOutputStream:75 - [STDERR_REDIRECT] [Fatal Error] :1:1: Premature end of file.
2026-01-12 14:18:26,404 [ERROR] LogOutputStream:75 - [STDERR_REDIRECT] 
2026-01-12 14:18:27,421 [ERROR] LogOutputStream:75 - [STDERR_REDIRECT] [Fatal Error] :1:1: Premature end of file.
2026-01-12 14:18:27,422 [ERROR] LogOutputStream:75 - [STDERR_REDIRECT] 
2026-01-12 14:18:28,337 [ERROR] LogOutputStream:75 - [STDERR_REDIRECT] [Fatal Error] :1:1: Premature end of file.
2026-01-12 14:18:28,337 [ERROR] LogOutputStream:75 - [STDERR_REDIRECT] 
2026-01-12 14:18:29,383 [ERROR] LogOutputStream:75 - [STDERR_REDIRECT] [Fatal Error] :1:1: Premature end of file.
2026-01-12 14:18:29,384 [ERROR] LogOutputStream:75 - [STDERR_REDIRECT] 
2026-01-12 14:18:30,406 [ERROR] LogOutputStream:75 - [STDERR_REDIRECT] [Fatal Error] :1:1: Premature end of file.
2026-01-12 14:18:30,407 [ERROR] LogOutputStream:75 - [STDERR_REDIRECT] 
2026-01-12 14:18:31,407 [ERROR] LogOutputStream:75 - [STDERR_REDIRECT] [Fatal Error] :1:1: Premature end of file.
2026-01-12 14:18:31,408 [ERROR] LogOutputStream:75 - [STDERR_REDIRECT] 
2026-01-12 14:18:32,338 [ERROR] LogOutputStream:75 - [STDERR_REDIRECT] [Fatal Error] :1:1: Premature end of file.
2026-01-12 14:18:32,338 [ERROR] LogOutputStream:75 - [STDERR_REDIRECT] 
2026-01-12 14:18:33,408 [ERROR] LogOutputStream:75 - [STDERR_REDIRECT] [Fatal Error] :1:1: Premature end of file.
2026-01-12 14:18:33,409 [ERROR] LogOutputStream:75 - [STDERR_REDIRECT] 
2026-01-12 14:18:34,416 [ERROR] LogOutputStream:75 - [STDERR_REDIRECT] [Fatal Error] :1:1: Premature end of file.
2026-01-12 14:18:34,425 [ERROR] LogOutputStream:75 - [STDERR_REDIRECT] 
2026-01-12 14:18:35,404 [ERROR] LogOutputStream:75 - [STDERR_REDIRECT] [Fatal Error] :1:1: Premature end of file.
2026-01-12 14:18:35,405 [ERROR] LogOutputStream:75 - [STDERR_REDIRECT] 
2026-01-12 14:18:36,337 [ERROR] LogOutputStream:75 - [STDERR_REDIRECT] [Fatal Error] :1:1: Premature end of file.
2026-01-12 14:18:36,337 [ERROR] LogOutputStream:75 - [STDERR_REDIRECT] 
2026-01-12 14:18:37,408 [ERROR] LogOutputStream:75 - [STDERR_REDIRECT] [Fatal Error] :1:1: Premature end of file.
2026-01-12 14:18:37,408 [ERROR] LogOutputStream:75 - [STDERR_REDIRECT] 
2026-01-12 14:18:38,407 [ERROR] LogOutputStream:75 - [STDERR_REDIRECT] [Fatal Error] :1:1: Premature end of file.
2026-01-12 14:18:38,409 [ERROR] LogOutputStream:75 - [STDERR_REDIRECT] 
2026-01-12 14:18:39,418 [ERROR] LogOutputStream:75 - [STDERR_REDIRECT] [Fatal Error] :1:1: Premature end of file.
2026-01-12 14:18:39,418 [ERROR] LogOutputStream:75 - [STDERR_REDIRECT] 
2026-01-12 14:18:40,337 [ERROR] LogOutputStream:75 - [STDERR_REDIRECT] [Fatal Error] :1:1: Premature end of file.
2026-01-12 14:18:40,337 [ERROR] LogOutputStream:75 - [STDERR_REDIRECT] 
2026-01-12 14:18:41,460 [ERROR] LogOutputStream:75 - [STDERR_REDIRECT] [Fatal Error] :1:1: Premature end of file.
2026-01-12 14:18:41,461 [ERROR] LogOutputStream:75 - [STDERR_REDIRECT] 
2026-01-12 14:18:42,408 [ERROR] LogOutputStream:75 - [STDERR_REDIRECT] [Fatal Error] :1:1: Premature end of file.
2026-01-12 14:18:42,408 [ERROR] LogOutputStream:75 - [STDERR_REDIRECT] 
2026-01-12 14:18:43,398 [ERROR] LogOutputStream:75 - [STDERR_REDIRECT] [Fatal Error] :1:1: Premature end of file.
2026-01-12 14:18:43,404 [ERROR] LogOutputStream:75 - [STDERR_REDIRECT] 
2026-01-12 14:18:44,405 [ERROR] LogOutputStream:75 - [STDERR_REDIRECT] [Fatal Error] :1:1: Premature end of file.
2026-01-12 14:18:44,406 [ERROR] LogOutputStream:75 - [STDERR_REDIRECT] 
2026-01-12 14:18:45,415 [ERROR] LogOutputStream:75 - [STDERR_REDIRECT] [Fatal Error] :1:1: Premature end of file.
2026-01-12 14:18:45,416 [ERROR] LogOutputStream:75 - [STDERR_REDIRECT] 
2026-01-12 14:18:46,381 [ERROR] LogOutputStream:75 - [STDERR_REDIRECT] [Fatal Error] :1:1: Premature end of file.
2026-01-12 14:18:46,381 [ERROR] LogOutputStream:75 - [STDERR_REDIRECT] 
2026-01-12 14:18:47,403 [ERROR] LogOutputStream:75 - [STDERR_REDIRECT] [Fatal Error] :1:1: Premature end of file.
2026-01-12 14:18:47,403 [ERROR] LogOutputStream:75 - [STDERR_REDIRECT] 
2026-01-12 14:18:48,407 [ERROR] LogOutputStream:75 - [STDERR_REDIRECT] [Fatal Error] :1:1: Premature end of file.
2026-01-12 14:18:48,407 [ERROR] LogOutputStream:75 - [STDERR_REDIRECT] 
2026-01-12 14:18:49,340 [ERROR] LogOutputStream:75 - [STDERR_REDIRECT] [Fatal Error] :1:1: Premature end of file.
2026-01-12 14:18:49,340 [ERROR] LogOutputStream:75 - [STDERR_REDIRECT] 
2026-01-12 14:18:50,418 [ERROR] LogOutputStream:75 - [STDERR_REDIRECT] [Fatal Error] :1:1: Premature end of file.
2026-01-12 14:18:50,418 [ERROR] LogOutputStream:75 - [STDERR_REDIRECT] 
2026-01-12 14:18:51,446 [ERROR] LogOutputStream:75 - [STDERR_REDIRECT] [Fatal Error] :1:1: Premature end of file.
2026-01-12 14:18:51,448 [ERROR] LogOutputStream:75 - [STDERR_REDIRECT] 
2026-01-12 14:18:52,405 [ERROR] LogOutputStream:75 - [STDERR_REDIRECT] [Fatal Error] :1:1: Premature end of file.
2026-01-12 14:18:52,406 [ERROR] LogOutputStream:75 - [STDERR_REDIRECT] 
2026-01-12 14:18:53,406 [ERROR] LogOutputStream:75 - [STDERR_REDIRECT] [Fatal Error] :1:1: Premature end of file.
2026-01-12 14:18:53,406 [ERROR] LogOutputStream:75 - [STDERR_REDIRECT] 
2026-01-12 14:18:54,405 [ERROR] LogOutputStream:75 - [STDERR_REDIRECT] [Fatal Error] :1:1: Premature end of file.
2026-01-12 14:18:54,406 [ERROR] LogOutputStream:75 - [STDERR_REDIRECT] 
2026-01-12 14:18:55,354 [ERROR] LogOutputStream:75 - [STDERR_REDIRECT] [Fatal Error] :1:1: Premature end of file.
2026-01-12 14:18:55,354 [ERROR] LogOutputStream:75 - [STDERR_REDIRECT] 
2026-01-12 14:18:56,336 [ERROR] LogOutputStream:75 - [STDERR_REDIRECT] [Fatal Error] :1:1: Premature end of file.
2026-01-12 14:18:56,336 [ERROR] LogOutputStream:75 - [STDERR_REDIRECT] 
2026-01-12 14:18:57,413 [ERROR] LogOutputStream:75 - [STDERR_REDIRECT] [Fatal Error] :1:1: Premature end of file.
2026-01-12 14:18:57,413 [ERROR] LogOutputStream:75 - [STDERR_REDIRECT] 
2026-01-12 14:18:58,337 [ERROR] LogOutputStream:75 - [STDERR_REDIRECT] [Fatal Error] :1:1: Premature end of file.
2026-01-12 14:18:58,337 [ERROR] LogOutputStream:75 - [STDERR_REDIRECT] 
2026-01-12 14:18:59,363 [ERROR] LogOutputStream:75 - [STDERR_REDIRECT] [Fatal Error] :1:1: Premature end of file.
2026-01-12 14:18:59,363 [ERROR] LogOutputStream:75 - [STDERR_REDIRECT] 
2026-01-12 14:19:00,407 [ERROR] LogOutputStream:75 - [STDERR_REDIRECT] [Fatal Error] :1:1: Premature end of file.
2026-01-12 14:19:00,408 [ERROR] LogOutputStream:75 - [STDERR_REDIRECT] 
2026-01-12 14:19:01,405 [ERROR] LogOutputStream:75 - [STDERR_REDIRECT] [Fatal Error] :1:1: Premature end of file.
2026-01-12 14:19:01,406 [ERROR] LogOutputStream:75 - [STDERR_REDIRECT] 
2026-01-12 14:19:02,422 [ERROR] LogOutputStream:75 - [STDERR_REDIRECT] [Fatal Error] :1:1: Premature end of file.
2026-01-12 14:19:02,423 [ERROR] LogOutputStream:75 - [STDERR_REDIRECT] 
2026-01-12 14:19:03,407 [ERROR] LogOutputStream:75 - [STDERR_REDIRECT] [Fatal Error] :1:1: Premature end of file.
2026-01-12 14:19:03,409 [ERROR] LogOutputStream:75 - [STDERR_REDIRECT] 
2026-01-12 14:19:04,407 [ERROR] LogOutputStream:75 - [STDERR_REDIRECT] [Fatal Error] :1:1: Premature end of file.
2026-01-12 14:19:04,407 [ERROR] LogOutputStream:75 - [STDERR_REDIRECT] 
2026-01-12 14:19:05,401 [ERROR] LogOutputStream:75 - [STDERR_REDIRECT] [Fatal Error] :1:1: Premature end of file.
2026-01-12 14:19:05,402 [ERROR] LogOutputStream:75 - [STDERR_REDIRECT] 
2026-01-12 14:19:06,421 [ERROR] LogOutputStream:75 - [STDERR_REDIRECT] [Fatal Error] :1:1: Premature end of file.
2026-01-12 14:19:06,422 [ERROR] LogOutputStream:75 - [STDERR_REDIRECT] 
2026-01-12 14:19:07,407 [ERROR] LogOutputStream:75 - [STDERR_REDIRECT] [Fatal Error] :1:1: Premature end of file.
2026-01-12 14:19:07,408 [ERROR] LogOutputStream:75 - [STDERR_REDIRECT] 
2026-01-12 14:19:08,409 [ERROR] LogOutputStream:75 - [STDERR_REDIRECT] [Fatal Error] :1:1: Premature end of file.
2026-01-12 14:19:08,409 [ERROR] LogOutputStream:75 - [STDERR_REDIRECT] 
2026-01-12 14:19:09,405 [ERROR] LogOutputStream:75 - [STDERR_REDIRECT] [Fatal Error] :1:1: Premature end of file.
2026-01-12 14:19:09,405 [ERROR] LogOutputStream:75 - [STDERR_REDIRECT] 
2026-01-12 14:19:10,403 [ERROR] LogOutputStream:75 - [STDERR_REDIRECT] [Fatal Error] :1:1: Premature end of file.
2026-01-12 14:19:10,404 [ERROR] LogOutputStream:75 - [STDERR_REDIRECT] 
2026-01-12 14:19:11,411 [ERROR] LogOutputStream:75 - [STDERR_REDIRECT] [Fatal Error] :1:1: Premature end of file.
2026-01-12 14:19:11,412 [ERROR] LogOutputStream:75 - [STDERR_REDIRECT] 
2026-01-12 14:19:12,363 [ERROR] LogOutputStream:75 - [STDERR_REDIRECT] [Fatal Error] :1:1: Premature end of file.
2026-01-12 14:19:12,363 [ERROR] LogOutputStream:75 - [STDERR_REDIRECT] 
2026-01-12 14:19:13,411 [ERROR] LogOutputStream:75 - [STDERR_REDIRECT] [Fatal Error] :1:1: Premature end of file.
2026-01-12 14:19:13,411 [ERROR] LogOutputStream:75 - [STDERR_REDIRECT] 
2026-01-12 14:19:14,425 [ERROR] LogOutputStream:75 - [STDERR_REDIRECT] [Fatal Error] :1:1: Premature end of file.
2026-01-12 14:19:14,427 [ERROR] LogOutputStream:75 - [STDERR_REDIRECT] 
2026-01-12 14:19:15,347 [ERROR] LogOutputStream:75 - [STDERR_REDIRECT] [Fatal Error] :1:1: Premature end of file.
2026-01-12 14:19:15,347 [ERROR] LogOutputStream:75 - [STDERR_REDIRECT] 
2026-01-12 14:19:16,407 [ERROR] LogOutputStream:75 - [STDERR_REDIRECT] [Fatal Error] :1:1: Premature end of file.
2026-01-12 14:19:16,407 [ERROR] LogOutputStream:75 - [STDERR_REDIRECT] 
2026-01-12 14:19:17,416 [ERROR] LogOutputStream:75 - [STDERR_REDIRECT] [Fatal Error] :1:1: Premature end of file.
2026-01-12 14:19:17,420 [ERROR] LogOutputStream:75 - [STDERR_REDIRECT] 
2026-01-12 14:19:18,415 [ERROR] LogOutputStream:75 - [STDERR_REDIRECT] [Fatal Error] :1:1: Premature end of file.
2026-01-12 14:19:18,415 [ERROR] LogOutputStream:75 - [STDERR_REDIRECT] 
2026-01-12 14:19:19,406 [ERROR] LogOutputStream:75 - [STDERR_REDIRECT] [Fatal Error] :1:1: Premature end of file.
2026-01-12 14:19:19,406 [ERROR] LogOutputStream:75 - [STDERR_REDIRECT] 
2026-01-12 14:19:20,411 [ERROR] LogOutputStream:75 - [STDERR_REDIRECT] [Fatal Error] :1:1: Premature end of file.
2026-01-12 14:19:20,411 [ERROR] LogOutputStream:75 - [STDERR_REDIRECT] 
2026-01-12 14:19:21,360 [ERROR] LogOutputStream:75 - [STDERR_REDIRECT] [Fatal Error] :1:1: Premature end of file.
2026-01-12 14:19:21,360 [ERROR] LogOutputStream:75 - [STDERR_REDIRECT] 
2026-01-12 14:19:22,414 [ERROR] LogOutputStream:75 - [STDERR_REDIRECT] [Fatal Error] :1:1: Premature end of file.
2026-01-12 14:19:22,414 [ERROR] LogOutputStream:75 - [STDERR_REDIRECT] 
2026-01-12 14:19:23,415 [ERROR] LogOutputStream:75 - [STDERR_REDIRECT] [Fatal Error] :1:1: Premature end of file.
2026-01-12 14:19:23,415 [ERROR] LogOutputStream:75 - [STDERR_REDIRECT] 
2026-01-12 14:19:24,411 [ERROR] LogOutputStream:75 - [STDERR_REDIRECT] [Fatal Error] :1:1: Premature end of file.
2026-01-12 14:19:24,411 [ERROR] LogOutputStream:75 - [STDERR_REDIRECT] 
2026-01-12 14:19:25,347 [ERROR] LogOutputStream:75 - [STDERR_REDIRECT] [Fatal Error] :1:1: Premature end of file.
2026-01-12 14:19:25,347 [ERROR] LogOutputStream:75 - [STDERR_REDIRECT] 
2026-01-12 14:19:26,413 [ERROR] LogOutputStream:75 - [STDERR_REDIRECT] [Fatal Error] :1:1: Premature end of file.
2026-01-12 14:19:26,416 [ERROR] LogOutputStream:75 - [STDERR_REDIRECT] 
2026-01-12 14:19:27,404 [ERROR] LogOutputStream:75 - [STDERR_REDIRECT] [Fatal Error] :1:1: Premature end of file.
2026-01-12 14:19:27,404 [ERROR] LogOutputStream:75 - [STDERR_REDIRECT] 
2026-01-12 14:19:28,398 [ERROR] LogOutputStream:75 - [STDERR_REDIRECT] [Fatal Error] :1:1: Premature end of file.
2026-01-12 14:19:28,398 [ERROR] LogOutputStream:75 - [STDERR_REDIRECT] 
2026-01-12 14:19:29,334 [ERROR] LogOutputStream:75 - [STDERR_REDIRECT] [Fatal Error] :1:1: Premature end of file.
2026-01-12 14:19:29,340 [ERROR] LogOutputStream:75 - [STDERR_REDIRECT] 
2026-01-12 14:19:30,409 [ERROR] LogOutputStream:75 - [STDERR_REDIRECT] [Fatal Error] :1:1: Premature end of file.
2026-01-12 14:19:30,409 [ERROR] LogOutputStream:75 - [STDERR_REDIRECT] 
2026-01-12 14:19:31,425 [ERROR] LogOutputStream:75 - [STDERR_REDIRECT] [Fatal Error] :1:1: Premature end of file.
2026-01-12 14:19:31,425 [ERROR] LogOutputStream:75 - [STDERR_REDIRECT] 
2026-01-12 14:19:32,331 [ERROR] LogOutputStream:75 - [STDERR_REDIRECT] [Fatal Error] :1:1: Premature end of file.
2026-01-12 14:19:32,331 [ERROR] LogOutputStream:75 - [STDERR_REDIRECT] 
2026-01-12 14:19:33,407 [ERROR] LogOutputStream:75 - [STDERR_REDIRECT] [Fatal Error] :1:1: Premature end of file.
2026-01-12 14:19:33,407 [ERROR] LogOutputStream:75 - [STDERR_REDIRECT] 
2026-01-12 14:19:34,341 [ERROR] LogOutputStream:75 - [STDERR_REDIRECT] [Fatal Error] :1:1: Premature end of file.
2026-01-12 14:19:34,345 [ERROR] LogOutputStream:75 - [STDERR_REDIRECT] 
2026-01-12 14:19:35,413 [ERROR] LogOutputStream:75 - [STDERR_REDIRECT] [Fatal Error] :1:1: Premature end of file.
2026-01-12 14:19:35,415 [ERROR] LogOutputStream:75 - [STDERR_REDIRECT] 
2026-01-12 14:19:36,433 [ERROR] LogOutputStream:75 - [STDERR_REDIRECT] [Fatal Error] :1:1: Premature end of file.
2026-01-12 14:19:36,433 [ERROR] LogOutputStream:75 - [STDERR_REDIRECT] 
2026-01-12 14:19:37,414 [ERROR] LogOutputStream:75 - [STDERR_REDIRECT] [Fatal Error] :1:1: Premature end of file.
2026-01-12 14:19:37,414 [ERROR] LogOutputStream:75 - [STDERR_REDIRECT] 
2026-01-12 14:19:38,350 [ERROR] LogOutputStream:75 - [STDERR_REDIRECT] [Fatal Error] :1:1: Premature end of file.
2026-01-12 14:19:38,350 [ERROR] LogOutputStream:75 - [STDERR_REDIRECT] 
2026-01-12 14:19:39,409 [ERROR] LogOutputStream:75 - [STDERR_REDIRECT] [Fatal Error] :1:1: Premature end of file.
2026-01-12 14:19:39,409 [ERROR] LogOutputStream:75 - [STDERR_REDIRECT] 
2026-01-12 14:19:40,419 [ERROR] LogOutputStream:75 - [STDERR_REDIRECT] [Fatal Error] :1:1: Premature end of file.
2026-01-12 14:19:40,421 [ERROR] LogOutputStream:75 - [STDERR_REDIRECT] 
2026-01-12 14:19:41,411 [ERROR] LogOutputStream:75 - [STDERR_REDIRECT] [Fatal Error] :1:1: Premature end of file.
2026-01-12 14:19:41,415 [ERROR] LogOutputStream:75 - [STDERR_REDIRECT] 
2026-01-12 14:19:42,407 [ERROR] LogOutputStream:75 - [STDERR_REDIRECT] [Fatal Error] :1:1: Premature end of file.
2026-01-12 14:19:42,407 [ERROR] LogOutputStream:75 - [STDERR_REDIRECT] 
2026-01-12 14:19:43,416 [ERROR] LogOutputStream:75 - [STDERR_REDIRECT] [Fatal Error] :1:1: Premature end of file.
2026-01-12 14:19:43,416 [ERROR] LogOutputStream:75 - [STDERR_REDIRECT] 
2026-01-12 14:19:44,394 [ERROR] LogOutputStream:75 - [STDERR_REDIRECT] [Fatal Error] :1:1: Premature end of file.
2026-01-12 14:19:44,394 [ERROR] LogOutputStream:75 - [STDERR_REDIRECT] 
2026-01-12 14:19:45,337 [ERROR] LogOutputStream:75 - [STDERR_REDIRECT] [Fatal Error] :1:1: Premature end of file.
2026-01-12 14:19:45,337 [ERROR] LogOutputStream:75 - [STDERR_REDIRECT] 
2026-01-12 14:19:46,422 [ERROR] LogOutputStream:75 - [STDERR_REDIRECT] [Fatal Error] :1:1: Premature end of file.
2026-01-12 14:19:46,422 [ERROR] LogOutputStream:75 - [STDERR_REDIRECT] 
2026-01-12 14:19:47,408 [ERROR] LogOutputStream:75 - [STDERR_REDIRECT] [Fatal Error] :1:1: Premature end of file.
2026-01-12 14:19:47,408 [ERROR] LogOutputStream:75 - [STDERR_REDIRECT] 
2026-01-12 14:19:48,403 [ERROR] LogOutputStream:75 - [STDERR_REDIRECT] [Fatal Error] :1:1: Premature end of file.
2026-01-12 14:19:48,403 [ERROR] LogOutputStream:75 - [STDERR_REDIRECT] 
2026-01-12 14:19:49,412 [ERROR] LogOutputStream:75 - [STDERR_REDIRECT] [Fatal Error] :1:1: Premature end of file.
2026-01-12 14:19:49,412 [ERROR] LogOutputStream:75 - [STDERR_REDIRECT] 
2026-01-12 14:19:50,409 [ERROR] LogOutputStream:75 - [STDERR_REDIRECT] [Fatal Error] :1:1: Premature end of file.
2026-01-12 14:19:50,409 [ERROR] LogOutputStream:75 - [STDERR_REDIRECT] 
2026-01-12 14:19:51,414 [ERROR] LogOutputStream:75 - [STDERR_REDIRECT] [Fatal Error] :1:1: Premature end of file.
2026-01-12 14:19:51,414 [ERROR] LogOutputStream:75 - [STDERR_REDIRECT] 
2026-01-12 14:19:52,409 [ERROR] LogOutputStream:75 - [STDERR_REDIRECT] [Fatal Error] :1:1: Premature end of file.
2026-01-12 14:19:52,409 [ERROR] LogOutputStream:75 - [STDERR_REDIRECT] 
2026-01-12 14:19:53,346 [ERROR] LogOutputStream:75 - [STDERR_REDIRECT] [Fatal Error] :1:1: Premature end of file.
2026-01-12 14:19:53,346 [ERROR] LogOutputStream:75 - [STDERR_REDIRECT] 
2026-01-12 14:19:54,407 [ERROR] LogOutputStream:75 - [STDERR_REDIRECT] [Fatal Error] :1:1: Premature end of file.
2026-01-12 14:19:54,407 [ERROR] LogOutputStream:75 - [STDERR_REDIRECT] 
2026-01-12 14:19:55,344 [ERROR] LogOutputStream:75 - [STDERR_REDIRECT] [Fatal Error] :1:1: Premature end of file.
2026-01-12 14:19:55,344 [ERROR] LogOutputStream:75 - [STDERR_REDIRECT] 
2026-01-12 14:19:56,415 [ERROR] LogOutputStream:75 - [STDERR_REDIRECT] [Fatal Error] :1:1: Premature end of file.
2026-01-12 14:19:56,415 [ERROR] LogOutputStream:75 - [STDERR_REDIRECT] 
2026-01-12 14:19:57,403 [ERROR] LogOutputStream:75 - [STDERR_REDIRECT] [Fatal Error] :1:1: Premature end of file.
2026-01-12 14:19:57,405 [ERROR] LogOutputStream:75 - [STDERR_REDIRECT] 
2026-01-12 14:19:58,391 [ERROR] LogOutputStream:75 - [STDERR_REDIRECT] [Fatal Error] :1:1: Premature end of file.
2026-01-12 14:19:58,391 [ERROR] LogOutputStream:75 - [STDERR_REDIRECT] 
2026-01-12 14:19:59,401 [ERROR] LogOutputStream:75 - [STDERR_REDIRECT] [Fatal Error] :1:1: Premature end of file.
2026-01-12 14:19:59,401 [ERROR] LogOutputStream:75 - [STDERR_REDIRECT] 
2026-01-12 14:20:00,406 [ERROR] LogOutputStream:75 - [STDERR_REDIRECT] [Fatal Error] :1:1: Premature end of file.
2026-01-12 14:20:00,406 [ERROR] LogOutputStream:75 - [STDERR_REDIRECT] 
2026-01-12 14:20:01,415 [ERROR] LogOutputStream:75 - [STDERR_REDIRECT] [Fatal Error] :1:1: Premature end of file.
2026-01-12 14:20:01,415 [ERROR] LogOutputStream:75 - [STDERR_REDIRECT] 
2026-01-12 14:20:02,416 [ERROR] LogOutputStream:75 - [STDERR_REDIRECT] [Fatal Error] :1:1: Premature end of file.
2026-01-12 14:20:02,416 [ERROR] LogOutputStream:75 - [STDERR_REDIRECT] 
2026-01-12 14:20:03,379 [ERROR] LogOutputStream:75 - [STDERR_REDIRECT] [Fatal Error] :1:1: Premature end of file.
2026-01-12 14:20:03,379 [ERROR] LogOutputStream:75 - [STDERR_REDIRECT] 
2026-01-12 14:20:04,340 [ERROR] LogOutputStream:75 - [STDERR_REDIRECT] [Fatal Error] :1:1: Premature end of file.
2026-01-12 14:20:04,340 [ERROR] LogOutputStream:75 - [STDERR_REDIRECT] 
2026-01-12 14:20:05,341 [ERROR] LogOutputStream:75 - [STDERR_REDIRECT] [Fatal Error] :1:1: Premature end of file.
2026-01-12 14:20:05,341 [ERROR] LogOutputStream:75 - [STDERR_REDIRECT] 
2026-01-12 14:20:06,463 [ERROR] LogOutputStream:75 - [STDERR_REDIRECT] [Fatal Error] :1:1: Premature end of file.
2026-01-12 14:20:06,464 [ERROR] LogOutputStream:75 - [STDERR_REDIRECT] 
2026-01-12 14:20:07,336 [ERROR] LogOutputStream:75 - [STDERR_REDIRECT] [Fatal Error] :1:1: Premature end of file.
2026-01-12 14:20:07,337 [ERROR] LogOutputStream:75 - [STDERR_REDIRECT] 
2026-01-12 14:20:08,415 [ERROR] LogOutputStream:75 - [STDERR_REDIRECT] [Fatal Error] :1:1: Premature end of file.
2026-01-12 14:20:08,416 [ERROR] LogOutputStream:75 - [STDERR_REDIRECT] 
2026-01-12 14:20:09,409 [ERROR] LogOutputStream:75 - [STDERR_REDIRECT] [Fatal Error] :1:1: Premature end of file.
2026-01-12 14:20:09,410 [ERROR] LogOutputStream:75 - [STDERR_REDIRECT] 
2026-01-12 14:20:10,407 [ERROR] LogOutputStream:75 - [STDERR_REDIRECT] [Fatal Error] :1:1: Premature end of file.
2026-01-12 14:20:10,408 [ERROR] LogOutputStream:75 - [STDERR_REDIRECT] 
2026-01-12 14:20:11,425 [ERROR] LogOutputStream:75 - [STDERR_REDIRECT] [Fatal Error] :1:1: Premature end of file.
2026-01-12 14:20:11,426 [ERROR] LogOutputStream:75 - [STDERR_REDIRECT] 
2026-01-12 14:20:12,409 [ERROR] LogOutputStream:75 - [STDERR_REDIRECT] [Fatal Error] :1:1: Premature end of file.
2026-01-12 14:20:12,410 [ERROR] LogOutputStream:75 - [STDERR_REDIRECT] 
2026-01-12 14:20:13,404 [ERROR] LogOutputStream:75 - [STDERR_REDIRECT] [Fatal Error] :1:1: Premature end of file.
2026-01-12 14:20:13,406 [ERROR] LogOutputStream:75 - [STDERR_REDIRECT] 
2026-01-12 14:20:14,339 [ERROR] LogOutputStream:75 - [STDERR_REDIRECT] [Fatal Error] :1:1: Premature end of file.
2026-01-12 14:20:14,339 [ERROR] LogOutputStream:75 - [STDERR_REDIRECT] 
2026-01-12 14:20:15,406 [ERROR] LogOutputStream:75 - [STDERR_REDIRECT] [Fatal Error] :1:1: Premature end of file.
2026-01-12 14:20:15,407 [ERROR] LogOutputStream:75 - [STDERR_REDIRECT] 
2026-01-12 14:20:16,411 [ERROR] LogOutputStream:75 - [STDERR_REDIRECT] [Fatal Error] :1:1: Premature end of file.
2026-01-12 14:20:16,412 [ERROR] LogOutputStream:75 - [STDERR_REDIRECT] 
2026-01-12 14:20:17,403 [ERROR] LogOutputStream:75 - [STDERR_REDIRECT] [Fatal Error] :1:1: Premature end of file.
2026-01-12 14:20:17,404 [ERROR] LogOutputStream:75 - [STDERR_REDIRECT] 
2026-01-12 14:20:18,409 [ERROR] LogOutputStream:75 - [STDERR_REDIRECT] [Fatal Error] :1:1: Premature end of file.
2026-01-12 14:20:18,409 [ERROR] LogOutputStream:75 - [STDERR_REDIRECT] 
2026-01-12 14:20:19,403 [ERROR] LogOutputStream:75 - [STDERR_REDIRECT] [Fatal Error] :1:1: Premature end of file.
2026-01-12 14:20:19,403 [ERROR] LogOutputStream:75 - [STDERR_REDIRECT] 
2026-01-12 14:20:20,405 [ERROR] LogOutputStream:75 - [STDERR_REDIRECT] [Fatal Error] :1:1: Premature end of file.
2026-01-12 14:20:20,406 [ERROR] LogOutputStream:75 - [STDERR_REDIRECT] 
2026-01-12 14:20:21,338 [ERROR] LogOutputStream:75 - [STDERR_REDIRECT] [Fatal Error] :1:1: Premature end of file.
2026-01-12 14:20:21,338 [ERROR] LogOutputStream:75 - [STDERR_REDIRECT] 
2026-01-12 14:20:22,407 [ERROR] LogOutputStream:75 - [STDERR_REDIRECT] [Fatal Error] :1:1: Premature end of file.
2026-01-12 14:20:22,409 [ERROR] LogOutputStream:75 - [STDERR_REDIRECT] 
2026-01-12 14:20:23,409 [ERROR] LogOutputStream:75 - [STDERR_REDIRECT] [Fatal Error] :1:1: Premature end of file.
2026-01-12 14:20:23,410 [ERROR] LogOutputStream:75 - [STDERR_REDIRECT] 
2026-01-12 14:20:24,410 [ERROR] LogOutputStream:75 - [STDERR_REDIRECT] [Fatal Error] :1:1: Premature end of file.
2026-01-12 14:20:24,411 [ERROR] LogOutputStream:75 - [STDERR_REDIRECT] 
2026-01-12 14:20:25,339 [ERROR] LogOutputStream:75 - [STDERR_REDIRECT] [Fatal Error] :1:1: Premature end of file.
2026-01-12 14:20:25,339 [ERROR] LogOutputStream:75 - [STDERR_REDIRECT] 
2026-01-12 14:20:26,403 [ERROR] LogOutputStream:75 - [STDERR_REDIRECT] [Fatal Error] :1:1: Premature end of file.
2026-01-12 14:20:26,404 [ERROR] LogOutputStream:75 - [STDERR_REDIRECT] 
2026-01-12 14:20:27,408 [ERROR] LogOutputStream:75 - [STDERR_REDIRECT] [Fatal Error] :1:1: Premature end of file.
2026-01-12 14:20:27,409 [ERROR] LogOutputStream:75 - [STDERR_REDIRECT] 
2026-01-12 14:20:28,405 [ERROR] LogOutputStream:75 - [STDERR_REDIRECT] [Fatal Error] :1:1: Premature end of file.
2026-01-12 14:20:28,406 [ERROR] LogOutputStream:75 - [STDERR_REDIRECT] 
2026-01-12 14:20:29,405 [ERROR] LogOutputStream:75 - [STDERR_REDIRECT] [Fatal Error] :1:1: Premature end of file.
2026-01-12 14:20:29,406 [ERROR] LogOutputStream:75 - [STDERR_REDIRECT] 
2026-01-12 14:20:30,404 [ERROR] LogOutputStream:75 - [STDERR_REDIRECT] [Fatal Error] :1:1: Premature end of file.
2026-01-12 14:20:30,405 [ERROR] LogOutputStream:75 - [STDERR_REDIRECT] 
2026-01-12 14:20:31,406 [ERROR] LogOutputStream:75 - [STDERR_REDIRECT] [Fatal Error] :1:1: Premature end of file.
2026-01-12 14:20:31,407 [ERROR] LogOutputStream:75 - [STDERR_REDIRECT] 
2026-01-12 14:20:32,343 [ERROR] LogOutputStream:75 - [STDERR_REDIRECT] [Fatal Error] :1:1: Premature end of file.
2026-01-12 14:20:32,343 [ERROR] LogOutputStream:75 - [STDERR_REDIRECT] 
2026-01-12 14:20:33,403 [ERROR] LogOutputStream:75 - [STDERR_REDIRECT] [Fatal Error] :1:1: Premature end of file.
2026-01-12 14:20:33,404 [ERROR] LogOutputStream:75 - [STDERR_REDIRECT] 
2026-01-12 14:20:34,405 [ERROR] LogOutputStream:75 - [STDERR_REDIRECT] [Fatal Error] :1:1: Premature end of file.
2026-01-12 14:20:34,406 [ERROR] LogOutputStream:75 - [STDERR_REDIRECT] 
2026-01-12 14:20:35,406 [ERROR] LogOutputStream:75 - [STDERR_REDIRECT] [Fatal Error] :1:1: Premature end of file.
2026-01-12 14:20:35,406 [ERROR] LogOutputStream:75 - [STDERR_REDIRECT] 
2026-01-12 14:20:36,404 [ERROR] LogOutputStream:75 - [STDERR_REDIRECT] [Fatal Error] :1:1: Premature end of file.
2026-01-12 14:20:36,404 [ERROR] LogOutputStream:75 - [STDERR_REDIRECT] 
2026-01-12 14:20:37,402 [ERROR] LogOutputStream:75 - [STDERR_REDIRECT] [Fatal Error] :1:1: Premature end of file.
2026-01-12 14:20:37,403 [ERROR] LogOutputStream:75 - [STDERR_REDIRECT] 
2026-01-12 14:20:38,405 [ERROR] LogOutputStream:75 - [STDERR_REDIRECT] [Fatal Error] :1:1: Premature end of file.
2026-01-12 14:20:38,406 [ERROR] LogOutputStream:75 - [STDERR_REDIRECT] 
2026-01-12 14:20:39,340 [ERROR] LogOutputStream:75 - [STDERR_REDIRECT] [Fatal Error] :1:1: Premature end of file.
2026-01-12 14:20:39,340 [ERROR] LogOutputStream:75 - [STDERR_REDIRECT] 
2026-01-12 14:20:40,402 [ERROR] LogOutputStream:75 - [STDERR_REDIRECT] [Fatal Error] :1:1: Premature end of file.
2026-01-12 14:20:40,402 [ERROR] LogOutputStream:75 - [STDERR_REDIRECT] 
2026-01-12 14:20:41,403 [ERROR] LogOutputStream:75 - [STDERR_REDIRECT] [Fatal Error] :1:1: Premature end of file.
2026-01-12 14:20:41,404 [ERROR] LogOutputStream:75 - [STDERR_REDIRECT] 
2026-01-12 14:20:42,410 [ERROR] LogOutputStream:75 - [STDERR_REDIRECT] [Fatal Error] :1:1: Premature end of file.
2026-01-12 14:20:42,410 [ERROR] LogOutputStream:75 - [STDERR_REDIRECT] 
2026-01-12 14:20:43,409 [ERROR] LogOutputStream:75 - [STDERR_REDIRECT] [Fatal Error] :1:1: Premature end of file.
2026-01-12 14:20:43,410 [ERROR] LogOutputStream:75 - [STDERR_REDIRECT] 
2026-01-12 14:20:44,338 [ERROR] LogOutputStream:75 - [STDERR_REDIRECT] [Fatal Error] :1:1: Premature end of file.
2026-01-12 14:20:44,338 [ERROR] LogOutputStream:75 - [STDERR_REDIRECT] 
2026-01-12 14:20:45,407 [ERROR] LogOutputStream:75 - [STDERR_REDIRECT] [Fatal Error] :1:1: Premature end of file.
2026-01-12 14:20:45,407 [ERROR] LogOutputStream:75 - [STDERR_REDIRECT] 
2026-01-12 14:20:46,405 [ERROR] LogOutputStream:75 - [STDERR_REDIRECT] [Fatal Error] :1:1: Premature end of file.
2026-01-12 14:20:46,406 [ERROR] LogOutputStream:75 - [STDERR_REDIRECT] 
2026-01-12 14:20:47,405 [ERROR] LogOutputStream:75 - [STDERR_REDIRECT] [Fatal Error] :1:1: Premature end of file.
2026-01-12 14:20:47,405 [ERROR] LogOutputStream:75 - [STDERR_REDIRECT] 
2026-01-12 14:20:48,406 [ERROR] LogOutputStream:75 - [STDERR_REDIRECT] [Fatal Error] :1:1: Premature end of file.
2026-01-12 14:20:48,406 [ERROR] LogOutputStream:75 - [STDERR_REDIRECT] 
2026-01-12 14:20:49,407 [ERROR] LogOutputStream:75 - [STDERR_REDIRECT] [Fatal Error] :1:1: Premature end of file.
2026-01-12 14:20:49,408 [ERROR] LogOutputStream:75 - [STDERR_REDIRECT] 
2026-01-12 14:20:50,406 [ERROR] LogOutputStream:75 - [STDERR_REDIRECT] [Fatal Error] :1:1: Premature end of file.
2026-01-12 14:20:50,407 [ERROR] LogOutputStream:75 - [STDERR_REDIRECT] 
2026-01-12 14:20:51,401 [ERROR] LogOutputStream:75 - [STDERR_REDIRECT] [Fatal Error] :1:1: Premature end of file.
2026-01-12 14:20:51,402 [ERROR] LogOutputStream:75 - [STDERR_REDIRECT] 
2026-01-12 14:20:52,410 [ERROR] LogOutputStream:75 - [STDERR_REDIRECT] [Fatal Error] :1:1: Premature end of file.
2026-01-12 14:20:52,410 [ERROR] LogOutputStream:75 - [STDERR_REDIRECT] 
2026-01-12 14:20:53,405 [ERROR] LogOutputStream:75 - [STDERR_REDIRECT] [Fatal Error] :1:1: Premature end of file.
2026-01-12 14:20:53,407 [ERROR] LogOutputStream:75 - [STDERR_REDIRECT] 
2026-01-12 14:20:54,436 [ERROR] LogOutputStream:75 - [STDERR_REDIRECT] [Fatal Error] :1:1: Premature end of file.
2026-01-12 14:20:54,437 [ERROR] LogOutputStream:75 - [STDERR_REDIRECT] 
2026-01-12 14:20:55,384 [ERROR] LogOutputStream:75 - [STDERR_REDIRECT] [Fatal Error] :1:1: Premature end of file.
2026-01-12 14:20:55,385 [ERROR] LogOutputStream:75 - [STDERR_REDIRECT] 
2026-01-12 14:20:56,335 [ERROR] LogOutputStream:75 - [STDERR_REDIRECT] [Fatal Error] :1:1: Premature end of file.
2026-01-12 14:20:56,336 [ERROR] LogOutputStream:75 - [STDERR_REDIRECT] 
2026-01-12 14:20:57,354 [ERROR] LogOutputStream:75 - [STDERR_REDIRECT] [Fatal Error] :1:1: Premature end of file.
2026-01-12 14:20:57,354 [ERROR] LogOutputStream:75 - [STDERR_REDIRECT] 
2026-01-12 14:20:58,406 [ERROR] LogOutputStream:75 - [STDERR_REDIRECT] [Fatal Error] :1:1: Premature end of file.
2026-01-12 14:20:58,407 [ERROR] LogOutputStream:75 - [STDERR_REDIRECT] 
2026-01-12 14:20:59,339 [ERROR] LogOutputStream:75 - [STDERR_REDIRECT] [Fatal Error] :1:1: Premature end of file.
2026-01-12 14:20:59,340 [ERROR] LogOutputStream:75 - [STDERR_REDIRECT] 
2026-01-12 14:21:00,410 [ERROR] LogOutputStream:75 - [STDERR_REDIRECT] [Fatal Error] :1:1: Premature end of file.
2026-01-12 14:21:00,411 [ERROR] LogOutputStream:75 - [STDERR_REDIRECT] 
2026-01-12 14:21:01,402 [ERROR] LogOutputStream:75 - [STDERR_REDIRECT] [Fatal Error] :1:1: Premature end of file.
2026-01-12 14:21:01,403 [ERROR] LogOutputStream:75 - [STDERR_REDIRECT] 
2026-01-12 14:21:02,401 [ERROR] LogOutputStream:75 - [STDERR_REDIRECT] [Fatal Error] :1:1: Premature end of file.
2026-01-12 14:21:02,402 [ERROR] LogOutputStream:75 - [STDERR_REDIRECT] 
2026-01-12 14:21:03,402 [ERROR] LogOutputStream:75 - [STDERR_REDIRECT] [Fatal Error] :1:1: Premature end of file.
2026-01-12 14:21:03,403 [ERROR] LogOutputStream:75 - [STDERR_REDIRECT] 
2026-01-12 14:21:04,404 [ERROR] LogOutputStream:75 - [STDERR_REDIRECT] [Fatal Error] :1:1: Premature end of file.
2026-01-12 14:21:04,405 [ERROR] LogOutputStream:75 - [STDERR_REDIRECT] 
2026-01-12 14:21:05,403 [ERROR] LogOutputStream:75 - [STDERR_REDIRECT] [Fatal Error] :1:1: Premature end of file.
2026-01-12 14:21:05,404 [ERROR] LogOutputStream:75 - [STDERR_REDIRECT] 
2026-01-12 14:21:06,377 [ERROR] LogOutputStream:75 - [STDERR_REDIRECT] [Fatal Error] :1:1: Premature end of file.
2026-01-12 14:21:06,377 [ERROR] LogOutputStream:75 - [STDERR_REDIRECT] 
2026-01-12 14:21:07,352 [ERROR] LogOutputStream:75 - [STDERR_REDIRECT] [Fatal Error] :1:1: Premature end of file.
2026-01-12 14:21:07,352 [ERROR] LogOutputStream:75 - [STDERR_REDIRECT] 
2026-01-12 14:21:07,933 [ERROR] LogOutputStream:75 - [STDERR_REDIRECT] 
2026-01-12 14:21:07,934 [ERROR] LogOutputStream:75 - [STDERR_REDIRECT] 
