2025-08-11 22:25:33,410 [INFO] Activator:176 - 


2025-08-11 22:25:33,411 [INFO] Activator:177 - !SESSION log4j initialized
2025-08-11 22:25:35,776 [INFO] LogOutputStream:77 - [STDOUT_REDIRECT] 
2025-08-11 22:25:37,450 [INFO] ApplicationProperties:184 - Using Application install path: C:\ST\STM32CubeIDE_1.19.0\STM32CubeIDE\plugins\com.st.stm32cube.common.mx_6.15.0.202507011659
2025-08-11 22:25:37,465 [INFO] DbMcusXml:78 - Set database path to: C:\ST\STM32CubeIDE_1.19.0\STM32CubeIDE\plugins\com.st.stm32cube.common.mx_6.15.0.202507011659\\db\/mcu/
2025-08-11 22:25:37,465 [INFO] ApiDb:274 - Set plugin database path to: C:\ST\STM32CubeIDE_1.19.0\STM32CubeIDE\plugins\com.st.stm32cube.common.mx_6.15.0.202507011659\\db\/plugins/boardmanager/
2025-08-11 22:25:37,466 [WARN] ApiDb:259 - Overriding images path with different value:  => C:\ST\STM32CubeIDE_1.19.0\STM32CubeIDE\plugins\com.st.stm32cube.common.mx_6.15.0.202507011659\\db\/plugins/mcufinder/images/
2025-08-11 22:25:37,470 [INFO] ApiDb:250 - Set database path to: C:\Users\Harshil\.stmcufinder\plugins\mcufinder//mcu/
2025-08-11 22:25:37,472 [INFO] DbMcusAds:125 - Set database path to: C:\Users\Harshil\.stmcufinder\plugins\mcufinder//mcu/
2025-08-11 22:25:37,474 [INFO] CrossReferenceDbSqlite:203 - Set database path to: C:\Users\Harshil\.stmcufinder\plugins\mcufinder//mcu/cs/
2025-08-11 22:25:37,590 [INFO] RulesReader:64 - Compatibility file has been processed (317 Rules)
2025-08-11 22:25:37,657 [INFO] DbMcusXml:78 - Set database path to: C:\ST\STM32CubeIDE_1.19.0\STM32CubeIDE\plugins\com.st.stm32cube.common.mx_6.15.0.202507011659\\db\/mcu/
2025-08-11 22:25:37,657 [INFO] ApiDb:274 - Set plugin database path to: C:\ST\STM32CubeIDE_1.19.0\STM32CubeIDE\plugins\com.st.stm32cube.common.mx_6.15.0.202507011659\\db\/plugins/boardmanager/
2025-08-11 22:25:37,658 [INFO] ApiDb:261 - Set plugin images path to: C:\ST\STM32CubeIDE_1.19.0\STM32CubeIDE\plugins\com.st.stm32cube.common.mx_6.15.0.202507011659\\db\/plugins/mcufinder/images/
2025-08-11 22:25:37,658 [WARN] DbFile:41 - Overriding database path with different value: C:\Users\Harshil\.stmcufinder\plugins\mcufinder/ => C:\Users\Harshil\.stmcufinder\plugins\mcufinder
2025-08-11 22:25:37,658 [INFO] ApiDb:250 - Set database path to: C:\Users\Harshil\.stmcufinder\plugins\mcufinder//mcu/
2025-08-11 22:25:37,658 [WARN] DbFile:41 - Overriding database path with different value: C:\Users\Harshil\.stmcufinder\plugins\mcufinder/ => C:\Users\Harshil\.stmcufinder\plugins\mcufinder
2025-08-11 22:25:37,658 [INFO] DbMcusAds:125 - Set database path to: C:\Users\Harshil\.stmcufinder\plugins\mcufinder//mcu/
2025-08-11 22:25:37,658 [WARN] DbFile:41 - Overriding database path with different value: C:\Users\Harshil\.stmcufinder\plugins\mcufinder/ => C:\Users\Harshil\.stmcufinder\plugins\mcufinder
2025-08-11 22:25:37,658 [WARN] DbFile:41 - Overriding database path with different value: C:\Users\Harshil\.stmcufinder\plugins\mcufinder/ => C:\Users\Harshil\.stmcufinder\plugins\mcufinder
2025-08-11 22:25:37,659 [INFO] CrossReferenceDbSqlite:203 - Set database path to: C:\Users\Harshil\.stmcufinder\plugins\mcufinder//mcu/cs/
2025-08-11 22:25:37,720 [INFO] MainPanel:274 - HeapMemory: 268435456
2025-08-11 22:25:37,781 [INFO] DbMcusXml:78 - Set database path to: C:\ST\STM32CubeIDE_1.19.0\STM32CubeIDE\plugins\com.st.stm32cube.common.mx_6.15.0.202507011659\\db\/mcu/
2025-08-11 22:25:37,782 [INFO] ApiDb:274 - Set plugin database path to: C:\ST\STM32CubeIDE_1.19.0\STM32CubeIDE\plugins\com.st.stm32cube.common.mx_6.15.0.202507011659\\db\/plugins/boardmanager/
2025-08-11 22:25:37,782 [INFO] ApiDb:261 - Set plugin images path to: C:\ST\STM32CubeIDE_1.19.0\STM32CubeIDE\plugins\com.st.stm32cube.common.mx_6.15.0.202507011659\\db\/plugins/mcufinder/images/
2025-08-11 22:25:37,782 [WARN] DbFile:41 - Overriding database path with different value: C:\Users\Harshil\.stmcufinder\plugins\mcufinder/ => C:\Users\Harshil\.stmcufinder\plugins\mcufinder
2025-08-11 22:25:37,782 [INFO] ApiDb:250 - Set database path to: C:\Users\Harshil\.stmcufinder\plugins\mcufinder//mcu/
2025-08-11 22:25:37,782 [WARN] DbFile:41 - Overriding database path with different value: C:\Users\Harshil\.stmcufinder\plugins\mcufinder/ => C:\Users\Harshil\.stmcufinder\plugins\mcufinder
2025-08-11 22:25:37,782 [INFO] DbMcusAds:125 - Set database path to: C:\Users\Harshil\.stmcufinder\plugins\mcufinder//mcu/
2025-08-11 22:25:37,783 [WARN] DbFile:41 - Overriding database path with different value: C:\Users\Harshil\.stmcufinder\plugins\mcufinder/ => C:\Users\Harshil\.stmcufinder\plugins\mcufinder
2025-08-11 22:25:37,783 [WARN] DbFile:41 - Overriding database path with different value: C:\Users\Harshil\.stmcufinder\plugins\mcufinder/ => C:\Users\Harshil\.stmcufinder\plugins\mcufinder
2025-08-11 22:25:37,783 [INFO] CrossReferenceDbSqlite:203 - Set database path to: C:\Users\Harshil\.stmcufinder\plugins\mcufinder//mcu/cs/
2025-08-11 22:25:37,799 [INFO] ApplicationProperties:184 - Using Application install path: C:\ST\STM32CubeIDE_1.19.0\STM32CubeIDE\plugins\com.st.stm32cube.common.mx_6.15.0.202507011659
2025-08-11 22:25:37,800 [INFO] PluginManage:196 - Search for loadable plugins [exclusion list=, ]
2025-08-11 22:25:37,801 [INFO] PluginManage:310 - Check plugin analytics
2025-08-11 22:25:37,980 [INFO] AnalyticsPlugin:253 - Accepted Software Licenses: 
2025-08-11 22:25:37,980 [INFO] AnalyticsPlugin:255 - Accepted CMSIS Pack Licenses: 
2025-08-11 22:25:37,980 [INFO] AnalyticsPlugin:257 - Accepted Firmware Licenses: 
2025-08-11 22:25:37,983 [INFO] PluginManage:359 - Loaded plugin analytics (category:tool,tabindex:-1)
2025-08-11 22:25:37,983 [INFO] PluginManage:310 - Check plugin cadmodel
2025-08-11 22:25:37,987 [INFO] CADModel:105 - Init CAD model plugin
2025-08-11 22:25:37,987 [INFO] PluginManage:359 - Loaded plugin cadmodel (category:power,tabindex:5)
2025-08-11 22:25:37,987 [INFO] PluginManage:310 - Check plugin clock
2025-08-11 22:25:37,995 [INFO] PluginManage:359 - Loaded plugin clock (category:base,tabindex:2)
2025-08-11 22:25:37,995 [INFO] PluginManage:310 - Check plugin ddr
2025-08-11 22:25:37,998 [INFO] PluginManage:359 - Loaded plugin ddr (category:tool,tabindex:6)
2025-08-11 22:25:37,998 [INFO] PluginManage:310 - Check plugin filemanager
2025-08-11 22:25:38,159 [INFO] PluginManage:359 - Loaded plugin filemanager (category:base,tabindex:10)
2025-08-11 22:25:38,159 [INFO] PluginManage:310 - Check plugin ipmanager
2025-08-11 22:25:38,167 [INFO] PluginManage:359 - Loaded plugin ipmanager (category:base,tabindex:5)
2025-08-11 22:25:38,168 [INFO] PluginManage:310 - Check plugin lpbam
2025-08-11 22:25:38,175 [INFO] PluginManage:359 - Loaded plugin lpbam (category:base,tabindex:0)
2025-08-11 22:25:38,175 [INFO] PluginManage:310 - Check plugin memorymap
2025-08-11 22:25:38,184 [INFO] PluginManage:359 - Loaded plugin memorymap (category:base,tabindex:4)
2025-08-11 22:25:38,185 [INFO] PluginManage:310 - Check plugin pinoutandconfiguration
2025-08-11 22:25:38,190 [INFO] PluginManage:359 - Loaded plugin pinoutandconfiguration (category:base,tabindex:1)
2025-08-11 22:25:38,190 [INFO] PluginManage:310 - Check plugin pinoutconfig
2025-08-11 22:25:38,258 [WARN] SupportedApi:132 - Cannot load RTOS API schema: s4s-elt-must-match.1: The content of 'definitions' must match (annotation?, (simpleType | complexType)?, (unique | key | keyref)*)). A problem was found starting at: attribute.
2025-08-11 22:25:38,358 [INFO] PluginManage:359 - Loaded plugin pinoutconfig (category:base,tabindex:0)
2025-08-11 22:25:38,358 [INFO] PluginManage:310 - Check plugin power
2025-08-11 22:25:38,363 [INFO] PluginManage:359 - Loaded plugin power (category:power,tabindex:4)
2025-08-11 22:25:38,363 [INFO] PluginManage:310 - Check plugin projectmanager
2025-08-11 22:25:38,380 [INFO] PluginManage:359 - Loaded plugin projectmanager (category:projectmanager,tabindex:4)
2025-08-11 22:25:38,380 [INFO] PluginManage:310 - Check plugin rif
2025-08-11 22:25:38,389 [INFO] PluginManage:359 - Loaded plugin rif (category:base,tabindex:3)
2025-08-11 22:25:38,389 [INFO] PluginManage:310 - Check plugin thirdparty
2025-08-11 22:25:38,487 [WARN] IntegrityCheckThread:84 - waiting for thirdparty lock release [integrity check]
2025-08-11 22:25:38,488 [INFO] PluginManage:359 - Loaded plugin thirdparty (category:base,tabindex:-1)
2025-08-11 22:25:38,488 [INFO] IntegrityCheckThread:86 - entering critical section [integrity check]
2025-08-11 22:25:38,488 [INFO] PluginManage:310 - Check plugin tools
2025-08-11 22:25:38,488 [INFO] ThirdPartyUpdaterWithRetryManager:70 - Updater plugin not ready yet. [1/15]
2025-08-11 22:25:38,491 [INFO] PluginManage:359 - Loaded plugin tools (category:base,tabindex:7)
2025-08-11 22:25:38,492 [INFO] PluginManage:310 - Check plugin tutovideos
2025-08-11 22:25:38,655 [INFO] PluginManage:359 - Loaded plugin tutovideos (category:base,tabindex:-1)
2025-08-11 22:25:38,655 [INFO] PluginManage:310 - Check plugin updater
2025-08-11 22:25:38,675 [INFO] PluginManage:359 - Loaded plugin updater (category:base,tabindex:12)
2025-08-11 22:25:38,675 [INFO] PluginManage:310 - Check plugin userauth
2025-08-11 22:25:38,678 [INFO] UserAuth:118 - Init User Auth plugin
2025-08-11 22:25:38,679 [INFO] PluginManage:359 - Loaded plugin userauth (category:base,tabindex:14)
2025-08-11 22:25:38,679 [INFO] PluginManage:283 - PluginManage : Loaded plugins [18]
2025-08-11 22:25:38,851 [INFO] PinOutPanel:1589 - setPackage(No Configuration,No Configuration)
2025-08-11 22:25:38,923 [INFO] CADModel:165 - CPN selected for project level
2025-08-11 22:25:38,923 [INFO] CADModel:114 - Register for checkConnection events
2025-08-11 22:25:38,934 [INFO] IPUIPlugin:80 - create IPUIPlugin
2025-08-11 22:25:38,935 [INFO] PluginManager:220 - loadIPPluginJar : add adc
2025-08-11 22:25:38,937 [INFO] IPUIPlugin:80 - create IPUIPlugin
2025-08-11 22:25:38,937 [INFO] PluginManager:220 - loadIPPluginJar : add aes
2025-08-11 22:25:38,939 [INFO] IPUIPlugin:80 - create IPUIPlugin
2025-08-11 22:25:38,939 [INFO] PluginManager:220 - loadIPPluginJar : add can
2025-08-11 22:25:38,940 [INFO] IPUIPlugin:80 - create IPUIPlugin
2025-08-11 22:25:38,940 [INFO] PluginManager:220 - loadIPPluginJar : add comp
2025-08-11 22:25:38,942 [INFO] IPUIPlugin:80 - create IPUIPlugin
2025-08-11 22:25:38,942 [INFO] PluginManager:220 - loadIPPluginJar : add cryp
2025-08-11 22:25:38,944 [INFO] IPUIPlugin:80 - create IPUIPlugin
2025-08-11 22:25:38,944 [INFO] PluginManager:220 - loadIPPluginJar : add ddr_ctrl_phy
2025-08-11 22:25:38,946 [INFO] IPUIPlugin:80 - create IPUIPlugin
2025-08-11 22:25:38,946 [INFO] PluginManager:220 - loadIPPluginJar : add dfsdm
2025-08-11 22:25:38,951 [INFO] IPUIPlugin:80 - create IPUIPlugin
2025-08-11 22:25:38,952 [INFO] PluginManager:220 - loadIPPluginJar : add dma
2025-08-11 22:25:38,955 [INFO] IPUIPlugin:80 - create IPUIPlugin
2025-08-11 22:25:38,955 [INFO] PluginManager:220 - loadIPPluginJar : add dma3
2025-08-11 22:25:38,958 [INFO] IPUIPlugin:80 - create IPUIPlugin
2025-08-11 22:25:38,958 [INFO] PluginManager:220 - loadIPPluginJar : add extmemmanager
2025-08-11 22:25:38,959 [INFO] IPUIPlugin:80 - create IPUIPlugin
2025-08-11 22:25:38,960 [INFO] PluginManager:220 - loadIPPluginJar : add fatfs
2025-08-11 22:25:38,964 [INFO] IPUIPlugin:80 - create IPUIPlugin
2025-08-11 22:25:38,964 [INFO] PluginManager:220 - loadIPPluginJar : add fmc
2025-08-11 22:25:38,969 [INFO] IPUIPlugin:80 - create IPUIPlugin
2025-08-11 22:25:38,969 [INFO] PluginManager:220 - loadIPPluginJar : add freertos
2025-08-11 22:25:38,970 [INFO] IPUIPlugin:80 - create IPUIPlugin
2025-08-11 22:25:38,971 [INFO] PluginManager:220 - loadIPPluginJar : add genericplugin
2025-08-11 22:25:38,973 [INFO] IPUIPlugin:80 - create IPUIPlugin
2025-08-11 22:25:38,973 [INFO] PluginManager:220 - loadIPPluginJar : add gfxmmu
2025-08-11 22:25:38,977 [INFO] IPUIPlugin:80 - create IPUIPlugin
2025-08-11 22:25:38,978 [INFO] PluginManager:220 - loadIPPluginJar : add gic
2025-08-11 22:25:38,981 [INFO] IPUIPlugin:80 - create IPUIPlugin
2025-08-11 22:25:38,981 [INFO] PluginManager:220 - loadIPPluginJar : add gpio
2025-08-11 22:25:38,984 [INFO] IPUIPlugin:80 - create IPUIPlugin
2025-08-11 22:25:38,984 [INFO] PluginManager:220 - loadIPPluginJar : add gtzc
2025-08-11 22:25:38,987 [INFO] IPUIPlugin:80 - create IPUIPlugin
2025-08-11 22:25:38,987 [INFO] PluginManager:220 - loadIPPluginJar : add hash
2025-08-11 22:25:38,990 [INFO] IPUIPlugin:80 - create IPUIPlugin
2025-08-11 22:25:38,990 [INFO] PluginManager:220 - loadIPPluginJar : add i2c
2025-08-11 22:25:38,992 [INFO] IPUIPlugin:80 - create IPUIPlugin
2025-08-11 22:25:38,992 [INFO] PluginManager:220 - loadIPPluginJar : add i2s
2025-08-11 22:25:38,995 [INFO] IPUIPlugin:80 - create IPUIPlugin
2025-08-11 22:25:38,996 [INFO] PluginManager:220 - loadIPPluginJar : add i3c
2025-08-11 22:25:38,998 [INFO] IPUIPlugin:80 - create IPUIPlugin
2025-08-11 22:25:38,999 [INFO] PluginManager:220 - loadIPPluginJar : add ipddr
2025-08-11 22:25:39,004 [INFO] IPUIPlugin:80 - create IPUIPlugin
2025-08-11 22:25:39,004 [INFO] PluginManager:220 - loadIPPluginJar : add linkedlist
2025-08-11 22:25:39,007 [INFO] IPUIPlugin:80 - create IPUIPlugin
2025-08-11 22:25:39,007 [INFO] PluginManager:220 - loadIPPluginJar : add lorawan
2025-08-11 22:25:39,009 [INFO] IPUIPlugin:80 - create IPUIPlugin
2025-08-11 22:25:39,009 [INFO] PluginManager:220 - loadIPPluginJar : add ltdc
2025-08-11 22:25:39,014 [INFO] IPUIPlugin:80 - create IPUIPlugin
2025-08-11 22:25:39,014 [INFO] PluginManager:220 - loadIPPluginJar : add mdma
2025-08-11 22:25:39,017 [INFO] IPUIPlugin:80 - create IPUIPlugin
2025-08-11 22:25:39,018 [INFO] PluginManager:220 - loadIPPluginJar : add nvic
2025-08-11 22:25:39,020 [INFO] IPUIPlugin:80 - create IPUIPlugin
2025-08-11 22:25:39,020 [INFO] PluginManager:220 - loadIPPluginJar : add opamp
2025-08-11 22:25:39,023 [INFO] IPUIPlugin:80 - create IPUIPlugin
2025-08-11 22:25:39,025 [INFO] PluginManager:220 - loadIPPluginJar : add openamp
2025-08-11 22:25:39,027 [INFO] IPUIPlugin:80 - create IPUIPlugin
2025-08-11 22:25:39,027 [INFO] PluginManager:220 - loadIPPluginJar : add pdm2pcm
2025-08-11 22:25:39,031 [INFO] IPUIPlugin:80 - create IPUIPlugin
2025-08-11 22:25:39,033 [INFO] PluginManager:220 - loadIPPluginJar : add plateformsettings
2025-08-11 22:25:39,034 [INFO] IPUIPlugin:80 - create IPUIPlugin
2025-08-11 22:25:39,034 [INFO] PluginManager:220 - loadIPPluginJar : add quadspi
2025-08-11 22:25:39,036 [INFO] IPUIPlugin:80 - create IPUIPlugin
2025-08-11 22:25:39,036 [INFO] PluginManager:220 - loadIPPluginJar : add radio
2025-08-11 22:25:39,039 [INFO] IPUIPlugin:80 - create IPUIPlugin
2025-08-11 22:25:39,039 [INFO] PluginManager:220 - loadIPPluginJar : add resmgrutility
2025-08-11 22:25:39,042 [INFO] IPUIPlugin:80 - create IPUIPlugin
2025-08-11 22:25:39,042 [INFO] PluginManager:220 - loadIPPluginJar : add sai
2025-08-11 22:25:39,043 [INFO] IPUIPlugin:80 - create IPUIPlugin
2025-08-11 22:25:39,044 [INFO] PluginManager:220 - loadIPPluginJar : add spi
2025-08-11 22:25:39,049 [INFO] IPUIPlugin:80 - create IPUIPlugin
2025-08-11 22:25:39,049 [INFO] PluginManager:220 - loadIPPluginJar : add stm32_wpan
2025-08-11 22:25:39,051 [INFO] IPUIPlugin:80 - create IPUIPlugin
2025-08-11 22:25:39,051 [INFO] PluginManager:220 - loadIPPluginJar : add tim
2025-08-11 22:25:39,054 [INFO] IPUIPlugin:80 - create IPUIPlugin
2025-08-11 22:25:39,054 [INFO] PluginManager:220 - loadIPPluginJar : add touchsensing
2025-08-11 22:25:39,056 [INFO] IPUIPlugin:80 - create IPUIPlugin
2025-08-11 22:25:39,056 [INFO] PluginManager:220 - loadIPPluginJar : add tracer_emb
2025-08-11 22:25:39,058 [INFO] IPUIPlugin:80 - create IPUIPlugin
2025-08-11 22:25:39,058 [INFO] PluginManager:220 - loadIPPluginJar : add ts
2025-08-11 22:25:39,059 [INFO] IPUIPlugin:80 - create IPUIPlugin
2025-08-11 22:25:39,059 [INFO] PluginManager:220 - loadIPPluginJar : add tsc
2025-08-11 22:25:39,061 [INFO] IPUIPlugin:80 - create IPUIPlugin
2025-08-11 22:25:39,061 [INFO] PluginManager:220 - loadIPPluginJar : add ucpd
2025-08-11 22:25:39,063 [INFO] IPUIPlugin:80 - create IPUIPlugin
2025-08-11 22:25:39,063 [INFO] PluginManager:220 - loadIPPluginJar : add usart
2025-08-11 22:25:39,066 [INFO] IPUIPlugin:80 - create IPUIPlugin
2025-08-11 22:25:39,066 [INFO] PluginManager:220 - loadIPPluginJar : add usbx
2025-08-11 22:25:39,180 [FATAL] Updater:351 - Updater called before beeing initialized
2025-08-11 22:25:39,205 [INFO] RulesReader:64 - Compatibility file has been processed (317 Rules)
2025-08-11 22:25:39,215 [INFO] RulesReader:64 - Compatibility file has been processed (317 Rules)
2025-08-11 22:25:39,224 [INFO] CADModel:165 - CPN selected for project level
2025-08-11 22:25:39,224 [INFO] CADModel:114 - Register for checkConnection events
2025-08-11 22:25:39,224 [FATAL] Updater:351 - Updater called before beeing initialized
2025-08-11 22:25:39,224 [ERROR] CADModel:125 - Updater not yet initialized, retry later 
2025-08-11 22:25:39,335 [FATAL] Updater:351 - Updater called before beeing initialized
2025-08-11 22:25:39,337 [INFO] CADModel:165 - CPN selected for project level
2025-08-11 22:25:39,337 [INFO] CADModel:114 - Register for checkConnection events
2025-08-11 22:25:39,337 [FATAL] Updater:351 - Updater called before beeing initialized
2025-08-11 22:25:39,337 [ERROR] CADModel:125 - Updater not yet initialized, retry later 
2025-08-11 22:25:39,339 [FATAL] Updater:351 - Updater called before beeing initialized
2025-08-11 22:25:39,428 [FATAL] Updater:351 - Updater called before beeing initialized
2025-08-11 22:25:39,431 [INFO] DbMcusAds:53 - JSON generation date=Tue Jul 08 13:44:23 IST 2025 (1751962463582)
2025-08-11 22:25:39,431 [FATAL] Updater:351 - Updater called before beeing initialized
2025-08-11 22:25:39,461 [WARN] DetailPanel:346 - Failed to get advertising image, set to default
2025-08-11 22:25:39,531 [FATAL] Updater:351 - Updater called before beeing initialized
2025-08-11 22:25:39,533 [FATAL] Updater:351 - Updater called before beeing initialized
2025-08-11 22:25:39,533 [FATAL] Updater:351 - Updater called before beeing initialized
2025-08-11 22:25:39,533 [WARN] DetailPanel:346 - Failed to get advertising image, set to default
2025-08-11 22:25:39,534 [FATAL] Updater:351 - Updater called before beeing initialized
2025-08-11 22:25:39,574 [ERROR] Updater:1198 - MainUpdater not yet initialized. External WinMGr cannot be set.
2025-08-11 22:25:39,576 [INFO] Updater:1134 - Updater Version found : 6.15.0
2025-08-11 22:25:39,588 [INFO] ApplicationProperties:184 - Using Application install path: C:\ST\STM32CubeIDE_1.19.0\STM32CubeIDE\plugins\com.st.stm32cube.common.mx_6.15.0.202507011659
2025-08-11 22:25:41,153 [ERROR] LogOutputStream:75 - [STDERR_REDIRECT] Aug 11, 2025 10:25:41 PM java.util.prefs.WindowsPreferences <init>
2025-08-11 22:25:41,154 [ERROR] LogOutputStream:75 - [STDERR_REDIRECT] WARNING: Could not open/create prefs root node Software\JavaSoft\Prefs at root 0xffffffff80000002. Windows RegCreateKeyEx(...) returned error code 5.
2025-08-11 22:25:41,154 [ERROR] LogOutputStream:75 - [STDERR_REDIRECT] 
2025-08-11 22:25:41,490 [INFO] ThirdPartyUpdaterWithRetryManager:70 - Updater plugin not ready yet. [2/15]
2025-08-11 22:25:41,493 [INFO] MainUpdater:2872 - connection check result : 10
2025-08-11 22:25:41,494 [INFO] MainUpdater:289 - Updater Check For Update Now.
2025-08-11 22:25:41,495 [INFO] MicroXplorer:498 - Change Database Version : DB.6.0.150
2025-08-11 22:25:41,503 [INFO] McuFinderGlobals:63 - Set McuFinder mode to 2 (CubeIDE integrated)
2025-08-11 22:25:41,503 [INFO] UserAuth:171 - activating auth plugin
2025-08-11 22:25:41,505 [INFO] UserAuth:487 - Internet connection configuration mode: 1
2025-08-11 22:25:41,526 [INFO] JxBrowserEngine:152 - Initiate JxBrowser Engine with user profile folder
2025-08-11 22:25:41,668 [INFO] CheckServerUpdateThread:120 - End of CheckServer Thread
2025-08-11 22:25:42,007 [INFO] WebApp:169 - Instantiating new browser for Auth
2025-08-11 22:25:42,566 [INFO] WebApp:463 - Apply proxy settings
2025-08-11 22:25:42,566 [INFO] WebApp:548 - Chromium requires no authentication
2025-08-11 22:25:42,573 [INFO] WebApp:491 - Direct internet connection detected
2025-08-11 22:25:42,590 [INFO] WebApp:900 - Register for checkConnection events
2025-08-11 22:25:42,591 [INFO] WebApp:463 - Apply proxy settings
2025-08-11 22:25:42,591 [INFO] WebApp:548 - Chromium requires no authentication
2025-08-11 22:25:42,591 [INFO] WebApp:491 - Direct internet connection detected
2025-08-11 22:25:42,713 [INFO] WebApp:225 - Starting web application
2025-08-11 22:25:42,713 [INFO] WebApp:593 - Web application path used C:\ST\STM32CubeIDE_1.19.0\STM32CubeIDE\plugins\com.st.stm32cube.common.mx_6.15.0.202507011659\db\plugins\mcufinder\reactClient1\index.html
2025-08-11 22:25:43,007 [INFO] WebApp:191 - Connection restablished
2025-08-11 22:25:43,076 [ERROR] LogOutputStream:75 - [STDERR_REDIRECT] [Fatal Error] :1:1: Premature end of file.
2025-08-11 22:25:43,077 [ERROR] LogOutputStream:75 - [STDERR_REDIRECT] 
2025-08-11 22:25:43,851 [ERROR] LogOutputStream:75 - [STDERR_REDIRECT] [Fatal Error] :1:1: Premature end of file.
2025-08-11 22:25:43,851 [ERROR] LogOutputStream:75 - [STDERR_REDIRECT] 
2025-08-11 22:25:44,648 [WARN] PackLoader:240 - Cannot read IP mode file for STMicroelectronics.FP-SNS-MOTENVWB1.1.4.0
2025-08-11 22:25:44,659 [WARN] PackLoader:240 - Cannot read IP mode file for STMicroelectronics.FP-ATR-ASTRA1.2.0.2
2025-08-11 22:25:44,674 [WARN] PackLoader:240 - Cannot read IP mode file for STMicroelectronics.FP-SNS-STBOX1.2.1.0
2025-08-11 22:25:44,684 [WARN] PackLoader:240 - Cannot read IP mode file for STMicroelectronics.FP-SNS-SMARTAG2.1.2.0
2025-08-11 22:25:44,692 [WARN] PackLoader:240 - Cannot read IP mode file for STMicroelectronics.FP-SNS-FLIGHT1.5.1.0
2025-08-11 22:25:44,699 [WARN] PackLoader:240 - Cannot read IP mode file for STMicroelectronics.FP-SNS-MOTENV1.5.0.0
2025-08-11 22:25:44,726 [WARN] PackLoader:240 - Cannot read IP mode file for STMicroelectronics.FP-ATR-SIGFOX1.3.2.0
2025-08-11 22:25:44,730 [WARN] PackLoader:240 - Cannot read IP mode file for STMicroelectronics.X-CUBE-AI.10.2.0
2025-08-11 22:25:44,741 [WARN] PackLoader:240 - Cannot read IP mode file for STMicroelectronics.FP-SNS-STAIOTCFT.1.0.0
2025-08-11 22:25:44,746 [WARN] PackLoader:240 - Cannot read IP mode file for STMicroelectronics.X-CUBE-ALS.1.0.2
2025-08-11 22:25:44,747 [INFO] ThirdParty:978 - Integrity check success = true
2025-08-11 22:25:44,747 [INFO] IntegrityCheckThread:100 - exiting critical section [integrity check]
2025-08-11 22:25:44,747 [INFO] IntegrityCheckThread:103 - End integrity checks thread
2025-08-11 22:25:44,851 [ERROR] LogOutputStream:75 - [STDERR_REDIRECT] [Fatal Error] :1:1: Premature end of file.
2025-08-11 22:25:44,851 [ERROR] LogOutputStream:75 - [STDERR_REDIRECT] 
2025-08-11 22:25:45,853 [ERROR] LogOutputStream:75 - [STDERR_REDIRECT] [Fatal Error] :1:1: Premature end of file.
2025-08-11 22:25:45,853 [ERROR] LogOutputStream:75 - [STDERR_REDIRECT] 
2025-08-11 22:25:46,855 [ERROR] LogOutputStream:75 - [STDERR_REDIRECT] [Fatal Error] :1:1: Premature end of file.
2025-08-11 22:25:46,855 [ERROR] LogOutputStream:75 - [STDERR_REDIRECT] 
2025-08-11 22:25:47,853 [ERROR] LogOutputStream:75 - [STDERR_REDIRECT] [Fatal Error] :1:1: Premature end of file.
2025-08-11 22:25:47,854 [ERROR] LogOutputStream:75 - [STDERR_REDIRECT] 
2025-08-11 22:25:48,853 [ERROR] LogOutputStream:75 - [STDERR_REDIRECT] [Fatal Error] :1:1: Premature end of file.
2025-08-11 22:25:48,853 [ERROR] LogOutputStream:75 - [STDERR_REDIRECT] 
2025-08-11 22:25:49,854 [ERROR] LogOutputStream:75 - [STDERR_REDIRECT] [Fatal Error] :1:1: Premature end of file.
2025-08-11 22:25:49,854 [ERROR] LogOutputStream:75 - [STDERR_REDIRECT] 
2025-08-11 22:25:50,853 [ERROR] LogOutputStream:75 - [STDERR_REDIRECT] [Fatal Error] :1:1: Premature end of file.
2025-08-11 22:25:50,854 [ERROR] LogOutputStream:75 - [STDERR_REDIRECT] 
2025-08-11 22:25:51,857 [ERROR] LogOutputStream:75 - [STDERR_REDIRECT] [Fatal Error] :1:1: Premature end of file.
2025-08-11 22:25:51,858 [ERROR] LogOutputStream:75 - [STDERR_REDIRECT] 
2025-08-11 22:25:52,853 [ERROR] LogOutputStream:75 - [STDERR_REDIRECT] [Fatal Error] :1:1: Premature end of file.
2025-08-11 22:25:52,853 [ERROR] LogOutputStream:75 - [STDERR_REDIRECT] 
2025-08-11 22:25:53,854 [ERROR] LogOutputStream:75 - [STDERR_REDIRECT] [Fatal Error] :1:1: Premature end of file.
2025-08-11 22:25:53,854 [ERROR] LogOutputStream:75 - [STDERR_REDIRECT] 
2025-08-11 22:25:54,854 [ERROR] LogOutputStream:75 - [STDERR_REDIRECT] [Fatal Error] :1:1: Premature end of file.
2025-08-11 22:25:54,854 [ERROR] LogOutputStream:75 - [STDERR_REDIRECT] 
2025-08-11 22:25:55,860 [ERROR] LogOutputStream:75 - [STDERR_REDIRECT] [Fatal Error] :1:1: Premature end of file.
2025-08-11 22:25:55,861 [ERROR] LogOutputStream:75 - [STDERR_REDIRECT] 
2025-08-11 22:25:56,853 [ERROR] LogOutputStream:75 - [STDERR_REDIRECT] [Fatal Error] :1:1: Premature end of file.
2025-08-11 22:25:56,853 [ERROR] LogOutputStream:75 - [STDERR_REDIRECT] 
2025-08-11 22:25:57,853 [ERROR] LogOutputStream:75 - [STDERR_REDIRECT] [Fatal Error] :1:1: Premature end of file.
2025-08-11 22:25:57,853 [ERROR] LogOutputStream:75 - [STDERR_REDIRECT] 
2025-08-11 22:25:58,852 [ERROR] LogOutputStream:75 - [STDERR_REDIRECT] [Fatal Error] :1:1: Premature end of file.
2025-08-11 22:25:58,852 [ERROR] LogOutputStream:75 - [STDERR_REDIRECT] 
2025-08-11 22:25:59,854 [ERROR] LogOutputStream:75 - [STDERR_REDIRECT] [Fatal Error] :1:1: Premature end of file.
2025-08-11 22:25:59,854 [ERROR] LogOutputStream:75 - [STDERR_REDIRECT] 
2025-08-11 22:26:00,855 [ERROR] LogOutputStream:75 - [STDERR_REDIRECT] [Fatal Error] :1:1: Premature end of file.
2025-08-11 22:26:00,855 [ERROR] LogOutputStream:75 - [STDERR_REDIRECT] 
2025-08-11 22:26:01,853 [ERROR] LogOutputStream:75 - [STDERR_REDIRECT] [Fatal Error] :1:1: Premature end of file.
2025-08-11 22:26:01,854 [ERROR] LogOutputStream:75 - [STDERR_REDIRECT] 
2025-08-11 22:26:02,854 [ERROR] LogOutputStream:75 - [STDERR_REDIRECT] [Fatal Error] :1:1: Premature end of file.
2025-08-11 22:26:02,854 [ERROR] LogOutputStream:75 - [STDERR_REDIRECT] 
2025-08-11 22:26:03,853 [ERROR] LogOutputStream:75 - [STDERR_REDIRECT] [Fatal Error] :1:1: Premature end of file.
2025-08-11 22:26:03,853 [ERROR] LogOutputStream:75 - [STDERR_REDIRECT] 
2025-08-11 22:26:04,853 [ERROR] LogOutputStream:75 - [STDERR_REDIRECT] [Fatal Error] :1:1: Premature end of file.
2025-08-11 22:26:04,854 [ERROR] LogOutputStream:75 - [STDERR_REDIRECT] 
2025-08-11 22:26:05,856 [ERROR] LogOutputStream:75 - [STDERR_REDIRECT] [Fatal Error] :1:1: Premature end of file.
2025-08-11 22:26:05,856 [ERROR] LogOutputStream:75 - [STDERR_REDIRECT] 
2025-08-11 22:26:06,853 [ERROR] LogOutputStream:75 - [STDERR_REDIRECT] [Fatal Error] :1:1: Premature end of file.
2025-08-11 22:26:06,853 [ERROR] LogOutputStream:75 - [STDERR_REDIRECT] 
2025-08-11 22:26:07,854 [ERROR] LogOutputStream:75 - [STDERR_REDIRECT] [Fatal Error] :1:1: Premature end of file.
2025-08-11 22:26:07,855 [ERROR] LogOutputStream:75 - [STDERR_REDIRECT] 
2025-08-11 22:26:08,853 [ERROR] LogOutputStream:75 - [STDERR_REDIRECT] [Fatal Error] :1:1: Premature end of file.
2025-08-11 22:26:08,853 [ERROR] LogOutputStream:75 - [STDERR_REDIRECT] 
2025-08-11 22:26:09,855 [ERROR] LogOutputStream:75 - [STDERR_REDIRECT] [Fatal Error] :1:1: Premature end of file.
2025-08-11 22:26:09,855 [ERROR] LogOutputStream:75 - [STDERR_REDIRECT] 
2025-08-11 22:26:10,854 [ERROR] LogOutputStream:75 - [STDERR_REDIRECT] [Fatal Error] :1:1: Premature end of file.
2025-08-11 22:26:10,855 [ERROR] LogOutputStream:75 - [STDERR_REDIRECT] 
2025-08-11 22:26:11,854 [ERROR] LogOutputStream:75 - [STDERR_REDIRECT] [Fatal Error] :1:1: Premature end of file.
2025-08-11 22:26:11,854 [ERROR] LogOutputStream:75 - [STDERR_REDIRECT] 
2025-08-11 22:26:12,856 [ERROR] LogOutputStream:75 - [STDERR_REDIRECT] [Fatal Error] :1:1: Premature end of file.
2025-08-11 22:26:12,856 [ERROR] LogOutputStream:75 - [STDERR_REDIRECT] 
2025-08-11 22:26:13,854 [ERROR] LogOutputStream:75 - [STDERR_REDIRECT] [Fatal Error] :1:1: Premature end of file.
2025-08-11 22:26:13,854 [ERROR] LogOutputStream:75 - [STDERR_REDIRECT] 
2025-08-11 22:26:14,853 [ERROR] LogOutputStream:75 - [STDERR_REDIRECT] [Fatal Error] :1:1: Premature end of file.
2025-08-11 22:26:14,853 [ERROR] LogOutputStream:75 - [STDERR_REDIRECT] 
2025-08-11 22:26:15,855 [ERROR] LogOutputStream:75 - [STDERR_REDIRECT] [Fatal Error] :1:1: Premature end of file.
2025-08-11 22:26:15,855 [ERROR] LogOutputStream:75 - [STDERR_REDIRECT] 
2025-08-11 22:26:16,855 [ERROR] LogOutputStream:75 - [STDERR_REDIRECT] [Fatal Error] :1:1: Premature end of file.
2025-08-11 22:26:16,855 [ERROR] LogOutputStream:75 - [STDERR_REDIRECT] 
2025-08-11 22:26:17,852 [ERROR] LogOutputStream:75 - [STDERR_REDIRECT] [Fatal Error] :1:1: Premature end of file.
2025-08-11 22:26:17,853 [ERROR] LogOutputStream:75 - [STDERR_REDIRECT] 
2025-08-11 22:26:18,855 [ERROR] LogOutputStream:75 - [STDERR_REDIRECT] [Fatal Error] :1:1: Premature end of file.
2025-08-11 22:26:18,855 [ERROR] LogOutputStream:75 - [STDERR_REDIRECT] 
2025-08-11 22:26:19,855 [ERROR] LogOutputStream:75 - [STDERR_REDIRECT] [Fatal Error] :1:1: Premature end of file.
2025-08-11 22:26:19,855 [ERROR] LogOutputStream:75 - [STDERR_REDIRECT] 
2025-08-11 22:26:20,856 [ERROR] LogOutputStream:75 - [STDERR_REDIRECT] [Fatal Error] :1:1: Premature end of file.
2025-08-11 22:26:20,856 [ERROR] LogOutputStream:75 - [STDERR_REDIRECT] 
2025-08-11 22:26:21,884 [ERROR] LogOutputStream:75 - [STDERR_REDIRECT] [Fatal Error] :1:1: Premature end of file.
2025-08-11 22:26:21,884 [ERROR] LogOutputStream:75 - [STDERR_REDIRECT] 
2025-08-11 22:26:22,853 [ERROR] LogOutputStream:75 - [STDERR_REDIRECT] [Fatal Error] :1:1: Premature end of file.
2025-08-11 22:26:22,853 [ERROR] LogOutputStream:75 - [STDERR_REDIRECT] 
2025-08-11 22:26:23,853 [ERROR] LogOutputStream:75 - [STDERR_REDIRECT] [Fatal Error] :1:1: Premature end of file.
2025-08-11 22:26:23,853 [ERROR] LogOutputStream:75 - [STDERR_REDIRECT] 
2025-08-11 22:26:24,853 [ERROR] LogOutputStream:75 - [STDERR_REDIRECT] [Fatal Error] :1:1: Premature end of file.
2025-08-11 22:26:24,853 [ERROR] LogOutputStream:75 - [STDERR_REDIRECT] 
2025-08-11 22:26:25,854 [ERROR] LogOutputStream:75 - [STDERR_REDIRECT] [Fatal Error] :1:1: Premature end of file.
2025-08-11 22:26:25,854 [ERROR] LogOutputStream:75 - [STDERR_REDIRECT] 
2025-08-11 22:26:26,855 [ERROR] LogOutputStream:75 - [STDERR_REDIRECT] [Fatal Error] :1:1: Premature end of file.
2025-08-11 22:26:26,856 [ERROR] LogOutputStream:75 - [STDERR_REDIRECT] 
2025-08-11 22:26:27,855 [ERROR] LogOutputStream:75 - [STDERR_REDIRECT] [Fatal Error] :1:1: Premature end of file.
2025-08-11 22:26:27,855 [ERROR] LogOutputStream:75 - [STDERR_REDIRECT] 
2025-08-11 22:26:28,853 [ERROR] LogOutputStream:75 - [STDERR_REDIRECT] [Fatal Error] :1:1: Premature end of file.
2025-08-11 22:26:28,853 [ERROR] LogOutputStream:75 - [STDERR_REDIRECT] 
2025-08-11 22:26:29,859 [ERROR] LogOutputStream:75 - [STDERR_REDIRECT] [Fatal Error] :1:1: Premature end of file.
2025-08-11 22:26:29,859 [ERROR] LogOutputStream:75 - [STDERR_REDIRECT] 
2025-08-11 22:26:30,873 [ERROR] LogOutputStream:75 - [STDERR_REDIRECT] [Fatal Error] :1:1: Premature end of file.
2025-08-11 22:26:30,874 [ERROR] LogOutputStream:75 - [STDERR_REDIRECT] 
2025-08-11 22:26:31,854 [ERROR] LogOutputStream:75 - [STDERR_REDIRECT] [Fatal Error] :1:1: Premature end of file.
2025-08-11 22:26:31,854 [ERROR] LogOutputStream:75 - [STDERR_REDIRECT] 
2025-08-11 22:26:32,851 [ERROR] LogOutputStream:75 - [STDERR_REDIRECT] [Fatal Error] :1:1: Premature end of file.
2025-08-11 22:26:32,851 [ERROR] LogOutputStream:75 - [STDERR_REDIRECT] 
2025-08-11 22:26:33,852 [ERROR] LogOutputStream:75 - [STDERR_REDIRECT] [Fatal Error] :1:1: Premature end of file.
2025-08-11 22:26:33,853 [ERROR] LogOutputStream:75 - [STDERR_REDIRECT] 
2025-08-11 22:26:34,870 [ERROR] LogOutputStream:75 - [STDERR_REDIRECT] [Fatal Error] :1:1: Premature end of file.
2025-08-11 22:26:34,870 [ERROR] LogOutputStream:75 - [STDERR_REDIRECT] 
2025-08-11 22:26:35,879 [ERROR] LogOutputStream:75 - [STDERR_REDIRECT] [Fatal Error] :1:1: Premature end of file.
2025-08-11 22:26:35,879 [ERROR] LogOutputStream:75 - [STDERR_REDIRECT] 
2025-08-11 22:26:36,866 [ERROR] LogOutputStream:75 - [STDERR_REDIRECT] [Fatal Error] :1:1: Premature end of file.
2025-08-11 22:26:36,866 [ERROR] LogOutputStream:75 - [STDERR_REDIRECT] 
2025-08-11 22:26:37,850 [ERROR] LogOutputStream:75 - [STDERR_REDIRECT] [Fatal Error] :1:1: Premature end of file.
2025-08-11 22:26:37,850 [ERROR] LogOutputStream:75 - [STDERR_REDIRECT] 
2025-08-11 22:26:38,855 [ERROR] LogOutputStream:75 - [STDERR_REDIRECT] [Fatal Error] :1:1: Premature end of file.
2025-08-11 22:26:38,855 [ERROR] LogOutputStream:75 - [STDERR_REDIRECT] 
2025-08-11 22:26:39,855 [ERROR] LogOutputStream:75 - [STDERR_REDIRECT] [Fatal Error] :1:1: Premature end of file.
2025-08-11 22:26:39,855 [ERROR] LogOutputStream:75 - [STDERR_REDIRECT] 
2025-08-11 22:26:40,852 [ERROR] LogOutputStream:75 - [STDERR_REDIRECT] [Fatal Error] :1:1: Premature end of file.
2025-08-11 22:26:40,853 [ERROR] LogOutputStream:75 - [STDERR_REDIRECT] 
2025-08-11 22:26:41,855 [ERROR] LogOutputStream:75 - [STDERR_REDIRECT] [Fatal Error] :1:1: Premature end of file.
2025-08-11 22:26:41,855 [ERROR] LogOutputStream:75 - [STDERR_REDIRECT] 
2025-08-11 22:26:42,858 [ERROR] LogOutputStream:75 - [STDERR_REDIRECT] [Fatal Error] :1:1: Premature end of file.
2025-08-11 22:26:42,858 [ERROR] LogOutputStream:75 - [STDERR_REDIRECT] 
2025-08-11 22:26:43,852 [ERROR] LogOutputStream:75 - [STDERR_REDIRECT] [Fatal Error] :1:1: Premature end of file.
2025-08-11 22:26:43,852 [ERROR] LogOutputStream:75 - [STDERR_REDIRECT] 
2025-08-11 22:26:44,852 [ERROR] LogOutputStream:75 - [STDERR_REDIRECT] [Fatal Error] :1:1: Premature end of file.
2025-08-11 22:26:44,852 [ERROR] LogOutputStream:75 - [STDERR_REDIRECT] 
2025-08-11 22:26:45,852 [ERROR] LogOutputStream:75 - [STDERR_REDIRECT] [Fatal Error] :1:1: Premature end of file.
2025-08-11 22:26:45,852 [ERROR] LogOutputStream:75 - [STDERR_REDIRECT] 
2025-08-11 22:26:46,853 [ERROR] LogOutputStream:75 - [STDERR_REDIRECT] [Fatal Error] :1:1: Premature end of file.
2025-08-11 22:26:46,853 [ERROR] LogOutputStream:75 - [STDERR_REDIRECT] 
2025-08-11 22:26:47,853 [ERROR] LogOutputStream:75 - [STDERR_REDIRECT] [Fatal Error] :1:1: Premature end of file.
2025-08-11 22:26:47,853 [ERROR] LogOutputStream:75 - [STDERR_REDIRECT] 
2025-08-11 22:26:48,852 [ERROR] LogOutputStream:75 - [STDERR_REDIRECT] [Fatal Error] :1:1: Premature end of file.
2025-08-11 22:26:48,852 [ERROR] LogOutputStream:75 - [STDERR_REDIRECT] 
2025-08-11 22:26:49,853 [ERROR] LogOutputStream:75 - [STDERR_REDIRECT] [Fatal Error] :1:1: Premature end of file.
2025-08-11 22:26:49,854 [ERROR] LogOutputStream:75 - [STDERR_REDIRECT] 
2025-08-11 22:26:50,853 [ERROR] LogOutputStream:75 - [STDERR_REDIRECT] [Fatal Error] :1:1: Premature end of file.
2025-08-11 22:26:50,854 [ERROR] LogOutputStream:75 - [STDERR_REDIRECT] 
2025-08-11 22:26:51,853 [ERROR] LogOutputStream:75 - [STDERR_REDIRECT] [Fatal Error] :1:1: Premature end of file.
2025-08-11 22:26:51,853 [ERROR] LogOutputStream:75 - [STDERR_REDIRECT] 
2025-08-11 22:26:52,852 [ERROR] LogOutputStream:75 - [STDERR_REDIRECT] [Fatal Error] :1:1: Premature end of file.
2025-08-11 22:26:52,853 [ERROR] LogOutputStream:75 - [STDERR_REDIRECT] 
2025-08-11 22:26:53,857 [ERROR] LogOutputStream:75 - [STDERR_REDIRECT] [Fatal Error] :1:1: Premature end of file.
2025-08-11 22:26:53,857 [ERROR] LogOutputStream:75 - [STDERR_REDIRECT] 
2025-08-11 22:26:54,853 [ERROR] LogOutputStream:75 - [STDERR_REDIRECT] [Fatal Error] :1:1: Premature end of file.
2025-08-11 22:26:54,853 [ERROR] LogOutputStream:75 - [STDERR_REDIRECT] 
2025-08-11 22:26:55,855 [ERROR] LogOutputStream:75 - [STDERR_REDIRECT] [Fatal Error] :1:1: Premature end of file.
2025-08-11 22:26:55,856 [ERROR] LogOutputStream:75 - [STDERR_REDIRECT] 
2025-08-11 22:26:56,853 [ERROR] LogOutputStream:75 - [STDERR_REDIRECT] [Fatal Error] :1:1: Premature end of file.
2025-08-11 22:26:56,853 [ERROR] LogOutputStream:75 - [STDERR_REDIRECT] 
2025-08-11 22:26:57,852 [ERROR] LogOutputStream:75 - [STDERR_REDIRECT] [Fatal Error] :1:1: Premature end of file.
2025-08-11 22:26:57,852 [ERROR] LogOutputStream:75 - [STDERR_REDIRECT] 
2025-08-11 22:26:58,856 [ERROR] LogOutputStream:75 - [STDERR_REDIRECT] [Fatal Error] :1:1: Premature end of file.
2025-08-11 22:26:58,856 [ERROR] LogOutputStream:75 - [STDERR_REDIRECT] 
2025-08-11 22:26:59,854 [ERROR] LogOutputStream:75 - [STDERR_REDIRECT] [Fatal Error] :1:1: Premature end of file.
2025-08-11 22:26:59,854 [ERROR] LogOutputStream:75 - [STDERR_REDIRECT] 
2025-08-11 22:27:00,854 [ERROR] LogOutputStream:75 - [STDERR_REDIRECT] [Fatal Error] :1:1: Premature end of file.
2025-08-11 22:27:00,854 [ERROR] LogOutputStream:75 - [STDERR_REDIRECT] 
2025-08-11 22:27:01,858 [ERROR] LogOutputStream:75 - [STDERR_REDIRECT] [Fatal Error] :1:1: Premature end of file.
2025-08-11 22:27:01,858 [ERROR] LogOutputStream:75 - [STDERR_REDIRECT] 
2025-08-11 22:27:02,853 [ERROR] LogOutputStream:75 - [STDERR_REDIRECT] [Fatal Error] :1:1: Premature end of file.
2025-08-11 22:27:02,853 [ERROR] LogOutputStream:75 - [STDERR_REDIRECT] 
2025-08-11 22:27:03,856 [ERROR] LogOutputStream:75 - [STDERR_REDIRECT] [Fatal Error] :1:1: Premature end of file.
2025-08-11 22:27:03,857 [ERROR] LogOutputStream:75 - [STDERR_REDIRECT] 
2025-08-11 22:27:04,855 [ERROR] LogOutputStream:75 - [STDERR_REDIRECT] [Fatal Error] :1:1: Premature end of file.
2025-08-11 22:27:04,855 [ERROR] LogOutputStream:75 - [STDERR_REDIRECT] 
2025-08-11 22:27:05,850 [ERROR] LogOutputStream:75 - [STDERR_REDIRECT] [Fatal Error] :1:1: Premature end of file.
2025-08-11 22:27:05,850 [ERROR] LogOutputStream:75 - [STDERR_REDIRECT] 
2025-08-11 22:27:06,852 [ERROR] LogOutputStream:75 - [STDERR_REDIRECT] [Fatal Error] :1:1: Premature end of file.
2025-08-11 22:27:06,853 [ERROR] LogOutputStream:75 - [STDERR_REDIRECT] 
2025-08-11 22:27:07,856 [ERROR] LogOutputStream:75 - [STDERR_REDIRECT] [Fatal Error] :1:1: Premature end of file.
2025-08-11 22:27:07,856 [ERROR] LogOutputStream:75 - [STDERR_REDIRECT] 
2025-08-11 22:27:08,857 [ERROR] LogOutputStream:75 - [STDERR_REDIRECT] [Fatal Error] :1:1: Premature end of file.
2025-08-11 22:27:08,858 [ERROR] LogOutputStream:75 - [STDERR_REDIRECT] 
2025-08-11 22:27:09,851 [ERROR] LogOutputStream:75 - [STDERR_REDIRECT] [Fatal Error] :1:1: Premature end of file.
2025-08-11 22:27:09,852 [ERROR] LogOutputStream:75 - [STDERR_REDIRECT] 
2025-08-11 22:27:10,854 [ERROR] LogOutputStream:75 - [STDERR_REDIRECT] [Fatal Error] :1:1: Premature end of file.
2025-08-11 22:27:10,854 [ERROR] LogOutputStream:75 - [STDERR_REDIRECT] 
2025-08-11 22:27:11,852 [ERROR] LogOutputStream:75 - [STDERR_REDIRECT] [Fatal Error] :1:1: Premature end of file.
2025-08-11 22:27:11,853 [ERROR] LogOutputStream:75 - [STDERR_REDIRECT] 
2025-08-11 22:27:12,852 [ERROR] LogOutputStream:75 - [STDERR_REDIRECT] [Fatal Error] :1:1: Premature end of file.
2025-08-11 22:27:12,852 [ERROR] LogOutputStream:75 - [STDERR_REDIRECT] 
2025-08-11 22:27:13,852 [ERROR] LogOutputStream:75 - [STDERR_REDIRECT] [Fatal Error] :1:1: Premature end of file.
2025-08-11 22:27:13,853 [ERROR] LogOutputStream:75 - [STDERR_REDIRECT] 
2025-08-11 22:27:14,857 [ERROR] LogOutputStream:75 - [STDERR_REDIRECT] [Fatal Error] :1:1: Premature end of file.
2025-08-11 22:27:14,858 [ERROR] LogOutputStream:75 - [STDERR_REDIRECT] 
2025-08-11 22:27:15,856 [ERROR] LogOutputStream:75 - [STDERR_REDIRECT] [Fatal Error] :1:1: Premature end of file.
2025-08-11 22:27:15,856 [ERROR] LogOutputStream:75 - [STDERR_REDIRECT] 
2025-08-11 22:27:16,856 [ERROR] LogOutputStream:75 - [STDERR_REDIRECT] [Fatal Error] :1:1: Premature end of file.
2025-08-11 22:27:16,856 [ERROR] LogOutputStream:75 - [STDERR_REDIRECT] 
2025-08-11 22:27:17,853 [ERROR] LogOutputStream:75 - [STDERR_REDIRECT] [Fatal Error] :1:1: Premature end of file.
2025-08-11 22:27:17,853 [ERROR] LogOutputStream:75 - [STDERR_REDIRECT] 
2025-08-11 22:27:18,852 [ERROR] LogOutputStream:75 - [STDERR_REDIRECT] [Fatal Error] :1:1: Premature end of file.
2025-08-11 22:27:18,853 [ERROR] LogOutputStream:75 - [STDERR_REDIRECT] 
2025-08-11 22:27:19,854 [ERROR] LogOutputStream:75 - [STDERR_REDIRECT] [Fatal Error] :1:1: Premature end of file.
2025-08-11 22:27:19,854 [ERROR] LogOutputStream:75 - [STDERR_REDIRECT] 
2025-08-11 22:27:20,854 [ERROR] LogOutputStream:75 - [STDERR_REDIRECT] [Fatal Error] :1:1: Premature end of file.
2025-08-11 22:27:20,854 [ERROR] LogOutputStream:75 - [STDERR_REDIRECT] 
2025-08-11 22:27:21,851 [ERROR] LogOutputStream:75 - [STDERR_REDIRECT] [Fatal Error] :1:1: Premature end of file.
2025-08-11 22:27:21,852 [ERROR] LogOutputStream:75 - [STDERR_REDIRECT] 
2025-08-11 22:27:22,854 [ERROR] LogOutputStream:75 - [STDERR_REDIRECT] [Fatal Error] :1:1: Premature end of file.
2025-08-11 22:27:22,854 [ERROR] LogOutputStream:75 - [STDERR_REDIRECT] 
2025-08-11 22:27:23,852 [ERROR] LogOutputStream:75 - [STDERR_REDIRECT] [Fatal Error] :1:1: Premature end of file.
2025-08-11 22:27:23,852 [ERROR] LogOutputStream:75 - [STDERR_REDIRECT] 
2025-08-11 22:27:24,852 [ERROR] LogOutputStream:75 - [STDERR_REDIRECT] [Fatal Error] :1:1: Premature end of file.
2025-08-11 22:27:24,852 [ERROR] LogOutputStream:75 - [STDERR_REDIRECT] 
2025-08-11 22:27:25,851 [ERROR] LogOutputStream:75 - [STDERR_REDIRECT] [Fatal Error] :1:1: Premature end of file.
2025-08-11 22:27:25,851 [ERROR] LogOutputStream:75 - [STDERR_REDIRECT] 
2025-08-11 22:27:26,852 [ERROR] LogOutputStream:75 - [STDERR_REDIRECT] [Fatal Error] :1:1: Premature end of file.
2025-08-11 22:27:26,852 [ERROR] LogOutputStream:75 - [STDERR_REDIRECT] 
2025-08-11 22:27:27,860 [ERROR] LogOutputStream:75 - [STDERR_REDIRECT] [Fatal Error] :1:1: Premature end of file.
2025-08-11 22:27:27,860 [ERROR] LogOutputStream:75 - [STDERR_REDIRECT] 
2025-08-11 22:27:28,851 [ERROR] LogOutputStream:75 - [STDERR_REDIRECT] [Fatal Error] :1:1: Premature end of file.
2025-08-11 22:27:28,851 [ERROR] LogOutputStream:75 - [STDERR_REDIRECT] 
2025-08-11 22:27:29,854 [ERROR] LogOutputStream:75 - [STDERR_REDIRECT] [Fatal Error] :1:1: Premature end of file.
2025-08-11 22:27:29,855 [ERROR] LogOutputStream:75 - [STDERR_REDIRECT] 
2025-08-11 22:27:30,850 [ERROR] LogOutputStream:75 - [STDERR_REDIRECT] [Fatal Error] :1:1: Premature end of file.
2025-08-11 22:27:30,850 [ERROR] LogOutputStream:75 - [STDERR_REDIRECT] 
2025-08-11 22:27:31,855 [ERROR] LogOutputStream:75 - [STDERR_REDIRECT] [Fatal Error] :1:1: Premature end of file.
2025-08-11 22:27:31,856 [ERROR] LogOutputStream:75 - [STDERR_REDIRECT] 
2025-08-11 22:27:32,857 [ERROR] LogOutputStream:75 - [STDERR_REDIRECT] [Fatal Error] :1:1: Premature end of file.
2025-08-11 22:27:32,857 [ERROR] LogOutputStream:75 - [STDERR_REDIRECT] 
2025-08-11 22:27:33,855 [ERROR] LogOutputStream:75 - [STDERR_REDIRECT] [Fatal Error] :1:1: Premature end of file.
2025-08-11 22:27:33,855 [ERROR] LogOutputStream:75 - [STDERR_REDIRECT] 
2025-08-11 22:27:34,853 [ERROR] LogOutputStream:75 - [STDERR_REDIRECT] [Fatal Error] :1:1: Premature end of file.
2025-08-11 22:27:34,853 [ERROR] LogOutputStream:75 - [STDERR_REDIRECT] 
2025-08-11 22:27:35,852 [ERROR] LogOutputStream:75 - [STDERR_REDIRECT] [Fatal Error] :1:1: Premature end of file.
2025-08-11 22:27:35,853 [ERROR] LogOutputStream:75 - [STDERR_REDIRECT] 
2025-08-11 22:27:36,849 [ERROR] LogOutputStream:75 - [STDERR_REDIRECT] [Fatal Error] :1:1: Premature end of file.
2025-08-11 22:27:36,850 [ERROR] LogOutputStream:75 - [STDERR_REDIRECT] 
2025-08-11 22:27:37,853 [ERROR] LogOutputStream:75 - [STDERR_REDIRECT] [Fatal Error] :1:1: Premature end of file.
2025-08-11 22:27:37,853 [ERROR] LogOutputStream:75 - [STDERR_REDIRECT] 
2025-08-11 22:27:38,865 [ERROR] LogOutputStream:75 - [STDERR_REDIRECT] [Fatal Error] :1:1: Premature end of file.
2025-08-11 22:27:38,865 [ERROR] LogOutputStream:75 - [STDERR_REDIRECT] 
2025-08-11 22:27:39,852 [ERROR] LogOutputStream:75 - [STDERR_REDIRECT] [Fatal Error] :1:1: Premature end of file.
2025-08-11 22:27:39,852 [ERROR] LogOutputStream:75 - [STDERR_REDIRECT] 
2025-08-11 22:27:40,854 [ERROR] LogOutputStream:75 - [STDERR_REDIRECT] [Fatal Error] :1:1: Premature end of file.
2025-08-11 22:27:40,854 [ERROR] LogOutputStream:75 - [STDERR_REDIRECT] 
2025-08-11 22:27:41,854 [ERROR] LogOutputStream:75 - [STDERR_REDIRECT] [Fatal Error] :1:1: Premature end of file.
2025-08-11 22:27:41,854 [ERROR] LogOutputStream:75 - [STDERR_REDIRECT] 
2025-08-11 22:27:42,854 [ERROR] LogOutputStream:75 - [STDERR_REDIRECT] [Fatal Error] :1:1: Premature end of file.
2025-08-11 22:27:42,854 [ERROR] LogOutputStream:75 - [STDERR_REDIRECT] 
2025-08-11 22:27:43,853 [ERROR] LogOutputStream:75 - [STDERR_REDIRECT] [Fatal Error] :1:1: Premature end of file.
2025-08-11 22:27:43,854 [ERROR] LogOutputStream:75 - [STDERR_REDIRECT] 
2025-08-11 22:27:44,853 [ERROR] LogOutputStream:75 - [STDERR_REDIRECT] [Fatal Error] :1:1: Premature end of file.
2025-08-11 22:27:44,853 [ERROR] LogOutputStream:75 - [STDERR_REDIRECT] 
2025-08-11 22:27:45,851 [ERROR] LogOutputStream:75 - [STDERR_REDIRECT] [Fatal Error] :1:1: Premature end of file.
2025-08-11 22:27:45,851 [ERROR] LogOutputStream:75 - [STDERR_REDIRECT] 
2025-08-11 22:27:46,853 [ERROR] LogOutputStream:75 - [STDERR_REDIRECT] [Fatal Error] :1:1: Premature end of file.
2025-08-11 22:27:46,853 [ERROR] LogOutputStream:75 - [STDERR_REDIRECT] 
2025-08-11 22:27:47,851 [ERROR] LogOutputStream:75 - [STDERR_REDIRECT] [Fatal Error] :1:1: Premature end of file.
2025-08-11 22:27:47,852 [ERROR] LogOutputStream:75 - [STDERR_REDIRECT] 
2025-08-11 22:27:48,853 [ERROR] LogOutputStream:75 - [STDERR_REDIRECT] [Fatal Error] :1:1: Premature end of file.
2025-08-11 22:27:48,853 [ERROR] LogOutputStream:75 - [STDERR_REDIRECT] 
2025-08-11 22:27:49,853 [ERROR] LogOutputStream:75 - [STDERR_REDIRECT] [Fatal Error] :1:1: Premature end of file.
2025-08-11 22:27:49,853 [ERROR] LogOutputStream:75 - [STDERR_REDIRECT] 
2025-08-11 22:27:50,856 [ERROR] LogOutputStream:75 - [STDERR_REDIRECT] [Fatal Error] :1:1: Premature end of file.
2025-08-11 22:27:50,856 [ERROR] LogOutputStream:75 - [STDERR_REDIRECT] 
2025-08-11 22:27:51,852 [ERROR] LogOutputStream:75 - [STDERR_REDIRECT] [Fatal Error] :1:1: Premature end of file.
2025-08-11 22:27:51,853 [ERROR] LogOutputStream:75 - [STDERR_REDIRECT] 
2025-08-11 22:27:52,852 [ERROR] LogOutputStream:75 - [STDERR_REDIRECT] [Fatal Error] :1:1: Premature end of file.
2025-08-11 22:27:52,852 [ERROR] LogOutputStream:75 - [STDERR_REDIRECT] 
2025-08-11 22:27:53,853 [ERROR] LogOutputStream:75 - [STDERR_REDIRECT] [Fatal Error] :1:1: Premature end of file.
2025-08-11 22:27:53,853 [ERROR] LogOutputStream:75 - [STDERR_REDIRECT] 
2025-08-11 22:27:54,853 [ERROR] LogOutputStream:75 - [STDERR_REDIRECT] [Fatal Error] :1:1: Premature end of file.
2025-08-11 22:27:54,853 [ERROR] LogOutputStream:75 - [STDERR_REDIRECT] 
2025-08-11 22:27:55,849 [ERROR] LogOutputStream:75 - [STDERR_REDIRECT] [Fatal Error] :1:1: Premature end of file.
2025-08-11 22:27:55,849 [ERROR] LogOutputStream:75 - [STDERR_REDIRECT] 
2025-08-11 22:27:56,854 [ERROR] LogOutputStream:75 - [STDERR_REDIRECT] [Fatal Error] :1:1: Premature end of file.
2025-08-11 22:27:56,854 [ERROR] LogOutputStream:75 - [STDERR_REDIRECT] 
2025-08-11 22:27:57,853 [ERROR] LogOutputStream:75 - [STDERR_REDIRECT] [Fatal Error] :1:1: Premature end of file.
2025-08-11 22:27:57,853 [ERROR] LogOutputStream:75 - [STDERR_REDIRECT] 
2025-08-11 22:27:58,865 [ERROR] LogOutputStream:75 - [STDERR_REDIRECT] [Fatal Error] :1:1: Premature end of file.
2025-08-11 22:27:58,865 [ERROR] LogOutputStream:75 - [STDERR_REDIRECT] 
2025-08-11 22:27:59,853 [ERROR] LogOutputStream:75 - [STDERR_REDIRECT] [Fatal Error] :1:1: Premature end of file.
2025-08-11 22:27:59,853 [ERROR] LogOutputStream:75 - [STDERR_REDIRECT] 
2025-08-11 22:28:00,853 [ERROR] LogOutputStream:75 - [STDERR_REDIRECT] [Fatal Error] :1:1: Premature end of file.
2025-08-11 22:28:00,853 [ERROR] LogOutputStream:75 - [STDERR_REDIRECT] 
2025-08-11 22:28:01,851 [ERROR] LogOutputStream:75 - [STDERR_REDIRECT] [Fatal Error] :1:1: Premature end of file.
2025-08-11 22:28:01,851 [ERROR] LogOutputStream:75 - [STDERR_REDIRECT] 
2025-08-11 22:28:02,847 [ERROR] LogOutputStream:75 - [STDERR_REDIRECT] [Fatal Error] :1:1: Premature end of file.
2025-08-11 22:28:02,847 [ERROR] LogOutputStream:75 - [STDERR_REDIRECT] 
2025-08-11 22:28:03,862 [ERROR] LogOutputStream:75 - [STDERR_REDIRECT] [Fatal Error] :1:1: Premature end of file.
2025-08-11 22:28:03,862 [ERROR] LogOutputStream:75 - [STDERR_REDIRECT] 
2025-08-11 22:28:04,852 [ERROR] LogOutputStream:75 - [STDERR_REDIRECT] [Fatal Error] :1:1: Premature end of file.
2025-08-11 22:28:04,852 [ERROR] LogOutputStream:75 - [STDERR_REDIRECT] 
2025-08-11 22:28:05,856 [ERROR] LogOutputStream:75 - [STDERR_REDIRECT] [Fatal Error] :1:1: Premature end of file.
2025-08-11 22:28:05,856 [ERROR] LogOutputStream:75 - [STDERR_REDIRECT] 
2025-08-11 22:28:06,859 [ERROR] LogOutputStream:75 - [STDERR_REDIRECT] [Fatal Error] :1:1: Premature end of file.
2025-08-11 22:28:06,859 [ERROR] LogOutputStream:75 - [STDERR_REDIRECT] 
2025-08-11 22:28:07,868 [ERROR] LogOutputStream:75 - [STDERR_REDIRECT] [Fatal Error] :1:1: Premature end of file.
2025-08-11 22:28:07,868 [ERROR] LogOutputStream:75 - [STDERR_REDIRECT] 
2025-08-11 22:28:08,862 [ERROR] LogOutputStream:75 - [STDERR_REDIRECT] [Fatal Error] :1:1: Premature end of file.
2025-08-11 22:28:08,862 [ERROR] LogOutputStream:75 - [STDERR_REDIRECT] 
2025-08-11 22:28:09,857 [ERROR] LogOutputStream:75 - [STDERR_REDIRECT] [Fatal Error] :1:1: Premature end of file.
2025-08-11 22:28:09,857 [ERROR] LogOutputStream:75 - [STDERR_REDIRECT] 
2025-08-11 22:28:10,858 [ERROR] LogOutputStream:75 - [STDERR_REDIRECT] [Fatal Error] :1:1: Premature end of file.
2025-08-11 22:28:10,858 [ERROR] LogOutputStream:75 - [STDERR_REDIRECT] 
2025-08-11 22:28:11,860 [ERROR] LogOutputStream:75 - [STDERR_REDIRECT] [Fatal Error] :1:1: Premature end of file.
2025-08-11 22:28:11,860 [ERROR] LogOutputStream:75 - [STDERR_REDIRECT] 
2025-08-11 22:28:12,856 [ERROR] LogOutputStream:75 - [STDERR_REDIRECT] [Fatal Error] :1:1: Premature end of file.
2025-08-11 22:28:12,856 [ERROR] LogOutputStream:75 - [STDERR_REDIRECT] 
2025-08-11 22:28:13,855 [ERROR] LogOutputStream:75 - [STDERR_REDIRECT] [Fatal Error] :1:1: Premature end of file.
2025-08-11 22:28:13,855 [ERROR] LogOutputStream:75 - [STDERR_REDIRECT] 
2025-08-11 22:28:14,854 [ERROR] LogOutputStream:75 - [STDERR_REDIRECT] [Fatal Error] :1:1: Premature end of file.
2025-08-11 22:28:14,854 [ERROR] LogOutputStream:75 - [STDERR_REDIRECT] 
2025-08-11 22:28:15,850 [ERROR] LogOutputStream:75 - [STDERR_REDIRECT] [Fatal Error] :1:1: Premature end of file.
2025-08-11 22:28:15,850 [ERROR] LogOutputStream:75 - [STDERR_REDIRECT] 
2025-08-11 22:28:16,860 [ERROR] LogOutputStream:75 - [STDERR_REDIRECT] [Fatal Error] :1:1: Premature end of file.
2025-08-11 22:28:16,860 [ERROR] LogOutputStream:75 - [STDERR_REDIRECT] 
2025-08-11 22:28:17,860 [ERROR] LogOutputStream:75 - [STDERR_REDIRECT] [Fatal Error] :1:1: Premature end of file.
2025-08-11 22:28:17,860 [ERROR] LogOutputStream:75 - [STDERR_REDIRECT] 
2025-08-11 22:28:18,856 [ERROR] LogOutputStream:75 - [STDERR_REDIRECT] [Fatal Error] :1:1: Premature end of file.
2025-08-11 22:28:18,856 [ERROR] LogOutputStream:75 - [STDERR_REDIRECT] 
2025-08-11 22:28:19,853 [ERROR] LogOutputStream:75 - [STDERR_REDIRECT] [Fatal Error] :1:1: Premature end of file.
2025-08-11 22:28:19,853 [ERROR] LogOutputStream:75 - [STDERR_REDIRECT] 
2025-08-11 22:28:20,851 [ERROR] LogOutputStream:75 - [STDERR_REDIRECT] [Fatal Error] :1:1: Premature end of file.
2025-08-11 22:28:20,851 [ERROR] LogOutputStream:75 - [STDERR_REDIRECT] 
2025-08-11 22:28:21,851 [ERROR] LogOutputStream:75 - [STDERR_REDIRECT] [Fatal Error] :1:1: Premature end of file.
2025-08-11 22:28:21,851 [ERROR] LogOutputStream:75 - [STDERR_REDIRECT] 
2025-08-11 22:28:22,863 [ERROR] LogOutputStream:75 - [STDERR_REDIRECT] [Fatal Error] :1:1: Premature end of file.
2025-08-11 22:28:22,863 [ERROR] LogOutputStream:75 - [STDERR_REDIRECT] 
2025-08-11 22:28:23,850 [ERROR] LogOutputStream:75 - [STDERR_REDIRECT] [Fatal Error] :1:1: Premature end of file.
2025-08-11 22:28:23,850 [ERROR] LogOutputStream:75 - [STDERR_REDIRECT] 
2025-08-11 22:28:24,859 [ERROR] LogOutputStream:75 - [STDERR_REDIRECT] [Fatal Error] :1:1: Premature end of file.
2025-08-11 22:28:24,859 [ERROR] LogOutputStream:75 - [STDERR_REDIRECT] 
2025-08-11 22:28:25,863 [ERROR] LogOutputStream:75 - [STDERR_REDIRECT] [Fatal Error] :1:1: Premature end of file.
2025-08-11 22:28:25,863 [ERROR] LogOutputStream:75 - [STDERR_REDIRECT] 
2025-08-11 22:28:26,862 [ERROR] LogOutputStream:75 - [STDERR_REDIRECT] [Fatal Error] :1:1: Premature end of file.
2025-08-11 22:28:26,862 [ERROR] LogOutputStream:75 - [STDERR_REDIRECT] 
2025-08-11 22:28:27,862 [ERROR] LogOutputStream:75 - [STDERR_REDIRECT] [Fatal Error] :1:1: Premature end of file.
2025-08-11 22:28:27,862 [ERROR] LogOutputStream:75 - [STDERR_REDIRECT] 
2025-08-11 22:28:28,850 [ERROR] LogOutputStream:75 - [STDERR_REDIRECT] [Fatal Error] :1:1: Premature end of file.
2025-08-11 22:28:28,850 [ERROR] LogOutputStream:75 - [STDERR_REDIRECT] 
2025-08-11 22:28:29,860 [ERROR] LogOutputStream:75 - [STDERR_REDIRECT] [Fatal Error] :1:1: Premature end of file.
2025-08-11 22:28:29,860 [ERROR] LogOutputStream:75 - [STDERR_REDIRECT] 
2025-08-11 22:28:30,865 [ERROR] LogOutputStream:75 - [STDERR_REDIRECT] [Fatal Error] :1:1: Premature end of file.
2025-08-11 22:28:30,865 [ERROR] LogOutputStream:75 - [STDERR_REDIRECT] 
2025-08-11 22:28:31,853 [ERROR] LogOutputStream:75 - [STDERR_REDIRECT] [Fatal Error] :1:1: Premature end of file.
2025-08-11 22:28:31,853 [ERROR] LogOutputStream:75 - [STDERR_REDIRECT] 
2025-08-11 22:28:32,853 [ERROR] LogOutputStream:75 - [STDERR_REDIRECT] [Fatal Error] :1:1: Premature end of file.
2025-08-11 22:28:32,853 [ERROR] LogOutputStream:75 - [STDERR_REDIRECT] 
2025-08-11 22:28:33,856 [ERROR] LogOutputStream:75 - [STDERR_REDIRECT] [Fatal Error] :1:1: Premature end of file.
2025-08-11 22:28:33,856 [ERROR] LogOutputStream:75 - [STDERR_REDIRECT] 
2025-08-11 22:28:34,862 [ERROR] LogOutputStream:75 - [STDERR_REDIRECT] [Fatal Error] :1:1: Premature end of file.
2025-08-11 22:28:34,862 [ERROR] LogOutputStream:75 - [STDERR_REDIRECT] 
2025-08-11 22:28:35,853 [ERROR] LogOutputStream:75 - [STDERR_REDIRECT] [Fatal Error] :1:1: Premature end of file.
2025-08-11 22:28:35,853 [ERROR] LogOutputStream:75 - [STDERR_REDIRECT] 
2025-08-11 22:28:36,853 [ERROR] LogOutputStream:75 - [STDERR_REDIRECT] [Fatal Error] :1:1: Premature end of file.
2025-08-11 22:28:36,853 [ERROR] LogOutputStream:75 - [STDERR_REDIRECT] 
2025-08-11 22:28:37,579 [ERROR] LogOutputStream:75 - [STDERR_REDIRECT] 
2025-08-11 22:31:15,625 [INFO] Activator:176 - 


2025-08-11 22:31:15,625 [INFO] Activator:177 - !SESSION log4j initialized
2025-08-11 22:31:20,416 [INFO] LogOutputStream:77 - [STDOUT_REDIRECT] 
2025-08-11 22:31:21,190 [INFO] ApplicationProperties:184 - Using Application install path: C:\ST\STM32CubeIDE_1.19.0\STM32CubeIDE\plugins\com.st.stm32cube.common.mx_6.15.0.202507011659
2025-08-11 22:31:21,206 [INFO] DbMcusXml:78 - Set database path to: C:\ST\STM32CubeIDE_1.19.0\STM32CubeIDE\plugins\com.st.stm32cube.common.mx_6.15.0.202507011659\\db\/mcu/
2025-08-11 22:31:21,206 [INFO] ApiDb:274 - Set plugin database path to: C:\ST\STM32CubeIDE_1.19.0\STM32CubeIDE\plugins\com.st.stm32cube.common.mx_6.15.0.202507011659\\db\/plugins/boardmanager/
2025-08-11 22:31:21,206 [WARN] ApiDb:259 - Overriding images path with different value:  => C:\ST\STM32CubeIDE_1.19.0\STM32CubeIDE\plugins\com.st.stm32cube.common.mx_6.15.0.202507011659\\db\/plugins/mcufinder/images/
2025-08-11 22:31:21,213 [INFO] ApiDb:250 - Set database path to: C:\Users\Harshil\.stmcufinder\plugins\mcufinder//mcu/
2025-08-11 22:31:21,214 [INFO] DbMcusAds:125 - Set database path to: C:\Users\Harshil\.stmcufinder\plugins\mcufinder//mcu/
2025-08-11 22:31:21,216 [INFO] CrossReferenceDbSqlite:203 - Set database path to: C:\Users\Harshil\.stmcufinder\plugins\mcufinder//mcu/cs/
2025-08-11 22:31:21,335 [INFO] RulesReader:64 - Compatibility file has been processed (317 Rules)
2025-08-11 22:31:21,389 [INFO] DbMcusXml:78 - Set database path to: C:\ST\STM32CubeIDE_1.19.0\STM32CubeIDE\plugins\com.st.stm32cube.common.mx_6.15.0.202507011659\\db\/mcu/
2025-08-11 22:31:21,389 [INFO] ApiDb:274 - Set plugin database path to: C:\ST\STM32CubeIDE_1.19.0\STM32CubeIDE\plugins\com.st.stm32cube.common.mx_6.15.0.202507011659\\db\/plugins/boardmanager/
2025-08-11 22:31:21,390 [INFO] ApiDb:261 - Set plugin images path to: C:\ST\STM32CubeIDE_1.19.0\STM32CubeIDE\plugins\com.st.stm32cube.common.mx_6.15.0.202507011659\\db\/plugins/mcufinder/images/
2025-08-11 22:31:21,390 [WARN] DbFile:41 - Overriding database path with different value: C:\Users\Harshil\.stmcufinder\plugins\mcufinder/ => C:\Users\Harshil\.stmcufinder\plugins\mcufinder
2025-08-11 22:31:21,390 [INFO] ApiDb:250 - Set database path to: C:\Users\Harshil\.stmcufinder\plugins\mcufinder//mcu/
2025-08-11 22:31:21,390 [WARN] DbFile:41 - Overriding database path with different value: C:\Users\Harshil\.stmcufinder\plugins\mcufinder/ => C:\Users\Harshil\.stmcufinder\plugins\mcufinder
2025-08-11 22:31:21,390 [INFO] DbMcusAds:125 - Set database path to: C:\Users\Harshil\.stmcufinder\plugins\mcufinder//mcu/
2025-08-11 22:31:21,390 [WARN] DbFile:41 - Overriding database path with different value: C:\Users\Harshil\.stmcufinder\plugins\mcufinder/ => C:\Users\Harshil\.stmcufinder\plugins\mcufinder
2025-08-11 22:31:21,390 [WARN] DbFile:41 - Overriding database path with different value: C:\Users\Harshil\.stmcufinder\plugins\mcufinder/ => C:\Users\Harshil\.stmcufinder\plugins\mcufinder
2025-08-11 22:31:21,390 [INFO] CrossReferenceDbSqlite:203 - Set database path to: C:\Users\Harshil\.stmcufinder\plugins\mcufinder//mcu/cs/
2025-08-11 22:31:21,451 [INFO] MainPanel:274 - HeapMemory: 268435456
2025-08-11 22:31:21,538 [INFO] DbMcusXml:78 - Set database path to: C:\ST\STM32CubeIDE_1.19.0\STM32CubeIDE\plugins\com.st.stm32cube.common.mx_6.15.0.202507011659\\db\/mcu/
2025-08-11 22:31:21,538 [INFO] ApiDb:274 - Set plugin database path to: C:\ST\STM32CubeIDE_1.19.0\STM32CubeIDE\plugins\com.st.stm32cube.common.mx_6.15.0.202507011659\\db\/plugins/boardmanager/
2025-08-11 22:31:21,538 [INFO] ApiDb:261 - Set plugin images path to: C:\ST\STM32CubeIDE_1.19.0\STM32CubeIDE\plugins\com.st.stm32cube.common.mx_6.15.0.202507011659\\db\/plugins/mcufinder/images/
2025-08-11 22:31:21,538 [WARN] DbFile:41 - Overriding database path with different value: C:\Users\Harshil\.stmcufinder\plugins\mcufinder/ => C:\Users\Harshil\.stmcufinder\plugins\mcufinder
2025-08-11 22:31:21,538 [INFO] ApiDb:250 - Set database path to: C:\Users\Harshil\.stmcufinder\plugins\mcufinder//mcu/
2025-08-11 22:31:21,538 [WARN] DbFile:41 - Overriding database path with different value: C:\Users\Harshil\.stmcufinder\plugins\mcufinder/ => C:\Users\Harshil\.stmcufinder\plugins\mcufinder
2025-08-11 22:31:21,539 [INFO] DbMcusAds:125 - Set database path to: C:\Users\Harshil\.stmcufinder\plugins\mcufinder//mcu/
2025-08-11 22:31:21,539 [WARN] DbFile:41 - Overriding database path with different value: C:\Users\Harshil\.stmcufinder\plugins\mcufinder/ => C:\Users\Harshil\.stmcufinder\plugins\mcufinder
2025-08-11 22:31:21,539 [WARN] DbFile:41 - Overriding database path with different value: C:\Users\Harshil\.stmcufinder\plugins\mcufinder/ => C:\Users\Harshil\.stmcufinder\plugins\mcufinder
2025-08-11 22:31:21,539 [INFO] CrossReferenceDbSqlite:203 - Set database path to: C:\Users\Harshil\.stmcufinder\plugins\mcufinder//mcu/cs/
2025-08-11 22:31:21,552 [INFO] ApplicationProperties:184 - Using Application install path: C:\ST\STM32CubeIDE_1.19.0\STM32CubeIDE\plugins\com.st.stm32cube.common.mx_6.15.0.202507011659
2025-08-11 22:31:21,553 [INFO] PluginManage:196 - Search for loadable plugins [exclusion list=, ]
2025-08-11 22:31:21,554 [INFO] PluginManage:310 - Check plugin analytics
2025-08-11 22:31:21,730 [INFO] AnalyticsPlugin:253 - Accepted Software Licenses: 
2025-08-11 22:31:21,730 [INFO] AnalyticsPlugin:255 - Accepted CMSIS Pack Licenses: 
2025-08-11 22:31:21,730 [INFO] AnalyticsPlugin:257 - Accepted Firmware Licenses: 
2025-08-11 22:31:21,733 [INFO] PluginManage:359 - Loaded plugin analytics (category:tool,tabindex:-1)
2025-08-11 22:31:21,734 [INFO] PluginManage:310 - Check plugin cadmodel
2025-08-11 22:31:21,737 [INFO] CADModel:105 - Init CAD model plugin
2025-08-11 22:31:21,738 [INFO] PluginManage:359 - Loaded plugin cadmodel (category:power,tabindex:5)
2025-08-11 22:31:21,738 [INFO] PluginManage:310 - Check plugin clock
2025-08-11 22:31:21,745 [INFO] PluginManage:359 - Loaded plugin clock (category:base,tabindex:2)
2025-08-11 22:31:21,745 [INFO] PluginManage:310 - Check plugin ddr
2025-08-11 22:31:21,747 [INFO] PluginManage:359 - Loaded plugin ddr (category:tool,tabindex:6)
2025-08-11 22:31:21,748 [INFO] PluginManage:310 - Check plugin filemanager
2025-08-11 22:31:21,862 [INFO] PluginManage:359 - Loaded plugin filemanager (category:base,tabindex:10)
2025-08-11 22:31:21,862 [INFO] PluginManage:310 - Check plugin ipmanager
2025-08-11 22:31:21,868 [INFO] PluginManage:359 - Loaded plugin ipmanager (category:base,tabindex:5)
2025-08-11 22:31:21,868 [INFO] PluginManage:310 - Check plugin lpbam
2025-08-11 22:31:21,875 [INFO] PluginManage:359 - Loaded plugin lpbam (category:base,tabindex:0)
2025-08-11 22:31:21,875 [INFO] PluginManage:310 - Check plugin memorymap
2025-08-11 22:31:21,883 [INFO] PluginManage:359 - Loaded plugin memorymap (category:base,tabindex:4)
2025-08-11 22:31:21,883 [INFO] PluginManage:310 - Check plugin pinoutandconfiguration
2025-08-11 22:31:21,888 [INFO] PluginManage:359 - Loaded plugin pinoutandconfiguration (category:base,tabindex:1)
2025-08-11 22:31:21,888 [INFO] PluginManage:310 - Check plugin pinoutconfig
2025-08-11 22:31:21,951 [WARN] SupportedApi:132 - Cannot load RTOS API schema: s4s-elt-must-match.1: The content of 'definitions' must match (annotation?, (simpleType | complexType)?, (unique | key | keyref)*)). A problem was found starting at: attribute.
2025-08-11 22:31:22,060 [INFO] PluginManage:359 - Loaded plugin pinoutconfig (category:base,tabindex:0)
2025-08-11 22:31:22,060 [INFO] PluginManage:310 - Check plugin power
2025-08-11 22:31:22,067 [INFO] PluginManage:359 - Loaded plugin power (category:power,tabindex:4)
2025-08-11 22:31:22,068 [INFO] PluginManage:310 - Check plugin projectmanager
2025-08-11 22:31:22,083 [INFO] PluginManage:359 - Loaded plugin projectmanager (category:projectmanager,tabindex:4)
2025-08-11 22:31:22,083 [INFO] PluginManage:310 - Check plugin rif
2025-08-11 22:31:22,092 [INFO] PluginManage:359 - Loaded plugin rif (category:base,tabindex:3)
2025-08-11 22:31:22,092 [INFO] PluginManage:310 - Check plugin thirdparty
2025-08-11 22:31:22,204 [WARN] IntegrityCheckThread:84 - waiting for thirdparty lock release [integrity check]
2025-08-11 22:31:22,205 [INFO] PluginManage:359 - Loaded plugin thirdparty (category:base,tabindex:-1)
2025-08-11 22:31:22,205 [INFO] IntegrityCheckThread:86 - entering critical section [integrity check]
2025-08-11 22:31:22,205 [INFO] PluginManage:310 - Check plugin tools
2025-08-11 22:31:22,205 [INFO] ThirdPartyUpdaterWithRetryManager:70 - Updater plugin not ready yet. [1/15]
2025-08-11 22:31:22,208 [INFO] PluginManage:359 - Loaded plugin tools (category:base,tabindex:7)
2025-08-11 22:31:22,208 [INFO] PluginManage:310 - Check plugin tutovideos
2025-08-11 22:31:22,376 [INFO] PluginManage:359 - Loaded plugin tutovideos (category:base,tabindex:-1)
2025-08-11 22:31:22,376 [INFO] PluginManage:310 - Check plugin updater
2025-08-11 22:31:22,394 [INFO] PluginManage:359 - Loaded plugin updater (category:base,tabindex:12)
2025-08-11 22:31:22,394 [INFO] PluginManage:310 - Check plugin userauth
2025-08-11 22:31:22,396 [INFO] UserAuth:118 - Init User Auth plugin
2025-08-11 22:31:22,397 [INFO] PluginManage:359 - Loaded plugin userauth (category:base,tabindex:14)
2025-08-11 22:31:22,398 [INFO] PluginManage:283 - PluginManage : Loaded plugins [18]
2025-08-11 22:31:22,578 [INFO] PinOutPanel:1589 - setPackage(No Configuration,No Configuration)
2025-08-11 22:31:22,639 [INFO] CADModel:165 - CPN selected for project level
2025-08-11 22:31:22,639 [INFO] CADModel:114 - Register for checkConnection events
2025-08-11 22:31:22,655 [INFO] IPUIPlugin:80 - create IPUIPlugin
2025-08-11 22:31:22,655 [INFO] PluginManager:220 - loadIPPluginJar : add adc
2025-08-11 22:31:22,658 [INFO] IPUIPlugin:80 - create IPUIPlugin
2025-08-11 22:31:22,658 [INFO] PluginManager:220 - loadIPPluginJar : add aes
2025-08-11 22:31:22,662 [INFO] IPUIPlugin:80 - create IPUIPlugin
2025-08-11 22:31:22,662 [INFO] PluginManager:220 - loadIPPluginJar : add can
2025-08-11 22:31:22,666 [INFO] IPUIPlugin:80 - create IPUIPlugin
2025-08-11 22:31:22,667 [INFO] PluginManager:220 - loadIPPluginJar : add comp
2025-08-11 22:31:22,673 [INFO] IPUIPlugin:80 - create IPUIPlugin
2025-08-11 22:31:22,673 [INFO] PluginManager:220 - loadIPPluginJar : add cryp
2025-08-11 22:31:22,682 [INFO] IPUIPlugin:80 - create IPUIPlugin
2025-08-11 22:31:22,682 [INFO] PluginManager:220 - loadIPPluginJar : add ddr_ctrl_phy
2025-08-11 22:31:22,685 [INFO] IPUIPlugin:80 - create IPUIPlugin
2025-08-11 22:31:22,685 [INFO] PluginManager:220 - loadIPPluginJar : add dfsdm
2025-08-11 22:31:22,692 [INFO] IPUIPlugin:80 - create IPUIPlugin
2025-08-11 22:31:22,693 [INFO] PluginManager:220 - loadIPPluginJar : add dma
2025-08-11 22:31:22,696 [INFO] IPUIPlugin:80 - create IPUIPlugin
2025-08-11 22:31:22,696 [INFO] PluginManager:220 - loadIPPluginJar : add dma3
2025-08-11 22:31:22,700 [INFO] IPUIPlugin:80 - create IPUIPlugin
2025-08-11 22:31:22,700 [INFO] PluginManager:220 - loadIPPluginJar : add extmemmanager
2025-08-11 22:31:22,702 [INFO] IPUIPlugin:80 - create IPUIPlugin
2025-08-11 22:31:22,704 [INFO] PluginManager:220 - loadIPPluginJar : add fatfs
2025-08-11 22:31:22,711 [INFO] IPUIPlugin:80 - create IPUIPlugin
2025-08-11 22:31:22,711 [INFO] PluginManager:220 - loadIPPluginJar : add fmc
2025-08-11 22:31:22,719 [INFO] IPUIPlugin:80 - create IPUIPlugin
2025-08-11 22:31:22,719 [INFO] PluginManager:220 - loadIPPluginJar : add freertos
2025-08-11 22:31:22,722 [INFO] IPUIPlugin:80 - create IPUIPlugin
2025-08-11 22:31:22,722 [INFO] PluginManager:220 - loadIPPluginJar : add genericplugin
2025-08-11 22:31:22,724 [INFO] IPUIPlugin:80 - create IPUIPlugin
2025-08-11 22:31:22,724 [INFO] PluginManager:220 - loadIPPluginJar : add gfxmmu
2025-08-11 22:31:22,729 [INFO] IPUIPlugin:80 - create IPUIPlugin
2025-08-11 22:31:22,729 [INFO] PluginManager:220 - loadIPPluginJar : add gic
2025-08-11 22:31:22,733 [INFO] IPUIPlugin:80 - create IPUIPlugin
2025-08-11 22:31:22,733 [INFO] PluginManager:220 - loadIPPluginJar : add gpio
2025-08-11 22:31:22,735 [INFO] IPUIPlugin:80 - create IPUIPlugin
2025-08-11 22:31:22,736 [INFO] PluginManager:220 - loadIPPluginJar : add gtzc
2025-08-11 22:31:22,739 [INFO] IPUIPlugin:80 - create IPUIPlugin
2025-08-11 22:31:22,739 [INFO] PluginManager:220 - loadIPPluginJar : add hash
2025-08-11 22:31:22,741 [INFO] IPUIPlugin:80 - create IPUIPlugin
2025-08-11 22:31:22,741 [INFO] PluginManager:220 - loadIPPluginJar : add i2c
2025-08-11 22:31:22,743 [INFO] IPUIPlugin:80 - create IPUIPlugin
2025-08-11 22:31:22,743 [INFO] PluginManager:220 - loadIPPluginJar : add i2s
2025-08-11 22:31:22,747 [INFO] IPUIPlugin:80 - create IPUIPlugin
2025-08-11 22:31:22,747 [INFO] PluginManager:220 - loadIPPluginJar : add i3c
2025-08-11 22:31:22,749 [INFO] IPUIPlugin:80 - create IPUIPlugin
2025-08-11 22:31:22,749 [INFO] PluginManager:220 - loadIPPluginJar : add ipddr
2025-08-11 22:31:22,756 [INFO] IPUIPlugin:80 - create IPUIPlugin
2025-08-11 22:31:22,756 [INFO] PluginManager:220 - loadIPPluginJar : add linkedlist
2025-08-11 22:31:22,761 [INFO] IPUIPlugin:80 - create IPUIPlugin
2025-08-11 22:31:22,761 [INFO] PluginManager:220 - loadIPPluginJar : add lorawan
2025-08-11 22:31:22,762 [INFO] IPUIPlugin:80 - create IPUIPlugin
2025-08-11 22:31:22,762 [INFO] PluginManager:220 - loadIPPluginJar : add ltdc
2025-08-11 22:31:22,767 [INFO] IPUIPlugin:80 - create IPUIPlugin
2025-08-11 22:31:22,767 [INFO] PluginManager:220 - loadIPPluginJar : add mdma
2025-08-11 22:31:22,770 [INFO] IPUIPlugin:80 - create IPUIPlugin
2025-08-11 22:31:22,770 [INFO] PluginManager:220 - loadIPPluginJar : add nvic
2025-08-11 22:31:22,774 [INFO] IPUIPlugin:80 - create IPUIPlugin
2025-08-11 22:31:22,774 [INFO] PluginManager:220 - loadIPPluginJar : add opamp
2025-08-11 22:31:22,776 [INFO] IPUIPlugin:80 - create IPUIPlugin
2025-08-11 22:31:22,777 [INFO] PluginManager:220 - loadIPPluginJar : add openamp
2025-08-11 22:31:22,779 [INFO] IPUIPlugin:80 - create IPUIPlugin
2025-08-11 22:31:22,779 [INFO] PluginManager:220 - loadIPPluginJar : add pdm2pcm
2025-08-11 22:31:22,784 [INFO] IPUIPlugin:80 - create IPUIPlugin
2025-08-11 22:31:22,786 [INFO] PluginManager:220 - loadIPPluginJar : add plateformsettings
2025-08-11 22:31:22,788 [INFO] IPUIPlugin:80 - create IPUIPlugin
2025-08-11 22:31:22,789 [INFO] PluginManager:220 - loadIPPluginJar : add quadspi
2025-08-11 22:31:22,790 [INFO] IPUIPlugin:80 - create IPUIPlugin
2025-08-11 22:31:22,792 [INFO] PluginManager:220 - loadIPPluginJar : add radio
2025-08-11 22:31:22,794 [INFO] IPUIPlugin:80 - create IPUIPlugin
2025-08-11 22:31:22,794 [INFO] PluginManager:220 - loadIPPluginJar : add resmgrutility
2025-08-11 22:31:22,797 [INFO] IPUIPlugin:80 - create IPUIPlugin
2025-08-11 22:31:22,797 [INFO] PluginManager:220 - loadIPPluginJar : add sai
2025-08-11 22:31:22,799 [INFO] IPUIPlugin:80 - create IPUIPlugin
2025-08-11 22:31:22,799 [INFO] PluginManager:220 - loadIPPluginJar : add spi
2025-08-11 22:31:22,806 [INFO] IPUIPlugin:80 - create IPUIPlugin
2025-08-11 22:31:22,806 [INFO] PluginManager:220 - loadIPPluginJar : add stm32_wpan
2025-08-11 22:31:22,807 [INFO] IPUIPlugin:80 - create IPUIPlugin
2025-08-11 22:31:22,807 [INFO] PluginManager:220 - loadIPPluginJar : add tim
2025-08-11 22:31:22,810 [INFO] IPUIPlugin:80 - create IPUIPlugin
2025-08-11 22:31:22,810 [INFO] PluginManager:220 - loadIPPluginJar : add touchsensing
2025-08-11 22:31:22,812 [INFO] IPUIPlugin:80 - create IPUIPlugin
2025-08-11 22:31:22,812 [INFO] PluginManager:220 - loadIPPluginJar : add tracer_emb
2025-08-11 22:31:22,814 [INFO] IPUIPlugin:80 - create IPUIPlugin
2025-08-11 22:31:22,814 [INFO] PluginManager:220 - loadIPPluginJar : add ts
2025-08-11 22:31:22,815 [INFO] IPUIPlugin:80 - create IPUIPlugin
2025-08-11 22:31:22,815 [INFO] PluginManager:220 - loadIPPluginJar : add tsc
2025-08-11 22:31:22,816 [INFO] IPUIPlugin:80 - create IPUIPlugin
2025-08-11 22:31:22,816 [INFO] PluginManager:220 - loadIPPluginJar : add ucpd
2025-08-11 22:31:22,818 [INFO] IPUIPlugin:80 - create IPUIPlugin
2025-08-11 22:31:22,818 [INFO] PluginManager:220 - loadIPPluginJar : add usart
2025-08-11 22:31:22,821 [INFO] IPUIPlugin:80 - create IPUIPlugin
2025-08-11 22:31:22,821 [INFO] PluginManager:220 - loadIPPluginJar : add usbx
2025-08-11 22:31:22,935 [FATAL] Updater:351 - Updater called before beeing initialized
2025-08-11 22:31:22,961 [INFO] RulesReader:64 - Compatibility file has been processed (317 Rules)
2025-08-11 22:31:22,972 [INFO] RulesReader:64 - Compatibility file has been processed (317 Rules)
2025-08-11 22:31:22,979 [INFO] CADModel:165 - CPN selected for project level
2025-08-11 22:31:22,979 [INFO] CADModel:114 - Register for checkConnection events
2025-08-11 22:31:22,979 [FATAL] Updater:351 - Updater called before beeing initialized
2025-08-11 22:31:22,980 [ERROR] CADModel:125 - Updater not yet initialized, retry later 
2025-08-11 22:31:23,099 [FATAL] Updater:351 - Updater called before beeing initialized
2025-08-11 22:31:23,100 [INFO] CADModel:165 - CPN selected for project level
2025-08-11 22:31:23,100 [INFO] CADModel:114 - Register for checkConnection events
2025-08-11 22:31:23,100 [FATAL] Updater:351 - Updater called before beeing initialized
2025-08-11 22:31:23,101 [ERROR] CADModel:125 - Updater not yet initialized, retry later 
2025-08-11 22:31:23,103 [FATAL] Updater:351 - Updater called before beeing initialized
2025-08-11 22:31:23,187 [FATAL] Updater:351 - Updater called before beeing initialized
2025-08-11 22:31:23,190 [INFO] DbMcusAds:53 - JSON generation date=Tue Jul 08 13:44:23 IST 2025 (1751962463582)
2025-08-11 22:31:23,190 [FATAL] Updater:351 - Updater called before beeing initialized
2025-08-11 22:31:23,219 [WARN] DetailPanel:346 - Failed to get advertising image, set to default
2025-08-11 22:31:23,286 [FATAL] Updater:351 - Updater called before beeing initialized
2025-08-11 22:31:23,288 [FATAL] Updater:351 - Updater called before beeing initialized
2025-08-11 22:31:23,288 [FATAL] Updater:351 - Updater called before beeing initialized
2025-08-11 22:31:23,288 [WARN] DetailPanel:346 - Failed to get advertising image, set to default
2025-08-11 22:31:23,288 [FATAL] Updater:351 - Updater called before beeing initialized
2025-08-11 22:31:23,322 [ERROR] Updater:1198 - MainUpdater not yet initialized. External WinMGr cannot be set.
2025-08-11 22:31:23,323 [INFO] Updater:1134 - Updater Version found : 6.15.0
2025-08-11 22:31:23,335 [INFO] ApplicationProperties:184 - Using Application install path: C:\ST\STM32CubeIDE_1.19.0\STM32CubeIDE\plugins\com.st.stm32cube.common.mx_6.15.0.202507011659
2025-08-11 22:31:24,900 [ERROR] LogOutputStream:75 - [STDERR_REDIRECT] Aug 11, 2025 10:31:24 PM java.util.prefs.WindowsPreferences <init>
2025-08-11 22:31:24,902 [ERROR] LogOutputStream:75 - [STDERR_REDIRECT] WARNING: Could not open/create prefs root node Software\JavaSoft\Prefs at root 0xffffffff80000002. Windows RegCreateKeyEx(...) returned error code 5.
2025-08-11 22:31:24,902 [ERROR] LogOutputStream:75 - [STDERR_REDIRECT] 
2025-08-11 22:31:25,207 [INFO] ThirdPartyUpdaterWithRetryManager:70 - Updater plugin not ready yet. [2/15]
2025-08-11 22:31:25,296 [INFO] MainUpdater:2872 - connection check result : 10
2025-08-11 22:31:25,297 [INFO] MainUpdater:289 - Updater Check For Update Now.
2025-08-11 22:31:25,297 [INFO] MicroXplorer:498 - Change Database Version : DB.6.0.150
2025-08-11 22:31:25,305 [INFO] McuFinderGlobals:63 - Set McuFinder mode to 2 (CubeIDE integrated)
2025-08-11 22:31:25,306 [INFO] UserAuth:171 - activating auth plugin
2025-08-11 22:31:25,309 [INFO] UserAuth:487 - Internet connection configuration mode: 1
2025-08-11 22:31:25,343 [INFO] JxBrowserEngine:152 - Initiate JxBrowser Engine with user profile folder
2025-08-11 22:31:25,481 [INFO] CheckServerUpdateThread:120 - End of CheckServer Thread
2025-08-11 22:31:25,867 [INFO] WebApp:169 - Instantiating new browser for Auth
2025-08-11 22:31:26,471 [INFO] WebApp:463 - Apply proxy settings
2025-08-11 22:31:26,472 [INFO] WebApp:548 - Chromium requires no authentication
2025-08-11 22:31:26,477 [INFO] WebApp:491 - Direct internet connection detected
2025-08-11 22:31:26,503 [INFO] WebApp:900 - Register for checkConnection events
2025-08-11 22:31:26,503 [INFO] WebApp:463 - Apply proxy settings
2025-08-11 22:31:26,504 [INFO] WebApp:548 - Chromium requires no authentication
2025-08-11 22:31:26,504 [INFO] WebApp:491 - Direct internet connection detected
2025-08-11 22:31:26,655 [INFO] WebApp:225 - Starting web application
2025-08-11 22:31:26,655 [INFO] WebApp:593 - Web application path used C:\ST\STM32CubeIDE_1.19.0\STM32CubeIDE\plugins\com.st.stm32cube.common.mx_6.15.0.202507011659\db\plugins\mcufinder\reactClient1\index.html
2025-08-11 22:31:26,994 [INFO] WebApp:191 - Connection restablished
2025-08-11 22:31:27,072 [ERROR] LogOutputStream:75 - [STDERR_REDIRECT] [Fatal Error] :1:1: Premature end of file.
2025-08-11 22:31:27,072 [ERROR] LogOutputStream:75 - [STDERR_REDIRECT] 
2025-08-11 22:31:27,838 [ERROR] LogOutputStream:75 - [STDERR_REDIRECT] [Fatal Error] :1:1: Premature end of file.
2025-08-11 22:31:27,839 [ERROR] LogOutputStream:75 - [STDERR_REDIRECT] 
2025-08-11 22:31:27,887 [ERROR] LogOutputStream:75 - [STDERR_REDIRECT] 
2025-08-11 22:31:27,888 [ERROR] LogOutputStream:75 - [STDERR_REDIRECT] 
