11:46:30 **** Incremental Build of configuration Debug for project operation_modes ****
make -j8 all 
arm-none-eabi-gcc "../Src/main.c" -mcpu=cortex-m4 -std=gnu11 -g3 -DDEBUG -DSTM32 -DSTM32F407G_DISC1 -DSTM32F4 -DSTM32F407VGTx -c -I../Inc -O0 -ffunction-sections -fdata-sections -Wall -fstack-usage -fcyclomatic-complexity -MMD -MP -MF"Src/main.d" -MT"Src/main.o" --specs=nano.specs -mfloat-abi=soft -mthumb -o "Src/main.o"
arm-none-eabi-gcc -o "operation_modes.elf" @"objects.list"   -mcpu=cortex-m4 -T"C:\Users\harri\OneDrive\Documents\Embedded-C\Cortex-m_series_processor\operation_modes\STM32F407VGTX_FLASH.ld" --specs=nosys.specs -Wl,-Map="operation_modes.map" -Wl,--gc-sections -static --specs=nano.specs -mfloat-abi=soft -mthumb -Wl,--start-group -lc -lm -Wl,--end-group
Finished building target: operation_modes.elf
 
arm-none-eabi-size  operation_modes.elf 
arm-none-eabi-objdump -h -S operation_modes.elf  > "operation_modes.list"
   text	   data	    bss	    dec	    hex	filename
   3548	     92	   1900	   5540	   15a4	operation_modes.elf
Finished building: default.size.stdout
 
Finished building: operation_modes.list
 
11:47:29 **** Incremental Build of configuration Debug for project operation_modes ****
make -j8 all 
arm-none-eabi-size  operation_modes.elf 
   text	   data	    bss	    dec	    hex	filename
   3548	     92	   1900	   5540	   15a4	operation_modes.elf
Finished building: default.size.stdout
 
12:02:44 **** Incremental Build of configuration Debug for project operation_modes ****
make -j8 all 
arm-none-eabi-size  operation_modes.elf 
   text	   data	    bss	    dec	    hex	filename
   3548	     92	   1900	   5540	   15a4	operation_modes.elf
Finished building: default.size.stdout
 
