14:36:50 **** Incremental Build of configuration Debug for project inline_1 ****
make -j8 all 
arm-none-eabi-gcc "../Src/main.c" -mcpu=cortex-m4 -std=gnu11 -g3 -DDEBUG -DSTM32 -DSTM32F407G_DISC1 -DSTM32F4 -DSTM32F407VGTx -c -I../Inc -O0 -ffunction-sections -fdata-sections -Wall -fstack-usage -fcyclomatic-complexity -MMD -MP -MF"Src/main.d" -MT"Src/main.o" --specs=nano.specs -mfpu=fpv4-sp-d16 -mfloat-abi=hard -mthumb -o "Src/main.o"
../Src/main.c:22:4: warning: #warning "FPU is not initialized, but the project is compiling for an FPU. Please initialize the FPU before use." [-Wcpp]
   22 |   #warning "FPU is not initialized, but the project is compiling for an FPU. Please initialize the FPU before use."
      |    ^~~~~~~
arm-none-eabi-gcc -o "inline_1.elf" @"objects.list"   -mcpu=cortex-m4 -T"C:\Users\harri\OneDrive\Documents\Embedded-C\Cortex-m_series_processor\inline_1\STM32F407VGTX_FLASH.ld" --specs=nosys.specs -Wl,-Map="inline_1.map" -Wl,--gc-sections -static --specs=nano.specs -mfpu=fpv4-sp-d16 -mfloat-abi=hard -mthumb -Wl,--start-group -lc -lm -Wl,--end-group
Finished building target: inline_1.elf
 
arm-none-eabi-size  inline_1.elf 
arm-none-eabi-objdump -h -S inline_1.elf  > "inline_1.list"
   text	   data	    bss	    dec	    hex	filename
    704	      0	   1568	   2272	    8e0	inline_1.elf
Finished building: default.size.stdout
 
Finished building: inline_1.list
 

14:36:51 Build Finished. 0 errors, 1 warnings. (took 571ms)

