20:34:57 **** Incremental Build of configuration Debug for project stack ****
make -j8 all 
arm-none-eabi-gcc "../Src/main.c" -mcpu=cortex-m4 -std=gnu11 -g3 -DDEBUG -DSTM32 -DSTM32F407G_DISC1 -DSTM32F4 -DSTM32F407VGTx -c -I../Inc -O0 -ffunction-sections -fdata-sections -Wall -fstack-usage -fcyclomatic-complexity -MMD -MP -MF"Src/main.d" -MT"Src/main.o" --specs=nano.specs -mfloat-abi=soft -mthumb -o "Src/main.o"
arm-none-eabi-gcc -o "stack.elf" @"objects.list"   -mcpu=cortex-m4 -T"C:\Users\harri\OneDrive\Documents\Embedded-C\Cortex-m_series_processor\stack\STM32F407VGTX_FLASH.ld" --specs=nosys.specs -Wl,-Map="stack.map" -Wl,--gc-sections -static --specs=nano.specs -mfloat-abi=soft -mthumb -Wl,--start-group -lc -lm -Wl,--end-group
Finished building target: stack.elf
 
arm-none-eabi-size  stack.elf 
arm-none-eabi-objdump -h -S stack.elf  > "stack.list"
   text	   data	    bss	    dec	    hex	filename
   5008	     92	   1900	   7000	   1b58	stack.elf
Finished building: default.size.stdout
 
Finished building: stack.list
 

20:34:58 Build Finished. 0 errors, 0 warnings. (took 722ms)

