20:05:03 **** Incremental Build of configuration Debug for project STM_BluePill ****
make -j8 all 
arm-none-eabi-gcc "../Core/Src/main.c" -mcpu=cortex-m3 -std=gnu11 -g3 -DDEBUG -DUSE_HAL_DRIVER -DSTM32F103xB -c -I../Core/Inc -I../Drivers/STM32F1xx_HAL_Driver/Inc/Legacy -I../Drivers/STM32F1xx_HAL_Driver/Inc -I../Drivers/CMSIS/Device/ST/STM32F1xx/Include -I../Drivers/CMSIS/Include -O0 -ffunction-sections -fdata-sections -Wall -fstack-usage -fcyclomatic-complexity -MMD -MP -MF"Core/Src/main.d" -MT"Core/Src/main.o" --specs=nano.specs -mfloat-abi=soft -mthumb -o "Core/Src/main.o"
arm-none-eabi-gcc -o "STM_BluePill.elf" @"objects.list"   -mcpu=cortex-m3 -T"C:\Users\harri\OneDrive\Documents\Embedded-C\MCU2\STM_BluePill\STM32F103C8TX_FLASH.ld" --specs=nosys.specs -Wl,-Map="STM_BluePill.map" -Wl,--gc-sections -static --specs=nano.specs -mfloat-abi=soft -mthumb -Wl,--start-group -lc -lm -Wl,--end-group
Finished building target: STM_BluePill.elf
 
arm-none-eabi-size  STM_BluePill.elf 
arm-none-eabi-objdump -h -S STM_BluePill.elf  > "STM_BluePill.list"
   text	   data	    bss	    dec	    hex	filename
   4536	     12	   1572	   6120	   17e8	STM_BluePill.elf
Finished building: default.size.stdout
 
Finished building: STM_BluePill.list
 

20:05:03 Build Finished. 0 errors, 0 warnings. (took 645ms)

