19:30:59 **** Incremental Build of configuration Debug for project USART2_Example ****
make -j8 all 
arm-none-eabi-gcc "../Core/Src/main.c" -mcpu=cortex-m4 -std=gnu11 -g3 -DDEBUG -DUSE_HAL_DRIVER -DSTM32F407xx -c -I../Core/Inc -I../Drivers/STM32F4xx_HAL_Driver/Inc -I../Drivers/STM32F4xx_HAL_Driver/Inc/Legacy -I../Drivers/CMSIS/Device/ST/STM32F4xx/Include -I../Drivers/CMSIS/Include -O0 -ffunction-sections -fdata-sections -Wall -fstack-usage -fcyclomatic-complexity -MMD -MP -MF"Core/Src/main.d" -MT"Core/Src/main.o" --specs=nano.specs -mfpu=fpv4-sp-d16 -mfloat-abi=hard -mthumb -o "Core/Src/main.o"
arm-none-eabi-gcc -o "USART2_Example.elf" @"objects.list"   -mcpu=cortex-m4 -T"C:\Users\harri\OneDrive\Documents\Embedded-C\MCU2\USART2_Example\STM32F407VGTX_FLASH.ld" --specs=nosys.specs -Wl,-Map="USART2_Example.map" -Wl,--gc-sections -static --specs=nano.specs -mfpu=fpv4-sp-d16 -mfloat-abi=hard -mthumb -Wl,--start-group -lc -lm -Wl,--end-group
Finished building target: USART2_Example.elf
 
arm-none-eabi-size  USART2_Example.elf 
arm-none-eabi-objdump -h -S USART2_Example.elf  > "USART2_Example.list"
   text	   data	    bss	    dec	    hex	filename
   6192	     16	   1640	   7848	   1ea8	USART2_Example.elf
Finished building: default.size.stdout
 
Finished building: USART2_Example.list
 

19:31:00 Build Finished. 0 errors, 0 warnings. (took 798ms)

